10-04 16:55:33.829  1073  1073 I Layer   : id=5559 removeFromCurrentState Surface(name=Task=148)/@0xda8b426_transition-leash#5559 (125)
10-04 16:55:33.829  1073  1073 I Layer   : id=125 addToCurrentState Task=7#125 (125)
10-04 16:55:33.829  1073  1073 I Layer   : id=126 addToCurrentState ActivityRecord{38c4e65 u0 com.sec.android.app.launcher/com.android.quickstep.RecentsActivity t7}#126 (125)
10-04 16:55:33.829  1073  1073 I Layer   : id=439 addToCurrentState bc64b5c ActivityRecordInputSink com.sec.android.app.launcher/com.android.quickstep.RecentsActivity#439 (125)
10-04 16:55:33.829  1073  1073 I Layer   : id=135 addToCurrentState e458a32 com.sec.android.app.launcher/com.android.quickstep.RecentsActivity#135 (125)
10-04 16:55:33.829  1073  1073 I Layer   : id=5560 addToCurrentState com.sec.android.app.launcher/com.android.quickstep.RecentsActivity$_2453#5560 (125)
10-04 16:55:33.829  1073  1073 I Layer   : Layer [TransientLaunchOverlayToken{fb49392 token=android.os.BinderProxy@2aee51d}#127] hidden!! flag(1)
10-04 16:55:33.829  1073  1073 I Layer   : id=127 addToCurrentState TransientLaunchOverlayToken{fb49392 token=android.os.BinderProxy@2aee51d}#127 (125)
10-04 16:55:33.829  1073  1073 I Layer   : id=128 addToCurrentState 9c58163 RecentsTransitionOverlay#128 (125)
10-04 16:55:33.829  1073  1073 I Layer   : id=132 addToCurrentState RecentsTransitionOverlay$_2453#132 (125)
10-04 16:55:33.829  1073  1073 I Layer   : id=5556 removeFromCurrentState Transition Root: Task=7#5556 (125)
10-04 16:55:33.829  1073  1073 I Layer   : id=5558 removeFromCurrentState Surface(name=Task=7)/@0xdb9b81_transition-leash#5558 (125)
10-04 16:55:33.829  1073  1073 I Layer   : id=5557 removeFromCurrentState Surface(name=TransientLaunchOverlayToken{fb49392 token=android.os.BinderProxy@2aee51d})/@0x9146b68_transition-leash#5557 (125)
10-04 16:55:33.829  1073  1073 I Layer   : id=5559 removeFromCurrentState Surface(name=Task=148)/@0xda8b426_transition-leash#5559 (125)
10-04 16:55:33.829  1073  1073 I SurfaceFlinger: id=5556 Removed Transition Root: Task=7#5556 (125)
10-04 16:55:33.830  1427  4443 D InputDispatcher: Focus left window (0): recents_animation_input_consumer
10-04 16:55:33.830  1427  1582 D FreeformController: beginPostLayoutPolicyLw: forceHideRequester changed, old=Window{9c58163 u0 RecentsTransitionOverlay}, new=Window{e458a32 u0 com.sec.android.app.launcher/com.android.quickstep.RecentsActivity}
10-04 16:55:33.831  1427  1582 D FreeformController: setBlockToAddForceHideFreeformTasks: blockToAddForceHide=false, Caller=com.android.server.wm.FreeformController.beginPostLayoutPolicyLw:839
10-04 16:55:33.831  1427  1582 D WindowManager: updateSystemBarAttributes: displayId=0, win=Window{e458a32 u0 com.sec.android.app.launcher/com.android.quickstep.RecentsActivity}, navColorWin=Window{e458a32 u0 com.sec.android.app.launcher/com.android.quickstep.RecentsActivity}, focusedCanBeNavColorWin=false, behavior=1, appearance=0, statusBarAppearanceRegions=[AppearanceRegion{ bounds=[0,0][1080,2400]}], requestedVisibilities=-9, from=com.android.server.wm.DisplayPolicy.finishPostLayoutPolicyLw:2320 com.android.server.wm.DisplayContent.applySurfaceChangesTransaction:6130 com.android.server.wm.RootWindowContainer.applySurfaceChangesTransaction:1180 
10-04 16:55:33.831  1427  1582 D FreeformController: setBlockToAddForceHideFreeformTasks: blockToAddForceHide=true, Caller=com.android.server.wm.FreeformController.finishPostLayoutPolicyLw:894
10-04 16:55:33.832 16972 16972 I ViewRootImpl@56e8b21[MainActivity]: destroyHardwareResources: Callers=android.view.ViewRootImpl.performTraversals:3932 android.view.ViewRootImpl.doTraversal:3288 android.view.ViewRootImpl$TraversalRunnable.run:11344 android.view.Choreographer$CallbackRecord.run:1689 android.view.Choreographer$CallbackRecord.run:1698 android.view.Choreographer.doCallbacks:1153 android.view.Choreographer.doFrame:1079 android.view.Choreographer$FrameDisplayEventReceiver.run:1646 android.os.Handler.handleCallback:958 android.os.Handler.dispatchMessage:99 
10-04 16:55:33.833  1073  1073 D SurfaceFlinger: Display 4633128672291735937 HWC layers:
10-04 16:55:33.833  1073  1073 D SurfaceFlinger:      CLIENT | 0xb400007784fa1a50 | 0100 | RGBA_8888    |  678.0   40.0 1722.0 2360.0 |    0    0 1080 2400 | Wallpaper BBQ wrapper 5_system#85
10-04 16:55:33.833  1073  1073 D SurfaceFlinger:      CLIENT | 0xb400007784faefd0 | 0100 | RGBA_8888    |    0.0    0.0 1080.0 2400.0 |    0    0 1080 2400 | com.sec.android.app.launcher/com.and[...]ntsActivity$_2453#5560 (blurRegions)
10-04 16:55:33.833  1073  1073 D SurfaceFlinger:      DEVICE | 0xb400007784fa6210 | 0100 | RGBA_8888    |    0.0    0.0 1080.0   80.0 |    0    0 1080   80 | StatusBar$_2042#89
10-04 16:55:33.833  1073  1073 D SurfaceFlinger:      DEVICE | 0xb400007784fe2110 | 0100 | RGBA_8888    |    0.0    0.0   67.0  342.0 | 1013  623 1080  965 | com.sec.android.app.launcher/com.sam[...]e.edge.CocktailBarService$_2453#2631
10-04 16:55:33.833  1073  1073 D SurfaceFlinger:      DEVICE | 0xb400007784f9db50 | 0100 | RGBA_8888    |    0.0    0.0 1080.0  144.0 |    0 2256 1080 2400 | NavigationBar0$_2042#82
10-04 16:55:33.833  1073  1073 D SurfaceFlinger:      DEVICE | 0xb400007784fb6510 | 0140 | RGBA_8888    |    0.0    0.0 1080.0   80.0 |    0    0 1080   80 | ScreenDecorOverlay$_2042#99
10-04 16:55:33.833  1073  1073 D SurfaceFlinger:      DEVICE | 0xb400007784fd5ed0 | 0140 | RGBA_8888    |    0.0    0
10-04 16:55:33.833  1073  1073 D SurfaceFlinger: .0 1080.0   80.0 |    0 2320 1080 2400 | ScreenDecorOverlayBottom$_2042#100
10-04 16:55:33.833  1073  1073 D SurfaceFlinger: 
10-04 16:55:33.834  2042  2042 D SamsungStatusBarGrayIconHelper: isGrayAppearance=false
10-04 16:55:33.834  2042  2042 D NavigationBar: onSystemBarAttributesChanged() -  displayId:0, appearance:0, packageName: com.sec.android.app.launcher, navbarColorManagedByIme:false
10-04 16:55:33.835  2042  2042 D SamsungLightBarControlHelper: updateNavigationBar (WHITE button) isLightOpaque:false, hasLightNavigationBarFlag:false, packageName:com.sec.android.app.launcher, DirectReplying:false, NavBarColorMangedByIme:false, ForceDarkForScrim:false, QsCustomizing:false, PanelHasWhiteBg:true
10-04 16:55:33.835 16972 17010 D OpenGLRenderer: CacheManager::trimMemory(20)
10-04 16:55:33.837  1073  1073 I Layer   : Layer [RecentsTransitionOverlay$_2453#132] hidden!! flag(1)
10-04 16:55:33.837  1073  1073 I Layer   : Layer [com.companyname.mauiappwindowtest/crc6457a4a0fbbd3bbed6.MainActivity$_16972#5551] hidden!! flag(1)
10-04 16:55:33.837  1073  1073 I Layer   : Layer [Input Consumer recents_animation_input_consumer#124] hidden!! flag(1)
10-04 16:55:33.837  1073  1073 I Layer   : Layer [ActivityRecord{7496249 u0 com.companyname.mauiappwindowtest/crc6457a4a0fbbd3bbed6.MainActivity t148}#5543] hidden!! flag(1)
10-04 16:55:33.837  1073  1073 I Layer   : id=5556 Destroyed Transition Root: Task=7#5556
10-04 16:55:33.837  1073  1073 I Layer   : id=5558 Destroyed Surface(name=Task=7)/@0xdb9b81_transition-leash#5558
10-04 16:55:33.837  1073  1073 I Layer   : id=5557 Destroyed Surface(name=TransientLaunchOverlayToken{fb49392 token=android.os.BinderProxy@2aee51d})/@0x9146b68_transition-leash#5557
10-04 16:55:33.838  1427  1472 D InputDispatcher: Focus entered window (0): e458a32 com.sec.android.app.launcher/com.android.quickstep.RecentsActivity
10-04 16:55:33.839  1073  1370 I SurfaceFlinger: id=5559 Removed Surface(name=Task=148)/@0xda8b426_transition-leash#5559 (122)
10-04 16:55:33.839  2042  2042 D NavigationModeController: getCurrentUserContext: contextUser=0 currentUser=0
10-04 16:55:33.839  1427  7159 V WindowManager: Relayout Window{344fe1b u0 com.companyname.mauiappwindowtest/crc6457a4a0fbbd3bbed6.MainActivity}: viewVisibility=8 req=1080x2400 ty=1 d0
10-04 16:55:33.842  1427  1581 I ActivityManager: Changes in 10384 2 to 15, 63 to 0
10-04 16:55:33.843  2362  2362 D HidDeviceService: handleMessage(): msg.what=8
10-04 16:55:33.845  1427  7972 V WindowManager: Relayout Window{9c58163 u0 RecentsTransitionOverlay}: viewVisibility=0 req=1x1 ty=2632 d0
10-04 16:55:33.845  1073  1073 I Layer   : id=5559 Destroyed Surface(name=Task=148)/@0xda8b426_transition-leash#5559
10-04 16:55:33.847  1427  7159 V WindowManager: Relayout hash=344fe1b, pid=16972, syncId=-1: mAttrs={(0,0)(fillxfill) sim={adjust=pan forwardNavigation} ty=BASE_APPLICATION wanim=0x1030303
10-04 16:55:33.847  1427  7159 V WindowManager:   fl=81810100
10-04 16:55:33.847  1427  7159 V WindowManager:   pfl=12008040
10-04 16:55:33.847  1427  7159 V WindowManager:   apr=LIGHT_NAVIGATION_BARS
10-04 16:55:33.847  1427  7159 V WindowManager:   bhv=DEFAULT
10-04 16:55:33.847  1427  7159 V WindowManager:   fitSides= naviIconColor=0
10-04 16:55:33.847  1427  7159 V WindowManager:   sfl=100000}
10-04 16:55:33.848  1427  7972 V WindowManager: Relayout hash=9c58163, pid=2453, syncId=-1: mAttrs={(0,0)(1x1) gr=BOTTOM CENTER_VERTICAL sim={adjust=pan} layoutInDisplayCutoutMode=always ty=TRANSIENT_LAUNCH_OVERLAY fmt=TRANSLUCENT if=INPUT_FEATURE_NO_INPUT_CHANNEL
10-04 16:55:33.848  1427  7972 V WindowManager:   fl=118
10-04 16:55:33.848  1427  7972 V WindowManager:   pfl=12000000
10-04 16:55:33.848  1427  7972 V WindowManager:   bhv=DEFAULT naviIconColor=0
10-04 16:55:33.848  1427  7972 V WindowManager:   sfl=4020000}
10-04 16:55:33.848  2042  2042 D NavigationModeController: getCurrentUserContext: contextUser=0 currentUser=0
10-04 16:55:33.848  1427  1748 D CompatibilityChangeReporter: Compat change id reported: 265195908; UID 10384; state: ENABLED
10-04 16:55:33.848  1427  1581 V WindowManager: Unknown focus tokens, dropping reportFocusChanged
10-04 16:55:33.849  2453  2453 I BLASTBufferQueue_Java: update, w= 1 h= 1 mName = ViewRootImpl@ec6b24c[RecentsTransitionOverlay] mNativeObject= 0xb4000078cd40ddd0 sc.mNativeObject= 0xb400007a2d4119d0 format= -3 caller= android.view.ViewRootImpl.updateBlastSurfaceIfNeeded:3017 android.view.ViewRootImpl.relayoutWindow:10131 android.view.ViewRootImpl.performTraversals:4110 android.view.ViewRootImpl.doTraversal:3288 android.view.ViewRootImpl$TraversalRunnable.run:11344 android.view.Choreographer$CallbackRecord.run:1689 
10-04 16:55:33.849  2453  2453 I ViewRootImpl@ec6b24c[RecentsTransitionOverlay]: Relayout returned: old=(0,0,1080,2400) new=(539,2399,540,2400) relayoutAsync=false req=(1,1)0 dur=19 res=0x1 s={true 0xb40000781d441ce0} ch=false seqId=0
10-04 16:55:33.849  2453  2453 I ViewRootImpl@ec6b24c[RecentsTransitionOverlay]: Setup new sync=wmsSync-ViewRootImpl@ec6b24c[RecentsTransitionOverlay]#70
10-04 16:55:33.849  2453  2453 I ViewRootImpl@ec6b24c[RecentsTransitionOverlay]: Creating new active sync group ViewRootImpl@ec6b24c[RecentsTransitionOverlay]#71
10-04 16:55:33.850  2453  2453 I ViewRootImpl@ec6b24c[RecentsTransitionOverlay]: registerCallbacksForSync syncBuffer=false
10-04 16:55:33.850  2453  4617 I ViewRootImpl@ec6b24c[RecentsTransitionOverlay]: Received frameDrawingCallback syncResult=0 frameNum=3626.
10-04 16:55:33.850  2453  4617 I ViewRootImpl@ec6b24c[RecentsTransitionOverlay]: mWNT: t=0xb40000786d445d50 mBlastBufferQueue=0xb4000078cd40ddd0 fn= 3626 mRenderHdrSdrRatio=1.0 caller= android.view.ViewRootImpl$8.onFrameDraw:13841 android.view.ThreadedRenderer$1.onFrameDraw:792 <bottom of call stack> 
10-04 16:55:33.850  2453  4617 I ViewRootImpl@ec6b24c[RecentsTransitionOverlay]: Setting up sync and frameCommitCallback
10-04 16:55:33.851 16972 16972 I ViewRootImpl@56e8b21[MainActivity]: Relayout returned: old=(0,0,1080,2400) new=(0,0,1080,2400) relayoutAsync=false req=(1080,2400)8 dur=14 res=0x402 s={false 0x0} ch=true seqId=0
10-04 16:55:33.851  2453  4470 I ViewRootImpl@ec6b24c[RecentsTransitionOverlay]: Received frameCommittedCallback lastAttemptedDrawFrameNum=3626 didProduceBuffer=true
10-04 16:55:33.851  2453  2453 I ViewRootImpl@ec6b24c[RecentsTransitionOverlay]: reportDrawFinished seqId=0
10-04 16:55:33.852  1427  7159 D WindowManager: finishDrawingWindow: Window{9c58163 u0 RecentsTransitionOverlay} mDrawState=HAS_DRAWN seqId=0
10-04 16:55:33.853  2042  2042 D NavigationModeController: getCurrentUserContext: contextUser=0 currentUser=0
10-04 16:55:33.856  2042  2042 D NavigationModeController: getCurrentUserContext: contextUser=0 currentUser=0
10-04 16:55:33.857  2453  2453 I HoneySpace.HoneyScreenManagerImpl: updateBackground, state: com.honeyspace.sdk.RecentScreen$Normal@31c8f3b
10-04 16:55:33.857  2453  2453 I HoneySpace.RecentscreenPot: changeState : com.honeyspace.sdk.RecentScreen$Normal@31c8f3b
10-04 16:55:33.857  2453  2453 I HoneySpace.RecentscreenPot: recent screenAlphaWhileGesture, alpah 1
10-04 16:55:33.857  2453  2453 I HoneySpace.BackgroundManagerImpl: updateProperties[ch=204279839], com.honeyspace.sdk.RecentScreen$Normal@31c8f3b, true
10-04 16:55:33.857  2453  2453 I HoneySpace.BackgroundManagerImpl: updateDimColor[ch=204279839]
10-04 16:55:33.857  2453  2453 I HoneySpace.BackgroundManagerImpl: updated the scrimView's end color : com.honeyspace.sdk.RecentScreen$Normal@31c8f3b
10-04 16:55:33.857  2453  2453 I HoneySpace.BackgroundManagerImpl: updateLastDimAndBlur[ch=204279839]dim[0.0 -> 0.0] ,wBlur[1.0 -> 1.0
10-04 16:55:33.857  2453  2453 I HoneySpace.BackgroundManagerImpl: updateLastState[204279839]: com.honeyspace.sdk.RecentScreen$Normal@31c8f3b -> com.honeyspace.sdk.RecentScreen$Normal@31c8f3b
10-04 16:55:33.857  2453  2453 I HoneySpace.BackgroundManagerImpl: setProgress: com.honeyspace.sdk.RecentScreen$Normal@31c8f3b, p=1.0, ch=204279839, open=true
10-04 16:55:33.857  2453  2453 I HoneySpace.BackgroundManagerImpl: setProgressToScrimView[ch=204279839]: progress = 1.0, dim = 0.0, currentDimAlpha={204279839=0.0, 194873307=0.0}
10-04 16:55:33.857  2453  2453 I HoneySpace.WallpaperBlurView: apply(): radius = 150, maxY = 192.0
10-04 16:55:33.857  2453  2453 I HoneySpace.BackgroundManagerImpl: setProgressToBlurView[ch=204279839, st =  com.honeyspace.sdk.RecentScreen$Normal@31c8f3b, progress = 1.0, wb= 1.0]
10-04 16:55:33.859  2042  2042 D NavigationModeController: getCurrentUserContext: contextUser=0 currentUser=0
10-04 16:55:33.859  2453  2453 I ViewRootImpl@1f7ce54[RecentsActivity]: handleWindowFocusChanged: 1 0 call from android.view.ViewRootImpl.-$$Nest$mhandleWindowFocusChanged:0
10-04 16:55:33.860  2453  2453 I InputMethodManager: startInputInner - IInputMethodManagerGlobalInvoker.startInputOrWindowGainedFocus
10-04 16:55:33.860  1427  7972 D InputMethodManagerService: setWindowStateInner, windowToken=android.os.BinderProxy@de5123d, state=ImeTargetWindowState{ imeToken null imeFocusChanged true hasEditorFocused false requestedImeVisible false imeDisplayId 0 softInputModeState STATE_UNSPECIFIED|ADJUST_RESIZE isStartInputByGainFocus true}
10-04 16:55:33.860  1427  7972 V InputMethodManagerService: Unspecified window will hide input
10-04 16:55:33.860  1427  7972 V InputMethodManagerService: applyImeVisibility state=6
10-04 16:55:33.860  1427  7972 I ImeTracker: com.sec.android.app.launcher:67bb9a09: onRequestHide at ORIGIN_SERVER_HIDE_INPUT reason HIDE_UNSPECIFIED_WINDOW
10-04 16:55:33.860  1427  7972 D InputMethodManagerService: setWindowStateInner, windowToken=android.os.BinderProxy@de5123d, state=ImeTargetWindowState{ imeToken android.os.Binder@16c1ff0 imeFocusChanged true hasEditorFocused false requestedImeVisible false imeDisplayId 0 softInputModeState STATE_UNSPECIFIED|ADJUST_RESIZE isStartInputByGainFocus true}
10-04 16:55:33.860  1427  7972 I ImeTracker: com.sec.android.app.launcher:67bb9a09: onCancelled at PHASE_SERVER_SHOULD_HIDE
10-04 16:55:33.860  1427  7972 V InputMethodManagerService: hideCurrentInputLocked : canceled, shouldHideSoftInput=false, mInputShown=false, mImeWindowVis=0
10-04 16:55:33.861  1427  7972 D InputMethodManagerService: DESKTOP MODE! : 2
10-04 16:55:33.861  1427  7972 D InputMethodManagerService: NOT IN KNOX DESKTOP MODE!
10-04 16:55:33.861  1427  7972 V InputMethodManagerService: getDisplayIdOfInputMethodWindowToBeAdded: displayId=0
10-04 16:55:33.861  2042  2042 I BLASTBufferQueue_Java: update, w= 1080 h= 144 mName = ViewRootImpl@141c4ca[NavigationBar0] mNativeObject= 0xb4000078cd42b290 sc.mNativeObject= 0xb400007a2d40c090 format= -3 caller= android.view.ViewRootImpl.updateBlastSurfaceIfNeeded:3017 android.view.ViewRootImpl.relayoutWindow:10131 android.view.ViewRootImpl.performTraversals:4110 android.view.ViewRootImpl.doTraversal:3288 android.view.ViewRootImpl$TraversalRunnable.run:11344 android.view.Choreographer$CallbackRecord.run:1689 
10-04 16:55:33.861  2042  2042 I ViewRootImpl@141c4ca[NavigationBar0]: Relayout returned: old=(0,2256,1080,2400) new=(0,2256,1080,2400) relayoutAsync=true req=(1080,144)0 dur=0 res=0x0 s={true 0xb40000781d4195b0} ch=false seqId=0
10-04 16:55:33.861  1427  7159 V WindowManager: Relayout Window{e6bbee6 u0 NavigationBar0}: viewVisibility=0 req=1080x144 ty=2019 d0
10-04 16:55:33.862  2042  2042 I ViewRootImpl@141c4ca[NavigationBar0]: registerCallbackForPendingTransactions
10-04 16:55:33.862  1427  7972 D InputMethodManagerService: isImeSwitcherDisabledPackage : false
10-04 16:55:33.862  2042  2784 I ViewRootImpl@141c4ca[NavigationBar0]: mWNT: t=0xb40000786d4729b0 mBlastBufferQueue=0xb4000078cd42b290 fn= 10698 mRenderHdrSdrRatio=1.0 caller= android.view.ViewRootImpl$6.onFrameDraw:5635 android.view.ViewRootImpl$2.onFrameDraw:2146 android.view.ThreadedRenderer$1.onFrameDraw:792 
10-04 16:55:33.862  1427  7972 D InputMethodManagerService: checkDisplayOfStartInputAndUpdateKeyboard: displayId=0, mFocusedDisplayId=0
10-04 16:55:33.862  1427  7972 D InputTransport: Input channel constructed: 'ClientS', fd=800
10-04 16:55:33.862  1427  7972 D InputTransport: Input channel destroyed: 'ClientS', fd=800
10-04 16:55:33.865  1427  7972 D RestrictionPolicy: isScreenCaptureEnabled : ret=true userId=0
10-04 16:55:33.866  1427  7972 I WindowManager: Cancelling animation restarting=true, leash=Surface(name=Surface(name=f319ab4 InputMethod)/@0xcb81495 - animation-leash of insets_animation)/@0xed08e9a
10-04 16:55:33.866  1427  7972 I WindowManager: Reparenting to original parent: Surface(name=WindowToken{1909d62 type=2011 android.os.Binder@2d0b42d})/@0xc779cd0, destroy=false, surface=Surface(name=f319ab4 InputMethod)/@0xcb81495
10-04 16:55:33.866  1427  7972 I WindowManager: Reparenting to leash, surface=Surface(name=f319ab4 InputMethod)/@0xcb81495, leashParent=Surface(name=WindowToken{1909d62 type=2011 android.os.Binder@2d0b42d})/@0xc779cd0
10-04 16:55:33.866  5004  5004 I HBD     : HoneyBoardService onFinishInput 
10-04 16:55:33.866  5004  5004 I HBD     : a IC have been unbinding,  RemoteInputConnection{idHash=#7b2c67e}
10-04 16:55:33.866  5004  5004 I HBD     : HoneyBoardService [PF_CL][onFinishInput]  0 ms 
10-04 16:55:33.866  5004  5004 I HBD     : HoneyBoardService [IMI] onStartInput - caller pid : 2453 , caller uid : 10137 
10-04 16:55:33.866  5004  5004 I HBD     : k updateConfigs 
10-04 16:55:33.866  5004  5004 I HBD     : k isEnabledNightMode : false 
10-04 16:55:33.866  5004  5004 I HBD     : a IC have been binding, RemoteInputConnection{idHash=#f534c2c} 
10-04 16:55:33.866  5004  5004 I HBD     : h [EditorInputType]setPrivateImeOptionsToTable privateImeOptions ( null )
10-04 16:55:33.866  5004  5004 I HBD     : b incognitoMode : false 
10-04 16:55:33.866  5004  5004 I HBD     : b needOff = true , isForceOff = false, isNullInputClass : true 
10-04 16:55:33.866  5004  5004 I HBD     : h getDefaultInputRange : UNKNOWN 
10-04 16:55:33.866  5004  5004 I HBD     : h getDefaultInputRange : UNKNOWN 
10-04 16:55:33.866  5004  5004 I HBD     : h getDefaultInputRange : UNKNOWN 
10-04 16:55:33.867  1073  1370 I SurfaceFlinger: id=5565 createSurf, flag=24004, Surface(name=f319ab4 InputMethod)/@0xcb81495 - animation-leash of insets_animation#5565
10-04 16:55:33.867  1427  7972 D WindowManager: makeSurface duration=1 leash=Surface(name=Surface(name=f319ab4 InputMethod)/@0xcb81495 - animation-leash of insets_animation)/@0x81afc8f
10-04 16:55:33.867  1427  7972 D InsetsSourceProvider: updateControlForTarget: control=InsetsSourceControl: {3 mType=ime mSurfacePosition=Point(0, 80) mInsetsHint=Insets{left=0, top=0, right=0, bottom=1026}}, target=Window{e458a32 u0 com.sec.android.app.launcher/com.android.quickstep.RecentsActivity}, from=com.android.server.wm.ImeInsetsSourceProvider.updateControlForTarget:165 com.android.server.wm.InsetsStateController.onControlTargetChanged:358 com.android.server.wm.InsetsStateController.onImeControlTargetChanged:302 com.android.server.wm.DisplayContent.updateImeControlTarget:5727 com.android.server.wm.DisplayContent.updateImeInputAndControlTarget:5687 
10-04 16:55:33.868 16972 17010 D OpenGLRenderer: CacheManager::trimMemory(20)
10-04 16:55:33.870  1427  7159 V WindowManager: Relayout hash=e6bbee6, pid=0, syncId=-1: mAttrs={(0,0)(fillx144) gr=BOTTOM CENTER_VERTICAL sim={adjust=pan} layoutInDisplayCutoutMode=always ty=NAVIGATION_BAR fmt=TRANSLUCENT
10-04 16:55:33.870  1427  7159 V WindowManager:   fl=20840028
10-04 16:55:33.870  1427  7159 V WindowManager:   pfl=33001000
10-04 16:55:33.870  1427  7159 V WindowManager:   bhv=DEFAULT
10-04 16:55:33.870  1427  7159 V WindowManager:   providedInsets:
10-04 16:55:33.870  1427  7159 V WindowManager:     InsetsFrameProvider: {id=#a1c30001, index=0, type=navigationBars, source=FRAME, flags=[], insetsSize=Insets{left=0, top=0, right=0, bottom=144}, insetsSizeOverrides=[TypedInsetsSize: {windowType=INPUT_METHOD, insetsSize=null}]}
10-04 16:55:33.870  1427  7159 V WindowManager:     InsetsFrameProvider: {id=#a1c30006, index=0, type=tappableElement, source=FRAME, flags=[]}
10-04 16:55:33.870  1427  7159 V WindowManager:     InsetsFrameProvider: {id=#a1c30005, index=0, type=mandatorySystemGestures, source=FRAME, flags=[]}
10-04 16:55:33.870  1427  7159 V WindowManager:     InsetsFrameProvider: {id=#a1c30004, index=0, type=systemGestures, source=DISPLAY, flags=[], insetsSize=Insets{left=0, top=0, right=0, bottom=0}, mMinimalInsetsSizeInDisplayCutoutSafe=Insets{left=0, top=0, right=0, bottom=0}}
10-04 16:55:33.870  1427  7159 V WindowManager:     InsetsFrameProvider: {id=#a1c30024, index=1, type=systemGestures, source=DISPLAY, flags=[], insetsSize=Insets{left=0, top=0, right=0, bottom=0}, mMinimalInsetsSizeInDisplayCutoutSafe=Insets{left=0, top=0, right=0, bottom=0}}
10-04 16:55:33.870  1427  7159 V WindowManager:   paramsForRotation:
10-04 16:55:33.870  1427  7159 V WindowManager:     ROTATION_0={(0,0)(fillx144) gr=BOTTOM CENTER_VERTICAL layoutInDisplayCutoutMode=always ty=NAVIGATION_BAR fmt=TRANSLUCENT
10-04 16:55:33.870  1427  7159 V WindowManager:       fl=20840028
10-04 16:55:33.870  1427  7159 V WindowManager:       pfl=31001000
10-04 16:55:33.870  1427  7159 V WindowManager:       bhv=DEFAULT
10-04 16:55:33.870  1427  7159 V WindowManager:       providedInsets:
10-04 16:55:33.870  1427  7159 V WindowManager:         InsetsFrameProvider: {id=#a1c30001, index=0, type=navigationBars, source=FRAME, flags=[], insetsSize=Insets{left=0, top=0, right=0, bottom=144}, insetsSizeOverrides=[TypedInsetsSize: {windowType=INPUT_METHOD, insetsSize=null}]}
10-04 16:55:33.870  1427  7159 V WindowManager:         InsetsFrameProvider: {id=#a1c30006, index=0, type=tappableElement, source=FRAME, flags=[]}
10-04 16:55:33.870  1427  7159 V WindowManager:         InsetsFrameProvider: {id=#a1c30005, index=0, type=mandatorySystemGestures, source=FRAME, flags=[]}
10-04 16:55:33.870  1427  7159 V WindowManager:         InsetsFrameProvider: {id=#a1c30004, index=0, type=systemGestures, source=DISPLAY, flags=[], insetsSize=Insets{left=0, top=0, right=0, bottom=0}, mMinimalInsetsSizeInDisplayCutoutSafe=Insets{left=0, top=0, right=0, bottom=0}}
10-04 16:55:33.870  1427  7159 V WindowManager:         InsetsFrameProvider: {id=#a1c30024, index=1, type=systemGestures, source=DISPLAY, flags=[], insetsSize=Insets{left=0, top=0, right=0, bottom=0}, mMinimalInsetsSizeInDisplayCutoutSafe=Insets{left=0, top=0, right=0, bottom=0}} naviIconColor=0}
10-04 16:55:33.870  1427  7159 V WindowManager:     ROTATION_90={(0,0)(144xfill) gr=RIGHT CENTER_HORIZONTAL layoutInDisplayCutoutMode=always ty=NAVIGATION_BAR fmt=TRANSLUCENT
10-04 16:55:33.870  1427  7159 V WindowManager:       fl=20840028
10-04 16:55:33.870  1427  7159 V WindowManager:       pfl=31001000
10-04 16:55:33.870  1427  7159 V WindowManager:       bhv=DEFAULT
10-04 16:55:33.870  1427  7159 V WindowManager:       providedInsets:
10-04 16:55:33.870  1427  7159 V WindowManager:         InsetsFrameProvider: {id=#a1c30001, index=0, type=navigationBars, source=FRAME, flags=[], insetsSizeOverrides=[TypedInsetsSize: {windowType=INPUT_METHOD, insetsSize=null}]}
10-04 16:55:33.870  1427  7159 V WindowManager:         InsetsFrameProvider: {id=#a1c30006, index=0, type=tappableElement, source=FRAME, flags=[]}
10-04 16:55:33.870  1427  7159 V WindowManager:         InsetsFrameProvider: {id=#a1c30005, index=0, type=mandatorySystemGestures, source=FRAME, flags=[]}
10-04 16:55:33.870  1427  7159 V WindowManager:         InsetsFrameProvider: {id=#a1c30004, index=0, type=systemGestures, source=DISPLAY, flags=[], insetsSize=Insets{left=0, top=0, right=0, bottom=0}, mMinimalInsetsSizeInDisplayCutoutSafe=Insets{left=0, top=0, right=0, bottom=0}}
10-04 16:55:33.870  1427  7159 V WindowManager:         InsetsFrameProvider: {id=#a1c30024, index=1, type=systemGestures, source=DISPLAY, flags=[], insetsSize=Insets{left=0, top=0, right=0, bottom=0}, mMinimalInsetsSizeInDisplayCutoutSafe=Insets{left=0, top=0, right=0, bottom=0}} naviIconColor=0}
10-04 16:55:33.870  1427  7159 V WindowManager:     ROTATION_180={(0,0)(fillx144) gr=BOTTOM CENTER_VERTICAL layoutInDisplayCutoutMode=always ty=NAVIGATION_BAR fmt=TRANSLUCENT
10-04 16:55:33.870  1427  7159 V WindowManager:       fl=20840028
10-04 16:55:33.870  1427  7159 V WindowManager:       pfl=31001000
10-04 16:55:33.870  1427  7159 V WindowManager:       bhv=DEFAULT
10-04 16:55:33.870  1427  7159 V WindowManager:       providedInsets:
10-04 16:55:33.870  1427  7159 V WindowManager:         InsetsFrameProvider: {id=#a1c30001, index=0, type=navigationBars, source=FRAME, flags=[], insetsSize=Insets{left=0, top=0, right=0, bottom=144}, insetsSizeOverrides=[TypedInsetsSize: {windowType=INPUT_METHOD, insetsSize=null}]}
10-04 16:55:33.870  1427  7159 V WindowManager:         InsetsFrameProvider: {id=#a1c30006, index=0, type=tappableElement, source=FRAME, flags=[]}
10-04 16:55:33.870  1427  7159 V WindowManager:         InsetsFrameProvider: {id=#a1c30005, index=0, type=mandatorySystemGestures, source=FRAME, flags=[]}
10-04 16:55:33.870  1427  7159 V WindowManager:         InsetsFrameProvider: {id=#a1c30004, index=0, type=systemGestures, source=DISPLAY, flags=[], insetsSize=Insets{left=0, top=0, right=0, bottom=0}, mMinimalInsetsSizeInDisplayCutoutSafe=Insets{left=0, top=0, right=0, bottom=0}}
10-04 16:55:33.870  1427  7159 V WindowManager:         InsetsFrameProvider: {id=#a1c30024, index=1, type=systemGestures, source=DISPLAY, flags=[], insetsSize=Insets{left=0, top=0, right=0, bottom=0}, mMinimalInsetsSizeInDisplayCutoutSafe=Insets{left=0, top=0, right=0, bottom=0}} naviIconColor=0}
10-04 16:55:33.870  1427  7159 V WindowManager:     ROTATION_270={(0,0)(144xfill) gr=LEFT CENTER_HORIZONTAL layoutInDisplayCutoutMode=always ty=NAVIGATION_BAR fmt=TRANSLUCENT
10-04 16:55:33.870  1427  7159 V WindowManager:       fl=20840028
10-04 16:55:33.870  1427  7159 V WindowManager:       pfl=31001000
10-04 16:55:33.870  1427  7159 V WindowManager:       bhv=DEFAULT
10-04 16:55:33.870  1427  7159 V WindowManager:       providedInsets:
10-04 16:55:33.870  1427  7159 V WindowManager:         InsetsFrameProvider: {id=#a1c30001, index=0, type=navigationBars, source=FRAME, flags=[], insetsSizeOverrides=[TypedInsetsSize: {windowType=INPUT_METHOD, insetsSize=null}]}
10-04 16:55:33.870  1427  7159 V WindowManager:         InsetsFrameProvider: {id=#a1c30006, index=0, type=tappableElement, source=FRAME, flags=[]}
10-04 16:55:33.870  1427  7159 V WindowManager:         InsetsFrameProvider: {id=#a1c30005, index=0, type=mandatorySystemGestures, source=FRAME, flags=[]}
10-04 16:55:33.870  1427  7159 V WindowManager:         InsetsFrameProvider: {id=#a1c30004, index=0, type=systemGestures, source=DISPLAY, flags=[], insetsSize=Insets{left=0, top=0, right=0, bottom=0}, mMinimalInsetsSizeInDisplayCutoutSafe=Insets{left=0, top=0, right=0, bottom=0}}
10-04 16:55:33.870  1427  7159 V WindowManager:         InsetsFrameProvider: {id=#a1c30024, index=1, type=systemGestures, source=DISPLAY, flags=[], insetsSize=Insets{left=0, top=0, right=0, bottom=0}, mMinimalInsetsSizeInDisplayCutoutSafe=Insets{left=0, top=0, right=0, bottom=0}} naviIconColor=0} naviIconColor=0}
10-04 16:55:33.870  1073  1073 I Layer   : id=5555 removeFromCurrentState Surface(name=f319ab4 InputMethod)/@0xcb81495 - animation-leash of insets_animation#5555 (122)
10-04 16:55:33.871  1073  1073 D Layer   : [SEC_SF_EFFECTS] setBlurRegions RecentsActivity$_2453#5560 ## {radius=150, cornerRadii=[0.000, 0.000, 0.000, 0.000], alpha=3.000, rect=[0, 0, 1080, 2400]
10-04 16:55:33.872  5004  5004 I HBD     : b needOff = true , isForceOff = false, isNullInputClass : true 
10-04 16:55:33.872  5004  5004 I HBD     : b update cached prediction status : false 
10-04 16:55:33.872  5004  5004 I HBD     : h getDefaultInputRange : UNKNOWN 
10-04 16:55:33.872  5004  5004 I HBD     : a currentState : 0 
10-04 16:55:33.872  5004  5004 I HBD     : a [UpdatePolicy] [post] a: 0 cl: 65538 kit: [0/0] vt: 0 ir: 1 
10-04 16:55:33.873  2453  2453 I InsetsSourceConsumer: applyRequestedVisibilityToControl: visible=false, type=ime, host=com.sec.android.app.launcher/com.android.quickstep.RecentsActivity
10-04 16:55:33.874  2453 10484 I ViewRootImpl@4145d62[CocktailBarService]: Resizing android.view.ViewRootImpl@d3e24c5: frame = [1013,623][1080,965] reportDraw = false forceLayout = false syncSeqId = -1
10-04 16:55:33.874  2042  2303 I ViewRootImpl@3eb5874[ScreenDecorOverlay]: Resizing android.view.ViewRootImpl@b239360: frame = [0,0][1080,80] reportDraw = false forceLayout = false syncSeqId = -1
10-04 16:55:33.874  1427  7159 D InputMethodManagerService: isImeSwitcherDisabledPackage : false
10-04 16:55:33.874  2042  9413 I ViewRootImpl@403463c[ScreenDecorOverlayBottom]: Resizing android.view.ViewRootImpl@49ccc1e: frame = [0,2320][1080,2400] reportDraw = false forceLayout = false syncSeqId = -1
10-04 16:55:33.874  2042  3044 I ViewRootImpl@3eb5874[ScreenDecorOverlay]: handleResized, msg = 4 frames=ClientWindowFrames{frame=[0,0][1080,80] display=[0,0][1080,2400] parentFrame=[0,0][0,0]} forceNextWindowRelayout=false displayId=0 dragResizing=false compatScale=1.0 frameChanged=false attachedFrameChanged=false configChanged=false displayChanged=false compatScaleChanged=false
10-04 16:55:33.874  2042  3044 I ViewRootImpl@403463c[ScreenDecorOverlayBottom]: handleResized, msg = 4 frames=ClientWindowFrames{frame=[0,2320][1080,2400] display=[0,0][1080,2400] parentFrame=[0,0][0,0]} forceNextWindowRelayout=false displayId=0 dragResizing=false compatScale=1.0 frameChanged=false attachedFrameChanged=false configChanged=false displayChanged=false compatScaleChanged=false
10-04 16:55:33.876  2042 14123 I ViewRootImpl@16e3a3f[StatusBar]: Resizing android.view.ViewRootImpl@a2ae18: frame = [0,0][1080,80] reportDraw = false forceLayout = false syncSeqId = -1
10-04 16:55:33.877  2453  7396 I ViewRootImpl@1f7ce54[RecentsActivity]: Resizing android.view.ViewRootImpl@76c0cbc: frame = [0,0][1080,2400] reportDraw = false forceLayout = false syncSeqId = -1
10-04 16:55:33.877  2042  4610 I ViewRootImpl@141c4ca[NavigationBar0]: Resizing android.view.ViewRootImpl@5ffbf13: frame = [0,2256][1080,2400] reportDraw = false forceLayout = false syncSeqId = -1
10-04 16:55:33.877  2042  2093 I WallpaperService: resized: system, syncSeqId=-1
10-04 16:55:33.877  2042  2331 I WallpaperService: handleResized: which=5, reportDraw=false
10-04 16:55:33.878  2042  2331 I WallpaperService: updateSurface system forceRelayout=true forceReport=false redrawNeeded=false myWidth=2400 myHeight=2400 fixedSize=true x = 0 y = 0 mWidth=2400 mHeight=2400
10-04 16:55:33.878  2042  2042 I ViewRootImpl@16e3a3f[StatusBar]: handleResized, msg = 4 frames=ClientWindowFrames{frame=[0,0][1080,80] display=[0,0][1080,2400] parentFrame=[0,0][0,0]} forceNextWindowRelayout=false displayId=0 dragResizing=false compatScale=1.0 frameChanged=false attachedFrameChanged=false configChanged=false displayChanged=false compatScaleChanged=false
10-04 16:55:33.878  2042  2331 I WallpaperService: maxBounds : Rect(0, 0 - 1080, 2400) , mDeviceHeight : 2400, mDeviceWidth : 1080,mDeviceRotation  : 0
10-04 16:55:33.878  2042  2331 I WallpaperService: updateSurface: invoke Session.relayout
10-04 16:55:33.878  1427  4443 V WindowManager: Relayout Window{7fa477f u0 com.android.systemui.wallpapers.ImageWallpaper_system}: viewVisibility=0 req=2400x2400 ty=2013 d0
10-04 16:55:33.880  5004  5004 I HBD     : a [NRIC] resetNoResponseState 
10-04 16:55:33.880  5004  5004 I HBD     : b needOff = true , isForceOff = false, isNullInputClass : true 
10-04 16:55:33.880  5004  5004 I HBD     : b update cached prediction status : false 
10-04 16:55:33.880  5004  5004 I HBD     : b [AiWriter] setContact : com.sec.android.app.launcher
10-04 16:55:33.880  5004  5004 I HBD     : m0 EBD si S 0 
10-04 16:55:33.880  5004  5004 I HBD     : m updateContactDBLanguage : 65538 
10-04 16:55:33.880  5004  5004 I HBD     : g isCoverDisplay : false, cached selected json info : SelectedLanguageInfo(languageVersion=4.1, currentLanguageOrder=0, selectedLanguageList=[SelectedLanguage(id=65538, isUsed=true, engName=English, inputType=qwerty, activeOptionList=[auto_replace, auto_spacing, writing_assistant])]) 
10-04 16:55:33.880  5004  5004 I HBD     : g updateSelectedLanguageCache is succeeded. English 
10-04 16:55:33.881  2453  2453 I ViewRootImpl@4145d62[CocktailBarService]: handleResized, msg = 4 frames=ClientWindowFrames{frame=[1013,623][1080,965] display=[0,0][1080,2256] parentFrame=[0,0][0,0]} forceNextWindowRelayout=false displayId=0 dragResizing=false compatScale=1.0 frameChanged=false attachedFrameChanged=false configChanged=false displayChanged=false compatScaleChanged=false
10-04 16:55:33.881  2453  2453 I ViewRootImpl@1f7ce54[RecentsActivity]: handleResized, msg = 4 frames=ClientWindowFrames{frame=[0,0][1080,2400] display=[0,0][1080,2400] parentFrame=[0,0][0,0]} forceNextWindowRelayout=false displayId=0 dragResizing=false compatScale=1.0 frameChanged=false attachedFrameChanged=false configChanged=false displayChanged=false compatScaleChanged=false
10-04 16:55:33.883  1427  4443 V WindowManager: Relayout hash=7fa477f, pid=2042, syncId=-1: mAttrs={(0,0)(2400x2400) gr=TOP START CENTER layoutInDisplayCutoutMode=always ty=WALLPAPER fmt=RGBX_8888 wanim=0x1030314
10-04 16:55:33.883  1427  4443 V WindowManager:   fl=14318
10-04 16:55:33.883  1427  4443 V WindowManager:   pfl=2000014
10-04 16:55:33.883  1427  4443 V WindowManager:   bhv=DEFAULT naviIconColor=0
10-04 16:55:33.883  1427  4443 V WindowManager:   sfl=8}
10-04 16:55:33.883  5004  5004 I HBD     : l writeToFile path : /data/user/0/com.samsung.android.honeyboard/files/selected.json 
10-04 16:55:33.883  5004  5004 I HBD     : l writeToFile json : {"version":"4.1","currentLanguageOrder":0,"selected":[{"activeOptionList":["auto_replace","auto_spacing","writing_assistant"],"engName":"English","id":65538,"inputType":"qwerty","isUsed":true}]} 
10-04 16:55:33.878  2042  2042 I ViewRootImpl@141c4ca[NavigationBar0]: handleResized, msg = 4 frames=ClientWindowFrames{frame=[0,2256][1080,2400] display=[0,0][1080,2400] parentFrame=[0,0][0,0]} forceNextWindowRelayout=false displayId=0 dragResizing=false compatScale=1.0 frameChanged=false attachedFrameChanged=false configChanged=false displayChanged=false compatScaleChanged=false
10-04 16:55:33.884  2042  2331 I BLASTBufferQueue_Java: update, w= 2400 h= 2400 mName = Wallpaper mNativeObject= 0xb4000078cd3f9bf0 sc.mNativeObject= 0xb400007a2d3f6610 format= 2 caller= android.service.wallpaper.WallpaperService$Engine.getOrCreateBLASTSurface:2827 android.service.wallpaper.WallpaperService$Engine.updateSurface:1623 android.service.wallpaper.WallpaperService$IWallpaperEngineWrapper.handleResized:3323 android.service.wallpaper.WallpaperService$IWallpaperEngineWrapper.executeMessage:3242 com.android.internal.os.HandlerCaller$MyHandler.handleMessage:44 android.os.Handler.dispatchMessage:106 
10-04 16:55:33.884  2042  2042 D NavigationBar: setImeWindowStatus displayId=0 vis=0 backDisposition=0 showImeSwitcher=false imeShown=false
10-04 16:55:33.885  5004  5004 I HBD     : l writeToFile complete 
10-04 16:55:33.885  5004 17116 I HBD     : l Write selected lang for DE  
10-04 16:55:33.885  5004 17116 I HBD     : l writeToFile path : /data/user_de/0/com.samsung.android.honeyboard/files/selected.json 
10-04 16:55:33.885  5004 17116 I HBD     : l writeToFile json : {"version":"4.1","currentLanguageOrder":0,"selected":[{"activeOptionList":["auto_replace","auto_spacing","writing_assistant"],"engName":"English","id":65538,"inputType":"qwerty","isUsed":true}]} 
10-04 16:55:33.885  5004  5004 I HBD     : g isCoverDisplay : false, cached selected json info : SelectedLanguageInfo(languageVersion=4.1, currentLanguageOrder=0, selectedLanguageList=[SelectedLanguage(id=65538, isUsed=true, engName=English, inputType=qwerty, activeOptionList=[auto_replace, auto_spacing, writing_assistant])]) 
10-04 16:55:33.885  5004  5004 I HBD     : n updateActionOptionFromPreference  
10-04 16:55:33.885  5004  5004 I HBD     : n before lang.activeOptionList =  [Ljava.lang.String;@45548a6 
10-04 16:55:33.885  5004  5004 I HBD     : n after lang.activeOptionList = [Ljava.lang.String;@a5552fb 
10-04 16:55:33.886  5004  5004 I HBD     : l writeToFile path : /data/user/0/com.samsung.android.honeyboard/files/selected.json 
10-04 16:55:33.886  5004  5004 I HBD     : l writeToFile json : {"version":"4.1","currentLanguageOrder":0,"selected":[{"activeOptionList":["auto_replace","auto_spacing","writing_assistant"],"engName":"English","id":65538,"inputType":"qwerty","isUsed":true}]} 
10-04 16:55:33.886  5004 17116 I HBD     : l writeToFile complete 
10-04 16:55:33.886  5004  5004 I HBD     : l writeToFile complete 
10-04 16:55:33.886  5004 17117 I HBD     : l Write selected lang for DE  
10-04 16:55:33.887  5004 17117 I HBD     : l writeToFile path : /data/user_de/0/com.samsung.android.honeyboard/files/selected.json 
10-04 16:55:33.887  5004 17117 I HBD     : l writeToFile json : {"version":"4.1","currentLanguageOrder":0,"selected":[{"activeOptionList":["auto_replace","auto_spacing","writing_assistant"],"engName":"English","id":65538,"inputType":"qwerty","isUsed":true}]} 
10-04 16:55:33.887  5004  5004 I HBD     : m normal : updateLanguage : English 
10-04 16:55:33.887  5004  5004 I HBD     : g isCoverDisplay : false, cached selected json info : SelectedLanguageInfo(languageVersion=4.1, currentLanguageOrder=0, selectedLanguageList=[SelectedLanguage(id=65538, isUsed=true, engName=English, inputType=qwerty, activeOptionList=[auto_replace, auto_spacing, writing_assistant])]) 
10-04 16:55:33.887  5004  5004 I HBD     : g isCoverDisplay : false, cached selected json info : SelectedLanguageInfo(languageVersion=4.1, currentLanguageOrder=0, selectedLanguageList=[SelectedLanguage(id=65538, isUsed=true, engName=English, inputType=qwerty, activeOptionList=[auto_replace, auto_spacing, writing_assistant])]) 
10-04 16:55:33.887  5004  5004 I HBD     : n updateActionOptionFromPreference  
10-04 16:55:33.887  5004  5004 I HBD     : n before lang.activeOptionList =  [Ljava.lang.String;@a5552fb 
10-04 16:55:33.887  5004  5004 I HBD     : n after lang.activeOptionList = [Ljava.lang.String;@61c23d7 
10-04 16:55:33.887  5004 17117 I HBD     : l writeToFile complete 
10-04 16:55:33.889  5004  5004 I HBD     : l writeToFile path : /data/user/0/com.samsung.android.honeyboard/files/selected.json 
10-04 16:55:33.889  5004  5004 I HBD     : l writeToFile json : {"version":"4.1","currentLanguageOrder":0,"selected":[{"activeOptionList":["auto_replace","auto_spacing","writing_assistant"],"engName":"English","id":65538,"inputType":"qwerty","isUsed":true}]} 
10-04 16:55:33.889 16972 16972 I ViewRootImpl@56e8b21[MainActivity]: stopped(true) old = false
10-04 16:55:33.889 16972 16972 D ViewRootImpl@56e8b21[MainActivity]: WindowStopped on com.companyname.mauiappwindowtest/crc6457a4a0fbbd3bbed6.MainActivity set to true
10-04 16:55:33.889 16972 17010 D OpenGLRenderer: CacheManager::trimMemory(20)
10-04 16:55:33.891  5004  5004 I HBD     : l writeToFile complete 
10-04 16:55:33.891  5004 17118 I HBD     : l Write selected lang for DE  
10-04 16:55:33.892  5004 17118 I HBD     : l writeToFile path : /data/user_de/0/com.samsung.android.honeyboard/files/selected.json 
10-04 16:55:33.892  5004 17118 I HBD     : l writeToFile json : {"version":"4.1","currentLanguageOrder":0,"selected":[{"activeOptionList":["auto_replace","auto_spacing","writing_assistant"],"engName":"English","id":65538,"inputType":"qwerty","isUsed":true}]} 
10-04 16:55:33.892  5004  5004 I HBD     : m normal : updateLanguage : English 
10-04 16:55:33.892  5004  5004 I HBD     : g isCoverDisplay : false, cached selected json info : SelectedLanguageInfo(languageVersion=4.1, currentLanguageOrder=0, selectedLanguageList=[SelectedLanguage(id=65538, isUsed=true, engName=English, inputType=qwerty, activeOptionList=[auto_replace, auto_spacing, writing_assistant])]) 
10-04 16:55:33.892  5004  5004 I HBD     : g isCoverDisplay : false, cached selected json info : SelectedLanguageInfo(languageVersion=4.1, currentLanguageOrder=0, selectedLanguageList=[SelectedLanguage(id=65538, isUsed=true, engName=English, inputType=qwerty, activeOptionList=[auto_replace, auto_spacing, writing_assistant])]) 
10-04 16:55:33.892  5004  5004 I HBD     : g updateSelectedLanguageCache is succeeded. English 
10-04 16:55:33.892  5004  5004 I HBD     : l writeToFile path : /data/user/0/com.samsung.android.honeyboard/files/selected.json 
10-04 16:55:33.892  5004  5004 I HBD     : l writeToFile json : {"version":"4.1","currentLanguageOrder":0,"selected":[{"activeOptionList":["auto_replace","auto_spacing","writing_assistant"],"engName":"English","id":65538,"inputType":"qwerty","isUsed":true}]} 
10-04 16:55:33.893  5004 17118 I HBD     : l writeToFile complete 
10-04 16:55:33.893  5004  5004 I HBD     : l writeToFile complete 
10-04 16:55:33.893  5004 17119 I HBD     : l Write selected lang for DE  
10-04 16:55:33.893  5004 17119 I HBD     : l writeToFile path : /data/user_de/0/com.samsung.android.honeyboard/files/selected.json 
10-04 16:55:33.893  5004 17119 I HBD     : l writeToFile json : {"version":"4.1","currentLanguageOrder":0,"selected":[{"activeOptionList":["auto_replace","auto_spacing","writing_assistant"],"engName":"English","id":65538,"inputType":"qwerty","isUsed":true}]} 
10-04 16:55:33.893  5004  5004 I HBD     : g isCoverDisplay : false, cached selected json info : SelectedLanguageInfo(languageVersion=4.1, currentLanguageOrder=0, selectedLanguageList=[SelectedLanguage(id=65538, isUsed=true, engName=English, inputType=qwerty, activeOptionList=[auto_replace, auto_spacing, writing_assistant])]) 
10-04 16:55:33.893  5004  5004 I HBD     : g updateSelectedLanguageCache is succeeded. English 
10-04 16:55:33.893  5004 17119 I HBD     : l writeToFile complete 
10-04 16:55:33.894  5004  5004 I HBD     : l writeToFile path : /data/user/0/com.samsung.android.honeyboard/files/selected.json 
10-04 16:55:33.894  5004  5004 I HBD     : l writeToFile json : {"version":"4.1","currentLanguageOrder":0,"selected":[{"activeOptionList":["auto_replace","auto_spacing","writing_assistant"],"engName":"English","id":65538,"inputType":"qwerty","isUsed":true}]} 
10-04 16:55:33.894  5004  5004 I HBD     : l writeToFile complete 
10-04 16:55:33.894  5004 17120 I HBD     : l Write selected lang for DE  
10-04 16:55:33.894  5004 17120 I HBD     : l writeToFile path : /data/user_de/0/com.samsung.android.honeyboard/files/selected.json 
10-04 16:55:33.894  1427  7972 D KNOX_MDM_SettingsProvider: isChangeAllowed() : name = enabled_input_methods
10-04 16:55:33.894  5004 17120 I HBD     : l writeToFile json : {"version":"4.1","currentLanguageOrder":0,"selected":[{"activeOptionList":["auto_replace","auto_spacing","writing_assistant"],"engName":"English","id":65538,"inputType":"qwerty","isUsed":true}]} 
10-04 16:55:33.894  1427  7972 D KNOX_MDM_SettingsProvider: edmUri: content://com.sec.knox.provider/RestrictionPolicy3
10-04 16:55:33.894  1427  7972 D KNOX_MDM_SettingsProvider: projectionArgs: isSettingsChangesAllowed
10-04 16:55:33.894  1427  7972 D KNOX_MDM_SettingsProvider: selectionArgs: false
10-04 16:55:33.894  1427  7972 D KNOX_MDM_SettingsProvider: selectionArgs: 10147
10-04 16:55:33.894  1427  7972 D SecContentProvider: query(), uri = 17 selection = isSettingsChangesAllowed
10-04 16:55:33.894  1427  7972 D SecContentProvider: called from android.uid.honeyboard:10147
10-04 16:55:33.894  5004  5004 I HBD     : a [UpdatePolicy] [post] a: 32 cl: 65538 kit: [0/0] vt: 0 ir: 1 
10-04 16:55:33.894  1427  7972 D RestrictionPolicy: isSettingsChangesAllowedAsUser, userId 0 : true
10-04 16:55:33.895  1427  7972 D KNOX_MDM_SettingsProvider: ret = 1
10-04 16:55:33.895  5004  5004 I HBD     : HoneyBoardService [PF_OP][onStartInput]  29 ms 
10-04 16:55:33.895  1427  7159 D KNOX_MDM_SettingsProvider: isChangeAllowed() : name = enabled_input_methods
10-04 16:55:33.895  1427  7159 D KNOX_MDM_SettingsProvider: edmUri: content://com.sec.knox.provider/RestrictionPolicy3
10-04 16:55:33.895  1427  7159 D KNOX_MDM_SettingsProvider: projectionArgs: isSettingsChangesAllowed
10-04 16:55:33.895  1427  7159 D KNOX_MDM_SettingsProvider: selectionArgs: false
10-04 16:55:33.895  1427  7159 D KNOX_MDM_SettingsProvider: selectionArgs: 10147
10-04 16:55:33.895  5004  5004 I InputMethodService: scheduleImeSurfaceRemoval: removeImeSurface is posted.
10-04 16:55:33.895  1427  7159 D SecContentProvider: query(), uri = 17 selection = isSettingsChangesAllowed
10-04 16:55:33.895  1427  7159 D SecContentProvider: called from android.uid.honeyboard:10147
10-04 16:55:33.895  1427  7159 D RestrictionPolicy: isSettingsChangesAllowedAsUser, userId 0 : true
10-04 16:55:33.895  1427  7159 D KNOX_MDM_SettingsProvider: ret = 1
10-04 16:55:33.895  1427  4443 D KNOX_MDM_SettingsProvider: isChangeAllowed() : name = default_input_method
10-04 16:55:33.895  1427  4443 D KNOX_MDM_SettingsProvider: edmUri: content://com.sec.knox.provider/RestrictionPolicy3
10-04 16:55:33.895  1427  4443 D KNOX_MDM_SettingsProvider: projectionArgs: isSettingsChangesAllowed
10-04 16:55:33.895  1427  4443 D KNOX_MDM_SettingsProvider: selectionArgs: false
10-04 16:55:33.895  1427  4443 D KNOX_MDM_SettingsProvider: selectionArgs: 10147
10-04 16:55:33.895  1427  7972 D KNOX_MDM_SettingsProvider: isChangeAllowed() : name = default_input_method
10-04 16:55:33.895  1427  7972 D KNOX_MDM_SettingsProvider: edmUri: content://com.sec.knox.provider/RestrictionPolicy3
10-04 16:55:33.895  1427  7972 D KNOX_MDM_SettingsProvider: projectionArgs: isSettingsChangesAllowed
10-04 16:55:33.895  1427  7972 D KNOX_MDM_SettingsProvider: selectionArgs: false
10-04 16:55:33.895  1427  7972 D KNOX_MDM_SettingsProvider: selectionArgs: 10147
10-04 16:55:33.895  1427  4443 D SecContentProvider: query(), uri = 17 selection = isSettingsChangesAllowed
10-04 16:55:33.895  1427  7972 D SecContentProvider: query(), uri = 17 selection = isSettingsChangesAllowed
10-04 16:55:33.895  1427  4443 D SecContentProvider: called from android.uid.honeyboard:10147
10-04 16:55:33.898  1427  4443 D RestrictionPolicy: isSettingsChangesAllowedAsUser, userId 0 : true
10-04 16:55:33.898  1427  4443 D KNOX_MDM_SettingsProvider: ret = 1
10-04 16:55:33.899  5004 17120 I HBD     : l writeToFile complete 
10-04 16:55:33.900  5004  5206 I HBD     : p updated Sub Types. English 
10-04 16:55:33.900  1427  7972 D SecContentProvider: called from android.uid.honeyboard:10147
10-04 16:55:33.900  1427  7972 D RestrictionPolicy: isSettingsChangesAllowedAsUser, userId 0 : true
10-04 16:55:33.901  1427  7972 D KNOX_MDM_SettingsProvider: ret = 1
10-04 16:55:33.901  5004  5252 I HBD     : p updated Sub Types. English 
10-04 16:55:33.902  5004 17122 I HBD     : b InputMethodSubtype is set as local:en_GB 
10-04 16:55:33.903  1427  1427 I InputMethodManagerService: subtype state: oldSubtype = android.view.inputmethod.InputMethodSubtype@10002 newSubtype = android.view.inputmethod.InputMethodSubtype@10002 force = false, intent received : false
10-04 16:55:33.903  1427  1427 I InputMethodManagerService: subtype state: oldSubtype = android.view.inputmethod.InputMethodSubtype@10002 newSubtype = android.view.inputmethod.InputMethodSubtype@10002 force = false, intent received : false
10-04 16:55:33.903  5004 17123 I HBD     : b InputMethodSubtype is set as local:en_GB 
10-04 16:55:33.923 16972 16972 D InputTransport: Input channel destroyed: 'ClientS', fd=121
10-04 16:55:33.924  1073  1370 I SurfaceFlinger: id=5555 Removed Surface(name=f319ab4 InputMethod)/@0xcb81495 - animation-leash of insets_animation#5555 (122)
10-04 16:55:33.926  1427  4443 E WindowManager: win=Window{344fe1b u0 com.companyname.mauiappwindowtest/crc6457a4a0fbbd3bbed6.MainActivity} destroySurfaces: appStopped=true cleanupOnResume=false win.mWindowRemovalAllowed=false win.mRemoveOnExit=false win.mViewVisibility=8 caller=com.android.server.wm.ActivityRecord.destroySurfaces:6952 com.android.server.wm.ActivityRecord.destroySurfaces:6933 com.android.server.wm.ActivityRecord.activityStopped:7633 com.android.server.wm.ActivityClientController.activityStopped:321 android.app.IActivityClientController$Stub.onTransact:702 com.android.server.wm.ActivityClientController.onTransact:186 android.os.Binder.execTransactInternal:1380 
