10-04 16:55:33.566  2453  4617 I ViewRootImpl@ec6b24c[RecentsTransitionOverlay]: mWNT: t=0xb40000786d4aa1f0 mBlastBufferQueue=0xb4000078cd40ddd0 fn= 3595 mRenderHdrSdrRatio=1.0 caller= com.android.systemui.shared.launcher.ViewRootImplCompat.mergeWithNextTransaction:4 com.honeyspace.transition.utils.SurfaceTransactionApplier.scheduleApply$lambda$1:26 com.honeyspace.transition.utils.SurfaceTransactionApplier.c:0 
10-04 16:55:33.569  2453  2453 I HoneySpace.TaskViewInteraction: recents taskPosition Rect(115, 205 - 965, 2023)
10-04 16:55:33.569  2453  2453 I HoneySpace.AnimationSession: collect taskPosition LeashTask(targetView=com.honeyspace.ui.common.taskScene.GestureTaskSceneView{9eef795 I.ED..... ......ID 0,0-1080,2400}, cornerRadius=24.871147, targetRect=Rect(115, 205 - 965, 2023), animationProgress=0.53150606, fullScreenProgress=-0.0, canHidden=false)
10-04 16:55:33.570  2453  2453 I HoneySpace.RectFAnimation: animateToFinalPosition RectF(115.0, 205.0, 965.0, 2023.0)
10-04 16:55:33.570  2453  2453 I HoneySpace.RectFAnimation: skipToEnd
10-04 16:55:33.572  2453  2453 I HoneySpace.RectFAnimation: skipToEnd
10-04 16:55:33.573  2453  4617 I ViewRootImpl@ec6b24c[RecentsTransitionOverlay]: mWNT: t=0xb40000786d431090 mBlastBufferQueue=0xb4000078cd40ddd0 fn= 3596 mRenderHdrSdrRatio=1.0 caller= com.android.systemui.shared.launcher.ViewRootImplCompat.mergeWithNextTransaction:4 com.honeyspace.transition.utils.SurfaceTransactionApplier.scheduleApply$lambda$1:26 com.honeyspace.transition.utils.SurfaceTransactionApplier.c:0 
10-04 16:55:33.578  2453  2453 I HoneySpace.TaskViewInteraction: recents taskPosition Rect(125, 223 - 955, 1990)
10-04 16:55:33.578  2453  2453 I HoneySpace.AnimationSession: collect taskPosition LeashTask(targetView=com.honeyspace.ui.common.taskScene.GestureTaskSceneView{9eef795 I.ED..... ......ID 0,0-1080,2400}, cornerRadius=29.859375, targetRect=Rect(125, 223 - 955, 1990), animationProgress=0.578125, fullScreenProgress=-0.0, canHidden=false)
10-04 16:55:33.578  2453  2453 I HoneySpace.RectFAnimation: animateToFinalPosition RectF(125.0, 223.0, 955.0, 1990.0)
10-04 16:55:33.581  2453  2453 I HoneySpace.RectFAnimation: skipToEnd
10-04 16:55:33.581  2453  2453 I HoneySpace.RectFAnimation: skipToEnd
10-04 16:55:33.582  2453  4617 I ViewRootImpl@ec6b24c[RecentsTransitionOverlay]: mWNT: t=0xb40000786d47e770 mBlastBufferQueue=0xb4000078cd40ddd0 fn= 3597 mRenderHdrSdrRatio=1.0 caller= com.android.systemui.shared.launcher.ViewRootImplCompat.mergeWithNextTransaction:4 com.honeyspace.transition.utils.SurfaceTransactionApplier.scheduleApply$lambda$1:26 com.honeyspace.transition.utils.SurfaceTransactionApplier.c:0 
10-04 16:55:33.586  2453  2453 I HoneySpace.TaskViewInteraction: recents taskPosition Rect(135, 242 - 944, 1956)
10-04 16:55:33.586  2453  2453 I HoneySpace.AnimationSession: collect taskPosition LeashTask(targetView=com.honeyspace.ui.common.taskScene.GestureTaskSceneView{9eef795 I.ED..... ......ID 0,0-1080,2400}, cornerRadius=35.06247, targetRect=Rect(135, 242 - 944, 1956), animationProgress=0.626752, fullScreenProgress=-0.0, canHidden=false)
10-04 16:55:33.586  2453  2453 I HoneySpace.RectFAnimation: animateToFinalPosition RectF(135.0, 242.0, 944.0, 1956.0)
10-04 16:55:33.588  1427  1870 D MdnieScenarioControlService:  packageName : com.sec.android.app.launcher    className : com.android.quickstep.RecentsActivity
10-04 16:55:33.589  2453  2453 I HoneySpace.RectFAnimation: skipToEnd
10-04 16:55:33.589  2453  2453 I HoneySpace.RectFAnimation: skipToEnd
10-04 16:55:33.589  1427  1870 V MdnieScenarioControlService: setUIMode from UI function(3)
10-04 16:55:33.591  2453  4617 I ViewRootImpl@ec6b24c[RecentsTransitionOverlay]: mWNT: t=0xb40000786d49a650 mBlastBufferQueue=0xb4000078cd40ddd0 fn= 3598 mRenderHdrSdrRatio=1.0 caller= com.android.systemui.shared.launcher.ViewRootImplCompat.mergeWithNextTransaction:4 com.honeyspace.transition.utils.SurfaceTransactionApplier.scheduleApply$lambda$1:26 com.honeyspace.transition.utils.SurfaceTransactionApplier.c:0 
10-04 16:55:33.593  1427  1775 D VibratorManagerService: Vibration 312 finished with EndInfo{status=FINISHED, endedBy=null}
10-04 16:55:33.593  1427  1775 D VibratorManagerService: Reporting vibration 312 finished with EndInfo{status=FINISHED, endedBy=null}
10-04 16:55:33.593  1427  1775 D VibratorManagerService: Vibration for uid=1000 and with attrs=VibrationAttributes: Usage=TOUCH Audio Usage= USAGE_UNKNOWN tags= Flags=0 ended with status FINISHED
10-04 16:55:33.593  1044  1044 E SecVibrator-HAL-AIDL-CORE: V_1_0: Vibrator off
10-04 16:55:33.593  1044  1044 E SecVibrator-HAL-AIDL-CORE: HW_API: >> writeNode node:/timed_output/vibrator/enable val:0
10-04 16:55:33.595  2453  2453 I HoneySpace.TaskViewInteraction: recents taskPosition Rect(144, 257 - 935, 1927)
10-04 16:55:33.595  2453  2453 I HoneySpace.AnimationSession: collect taskPosition LeashTask(targetView=com.honeyspace.ui.common.taskScene.GestureTaskSceneView{9eef795 I.ED..... ......ID 0,0-1080,2400}, cornerRadius=39.337646, targetRect=Rect(144, 257 - 935, 1927), animationProgress=0.666707, fullScreenProgress=-0.0, canHidden=false)
10-04 16:55:33.595  2453  2453 I HoneySpace.RectFAnimation: animateToFinalPosition RectF(144.0, 257.0, 935.0, 1927.0)
10-04 16:55:33.595  1044  1044 E SecVibrator-HAL-AIDL-CORE: HW_API: << writeNode node OK : 2
10-04 16:55:33.598  1427  1775 D VibratorManagerService: VibrationThread released after finished vibration
10-04 16:55:33.598  1427  1775 D VibratorManagerService: Processing VibrationThread released callback
10-04 16:55:33.598  2453  2453 I HoneySpace.RectFAnimation: skipToEnd
10-04 16:55:33.598  2453  2453 I HoneySpace.RectFAnimation: skipToEnd
10-04 16:55:33.599  2453  4617 I ViewRootImpl@ec6b24c[RecentsTransitionOverlay]: mWNT: t=0xb40000786d4a66d0 mBlastBufferQueue=0xb4000078cd40ddd0 fn= 3599 mRenderHdrSdrRatio=1.0 caller= com.android.systemui.shared.launcher.ViewRootImplCompat.mergeWithNextTransaction:4 com.honeyspace.transition.utils.SurfaceTransactionApplier.scheduleApply$lambda$1:26 com.honeyspace.transition.utils.SurfaceTransactionApplier.c:0 
10-04 16:55:33.603  2453  2453 I HoneySpace.TaskViewInteraction: recents taskPosition Rect(152, 272 - 928, 1902)
10-04 16:55:33.603  2453  2453 I HoneySpace.AnimationSession: collect taskPosition LeashTask(targetView=com.honeyspace.ui.common.taskScene.GestureTaskSceneView{9eef795 I.ED..... ......ID 0,0-1080,2400}, cornerRadius=43.296303, targetRect=Rect(152, 272 - 928, 1902), animationProgress=0.70370376, fullScreenProgress=-0.0, canHidden=false)
10-04 16:55:33.603  2453  2453 I HoneySpace.RectFAnimation: animateToFinalPosition RectF(152.0, 272.0, 928.0, 1902.0)
10-04 16:55:33.606  2453  2453 I HoneySpace.RectFAnimation: skipToEnd
10-04 16:55:33.606  2453  2453 I HoneySpace.RectFAnimation: skipToEnd
10-04 16:55:33.608  2453  4617 I ViewRootImpl@ec6b24c[RecentsTransitionOverlay]: mWNT: t=0xb40000786d49bdb0 mBlastBufferQueue=0xb4000078cd40ddd0 fn= 3600 mRenderHdrSdrRatio=1.0 caller= com.android.systemui.shared.launcher.ViewRootImplCompat.mergeWithNextTransaction:4 com.honeyspace.transition.utils.SurfaceTransactionApplier.scheduleApply$lambda$1:26 com.honeyspace.transition.utils.SurfaceTransactionApplier.c:0 
10-04 16:55:33.611  2453  2453 I HoneySpace.TaskViewInteraction: recents taskPosition Rect(160, 286 - 919, 1874)
10-04 16:55:33.611  2453  2453 I HoneySpace.AnimationSession: collect taskPosition LeashTask(targetView=com.honeyspace.ui.common.taskScene.GestureTaskSceneView{9eef795 I.ED..... ......ID 0,0-1080,2400}, cornerRadius=47.38659, targetRect=Rect(160, 286 - 919, 1874), animationProgress=0.7419307, fullScreenProgress=-0.0, canHidden=false)
10-04 16:55:33.611  2453  2453 I HoneySpace.RectFAnimation: animateToFinalPosition RectF(160.0, 286.0, 919.0, 1874.0)
10-04 16:55:33.614  2453  2453 I HoneySpace.RectFAnimation: skipToEnd
10-04 16:55:33.614  2453  2453 I HoneySpace.RectFAnimation: skipToEnd
10-04 16:55:33.616  2453  4617 I ViewRootImpl@ec6b24c[RecentsTransitionOverlay]: mWNT: t=0xb40000786d492d50 mBlastBufferQueue=0xb4000078cd40ddd0 fn= 3601 mRenderHdrSdrRatio=1.0 caller= com.android.systemui.shared.launcher.ViewRootImplCompat.mergeWithNextTransaction:4 com.honeyspace.transition.utils.SurfaceTransactionApplier.scheduleApply$lambda$1:26 com.honeyspace.transition.utils.SurfaceTransactionApplier.c:0 
10-04 16:55:33.620  2453  2453 I HoneySpace.TaskViewInteraction: recents taskPosition Rect(167, 298 - 913, 1852)
10-04 16:55:33.620  2453  2453 I HoneySpace.AnimationSession: collect taskPosition LeashTask(targetView=com.honeyspace.ui.common.taskScene.GestureTaskSceneView{9eef795 I.ED..... ......ID 0,0-1080,2400}, cornerRadius=50.713028, targetRect=Rect(167, 298 - 913, 1852), animationProgress=0.77301896, fullScreenProgress=-0.0, canHidden=false)
10-04 16:55:33.620  2453  2453 I HoneySpace.RectFAnimation: animateToFinalPosition RectF(167.0, 298.0, 913.0, 1852.0)
10-04 16:55:33.622  2453  2453 I HoneySpace.RectFAnimation: skipToEnd
10-04 16:55:33.622  2453  2453 I HoneySpace.RectFAnimation: skipToEnd
10-04 16:55:33.624  2453  4617 I ViewRootImpl@ec6b24c[RecentsTransitionOverlay]: mWNT: t=0xb40000786d4a92d0 mBlastBufferQueue=0xb4000078cd40ddd0 fn= 3602 mRenderHdrSdrRatio=1.0 caller= com.android.systemui.shared.launcher.ViewRootImplCompat.mergeWithNextTransaction:4 com.honeyspace.transition.utils.SurfaceTransactionApplier.scheduleApply$lambda$1:26 com.honeyspace.transition.utils.SurfaceTransactionApplier.c:0 
10-04 16:55:33.628  2453  2453 I HoneySpace.TaskViewInteraction: recents taskPosition Rect(173, 309 - 906, 1832)
10-04 16:55:33.628  2453  2453 I HoneySpace.AnimationSession: collect taskPosition LeashTask(targetView=com.honeyspace.ui.common.taskScene.GestureTaskSceneView{9eef795 I.ED..... ......ID 0,0-1080,2400}, cornerRadius=53.760994, targetRect=Rect(173, 309 - 906, 1832), animationProgress=0.8015046, fullScreenProgress=-0.0, canHidden=false)
10-04 16:55:33.628  2453  2453 I HoneySpace.RectFAnimation: animateToFinalPosition RectF(173.0, 309.0, 906.0, 1832.0)
10-04 16:55:33.631  2453  2453 I HoneySpace.RectFAnimation: skipToEnd
10-04 16:55:33.631  2453  2453 I HoneySpace.RectFAnimation: skipToEnd
10-04 16:55:33.633  2453  4617 I ViewRootImpl@ec6b24c[RecentsTransitionOverlay]: mWNT: t=0xb40000786d4a1450 mBlastBufferQueue=0xb4000078cd40ddd0 fn= 3603 mRenderHdrSdrRatio=1.0 caller= com.android.systemui.shared.launcher.ViewRootImplCompat.mergeWithNextTransaction:4 com.honeyspace.transition.utils.SurfaceTransactionApplier.scheduleApply$lambda$1:26 com.honeyspace.transition.utils.SurfaceTransactionApplier.c:0 
10-04 16:55:33.636  2453  2453 I HoneySpace.TaskViewInteraction: recents taskPosition Rect(179, 321 - 900, 1812)
10-04 16:55:33.636  2453  2453 I HoneySpace.AnimationSession: collect taskPosition LeashTask(targetView=com.honeyspace.ui.common.taskScene.GestureTaskSceneView{9eef795 I.ED..... ......ID 0,0-1080,2400}, cornerRadius=56.87223, targetRect=Rect(179, 321 - 900, 1812), animationProgress=0.8305816, fullScreenProgress=-0.0, canHidden=false)
10-04 16:55:33.636  2453  2453 I HoneySpace.RectFAnimation: animateToFinalPosition RectF(179.0, 321.0, 900.0, 1812.0)
10-04 16:55:33.637  2453  2453 I HoneySpace.RectFAnimation: skipToEnd
10-04 16:55:33.637  2453  2453 I HoneySpace.RectFAnimation: skipToEnd
10-04 16:55:33.641  2453  4617 I ViewRootImpl@ec6b24c[RecentsTransitionOverlay]: mWNT: t=0xb40000786d4abd70 mBlastBufferQueue=0xb4000078cd40ddd0 fn= 3604 mRenderHdrSdrRatio=1.0 caller= com.android.systemui.shared.launcher.ViewRootImplCompat.mergeWithNextTransaction:4 com.honeyspace.transition.utils.SurfaceTransactionApplier.scheduleApply$lambda$1:26 com.honeyspace.transition.utils.SurfaceTransactionApplier.c:0 
10-04 16:55:33.645  2453  2453 I HoneySpace.TaskViewInteraction: recents taskPosition Rect(184, 330 - 895, 1795)
10-04 16:55:33.645  2453  2453 I HoneySpace.AnimationSession: collect taskPosition LeashTask(targetView=com.honeyspace.ui.common.taskScene.GestureTaskSceneView{9eef795 I.ED..... ......ID 0,0-1080,2400}, cornerRadius=59.368835, targetRect=Rect(184, 330 - 895, 1795), animationProgress=0.8539144, fullScreenProgress=-0.0, canHidden=false)
10-04 16:55:33.645  2453  2453 I HoneySpace.RectFAnimation: animateToFinalPosition RectF(184.0, 330.0, 895.0, 1795.0)
10-04 16:55:33.648  2453  2453 I HoneySpace.RectFAnimation: skipToEnd
10-04 16:55:33.648  2453  2453 I HoneySpace.RectFAnimation: skipToEnd
10-04 16:55:33.650  2453  4617 I ViewRootImpl@ec6b24c[RecentsTransitionOverlay]: mWNT: t=0xb40000786d4a0110 mBlastBufferQueue=0xb4000078cd40ddd0 fn= 3605 mRenderHdrSdrRatio=1.0 caller= com.android.systemui.shared.launcher.ViewRootImplCompat.mergeWithNextTransaction:4 com.honeyspace.transition.utils.SurfaceTransactionApplier.scheduleApply$lambda$1:26 com.honeyspace.transition.utils.SurfaceTransactionApplier.c:0 
10-04 16:55:33.653  2453  2453 I HoneySpace.TaskViewInteraction: recents taskPosition Rect(189, 338 - 891, 1780)
10-04 16:55:33.653  2453  2453 I HoneySpace.AnimationSession: collect taskPosition LeashTask(targetView=com.honeyspace.ui.common.taskScene.GestureTaskSceneView{9eef795 I.ED..... ......ID 0,0-1080,2400}, cornerRadius=61.625, targetRect=Rect(189, 338 - 891, 1780), animationProgress=0.875, fullScreenProgress=-0.0, canHidden=false)
10-04 16:55:33.653  2453  2453 I HoneySpace.RectFAnimation: animateToFinalPosition RectF(189.0, 338.0, 891.0, 1780.0)
10-04 16:55:33.655  2453  2453 I HoneySpace.RectFAnimation: skipToEnd
10-04 16:55:33.655  2453  2453 I HoneySpace.RectFAnimation: skipToEnd
10-04 16:55:33.658  2453  4617 I ViewRootImpl@ec6b24c[RecentsTransitionOverlay]: mWNT: t=0xb40000786d48b710 mBlastBufferQueue=0xb4000078cd40ddd0 fn= 3606 mRenderHdrSdrRatio=1.0 caller= com.android.systemui.shared.launcher.ViewRootImplCompat.mergeWithNextTransaction:4 com.honeyspace.transition.utils.SurfaceTransactionApplier.scheduleApply$lambda$1:26 com.honeyspace.transition.utils.SurfaceTransactionApplier.c:0 
10-04 16:55:33.658  1427  1466 I system_server: Background concurrent copying GC freed 15MB AllocSpace bytes, 429(8580KB) LOS objects, 24% free, 73MB/97MB, paused 168us,202us total 145.291ms
10-04 16:55:33.659  1427  1427 I GestureDetector: handleMessage TAP
10-04 16:55:33.659  1427  1579 I GestureDetector: handleMessage TAP
10-04 16:55:33.661  1427  1468 W System  : A resource failed to call close. 
10-04 16:55:33.662  1427  1468 W System  : A resource failed to call release. 
10-04 16:55:33.662  2453  2453 I HoneySpace.TaskViewInteraction: recents taskPosition Rect(194, 346 - 886, 1765)
10-04 16:55:33.662  2453  2453 I HoneySpace.AnimationSession: collect taskPosition LeashTask(targetView=com.honeyspace.ui.common.taskScene.GestureTaskSceneView{9eef795 I.ED..... ......ID 0,0-1080,2400}, cornerRadius=63.890938, targetRect=Rect(194, 346 - 886, 1765), animationProgress=0.896177, fullScreenProgress=-0.0, canHidden=false)
10-04 16:55:33.662  2453  2453 I HoneySpace.RectFAnimation: animateToFinalPosition RectF(194.0, 346.0, 886.0, 1765.0)
10-04 16:55:33.663  2453  2453 I HoneySpace.RectFAnimation: skipToEnd
10-04 16:55:33.663  2453  2453 I HoneySpace.RectFAnimation: skipToEnd
10-04 16:55:33.665  2453  4617 I ViewRootImpl@ec6b24c[RecentsTransitionOverlay]: mWNT: t=0xb40000786d4a99b0 mBlastBufferQueue=0xb4000078cd40ddd0 fn= 3607 mRenderHdrSdrRatio=1.0 caller= com.android.systemui.shared.launcher.ViewRootImplCompat.mergeWithNextTransaction:4 com.honeyspace.transition.utils.SurfaceTransactionApplier.scheduleApply$lambda$1:26 com.honeyspace.transition.utils.SurfaceTransactionApplier.c:0 
10-04 16:55:33.670  2453  2453 I HoneySpace.TaskViewInteraction: recents taskPosition Rect(197, 352 - 882, 1753)
10-04 16:55:33.670  2453  2453 I HoneySpace.AnimationSession: collect taskPosition LeashTask(targetView=com.honeyspace.ui.common.taskScene.GestureTaskSceneView{9eef795 I.ED..... ......ID 0,0-1080,2400}, cornerRadius=65.67658, targetRect=Rect(197, 352 - 882, 1753), animationProgress=0.9128653, fullScreenProgress=-0.0, canHidden=false)
10-04 16:55:33.670  2453  2453 I HoneySpace.RectFAnimation: animateToFinalPosition RectF(197.0, 352.0, 882.0, 1753.0)
10-04 16:55:33.670  2453  2453 I HoneySpace.RectFAnimation: skipToEnd
10-04 16:55:33.670  2453  2453 I HoneySpace.RectFAnimation: skipToEnd
10-04 16:55:33.672  2453  4617 I ViewRootImpl@ec6b24c[RecentsTransitionOverlay]: mWNT: t=0xb40000786d4868b0 mBlastBufferQueue=0xb4000078cd40ddd0 fn= 3608 mRenderHdrSdrRatio=1.0 caller= com.android.systemui.shared.launcher.ViewRootImplCompat.mergeWithNextTransaction:4 com.honeyspace.transition.utils.SurfaceTransactionApplier.scheduleApply$lambda$1:26 com.honeyspace.transition.utils.SurfaceTransactionApplier.c:0 
10-04 16:55:33.678  2453  2453 I HoneySpace.TaskViewInteraction: recents taskPosition Rect(201, 359 - 879, 1742)
10-04 16:55:33.678  2453  2453 I HoneySpace.AnimationSession: collect taskPosition LeashTask(targetView=com.honeyspace.ui.common.taskScene.GestureTaskSceneView{9eef795 I.ED..... ......ID 0,0-1080,2400}, cornerRadius=67.44412, targetRect=Rect(201, 359 - 879, 1742), animationProgress=0.9293843, fullScreenProgress=-0.0, canHidden=false)
10-04 16:55:33.678  2453  2453 I HoneySpace.RectFAnimation: animateToFinalPosition RectF(201.0, 359.0, 879.0, 1742.0)
10-04 16:55:33.679  2453  2453 I HoneySpace.RectFAnimation: skipToEnd
10-04 16:55:33.679  2453  2453 I HoneySpace.RectFAnimation: skipToEnd
10-04 16:55:33.681  2453  4617 I ViewRootImpl@ec6b24c[RecentsTransitionOverlay]: mWNT: t=0xb40000786d4ad630 mBlastBufferQueue=0xb4000078cd40ddd0 fn= 3609 mRenderHdrSdrRatio=1.0 caller= com.android.systemui.shared.launcher.ViewRootImplCompat.mergeWithNextTransaction:4 com.honeyspace.transition.utils.SurfaceTransactionApplier.scheduleApply$lambda$1:26 com.honeyspace.transition.utils.SurfaceTransactionApplier.c:0 
10-04 16:55:33.686  2453  2453 I HoneySpace.TaskViewInteraction: recents taskPosition Rect(204, 364 - 876, 1733)
10-04 16:55:33.687  2453  2453 I HoneySpace.AnimationSession: collect taskPosition LeashTask(targetView=com.honeyspace.ui.common.taskScene.GestureTaskSceneView{9eef795 I.ED..... ......ID 0,0-1080,2400}, cornerRadius=68.814224, targetRect=Rect(204, 364 - 876, 1733), animationProgress=0.94218904, fullScreenProgress=-0.0, canHidden=false)
10-04 16:55:33.687  2453  2453 I HoneySpace.RectFAnimation: animateToFinalPosition RectF(204.0, 364.0, 876.0, 1733.0)
10-04 16:55:33.687  2453  2453 I HoneySpace.RectFAnimation: skipToEnd
10-04 16:55:33.687  2453  2453 I HoneySpace.RectFAnimation: skipToEnd
10-04 16:55:33.690  1427  1870 V MdnieScenarioControlService: mAclOffEnabled : false
10-04 16:55:33.690  2453  4617 I ViewRootImpl@ec6b24c[RecentsTransitionOverlay]: mWNT: t=0xb40000786d484ff0 mBlastBufferQueue=0xb4000078cd40ddd0 fn= 3610 mRenderHdrSdrRatio=1.0 caller= com.android.systemui.shared.launcher.ViewRootImplCompat.mergeWithNextTransaction:4 com.honeyspace.transition.utils.SurfaceTransactionApplier.scheduleApply$lambda$1:26 com.honeyspace.transition.utils.SurfaceTransactionApplier.c:0 
10-04 16:55:33.695  2453  2453 I HoneySpace.TaskViewInteraction: recents taskPosition Rect(206, 368 - 874, 1725)
10-04 16:55:33.695  2453  2453 I HoneySpace.AnimationSession: collect taskPosition LeashTask(targetView=com.honeyspace.ui.common.taskScene.GestureTaskSceneView{9eef795 I.ED..... ......ID 0,0-1080,2400}, cornerRadius=70.007805, targetRect=Rect(206, 368 - 874, 1725), animationProgress=0.953344, fullScreenProgress=-0.0, canHidden=false)
10-04 16:55:33.695  2453  2453 I HoneySpace.RectFAnimation: animateToFinalPosition RectF(206.0, 368.0, 874.0, 1725.0)
10-04 16:55:33.696  2453  2453 I HoneySpace.RectFAnimation: skipToEnd
10-04 16:55:33.696  2453  2453 I HoneySpace.RectFAnimation: skipToEnd
10-04 16:55:33.698  2453  4617 I ViewRootImpl@ec6b24c[RecentsTransitionOverlay]: mWNT: t=0xb40000786d451c70 mBlastBufferQueue=0xb4000078cd40ddd0 fn= 3611 mRenderHdrSdrRatio=1.0 caller= com.android.systemui.shared.launcher.ViewRootImplCompat.mergeWithNextTransaction:4 com.honeyspace.transition.utils.SurfaceTransactionApplier.scheduleApply$lambda$1:26 com.honeyspace.transition.utils.SurfaceTransactionApplier.c:0 
10-04 16:55:33.703  2453  2453 I HoneySpace.TaskViewInteraction: recents taskPosition Rect(208, 372 - 871, 1717)
10-04 16:55:33.703  2453  2453 I HoneySpace.AnimationSession: collect taskPosition LeashTask(targetView=com.honeyspace.ui.common.taskScene.GestureTaskSceneView{9eef795 I.ED..... ......ID 0,0-1080,2400}, cornerRadius=71.15474, targetRect=Rect(208, 372 - 871, 1717), animationProgress=0.964063, fullScreenProgress=-0.0, canHidden=false)
10-04 16:55:33.703  2453  2453 I HoneySpace.RectFAnimation: animateToFinalPosition RectF(208.0, 372.0, 871.0, 1717.0)
10-04 16:55:33.704  2453  2453 I HoneySpace.RectFAnimation: skipToEnd
10-04 16:55:33.704  2453  2453 I HoneySpace.RectFAnimation: skipToEnd
10-04 16:55:33.706  2453  4617 I ViewRootImpl@ec6b24c[RecentsTransitionOverlay]: mWNT: t=0xb40000786d4ac9d0 mBlastBufferQueue=0xb4000078cd40ddd0 fn= 3612 mRenderHdrSdrRatio=1.0 caller= com.android.systemui.shared.launcher.ViewRootImplCompat.mergeWithNextTransaction:4 com.honeyspace.transition.utils.SurfaceTransactionApplier.scheduleApply$lambda$1:26 com.honeyspace.transition.utils.SurfaceTransactionApplier.c:0 
10-04 16:55:33.712  2453  2453 I HoneySpace.TaskViewInteraction: recents taskPosition Rect(210, 375 - 870, 1711)
10-04 16:55:33.712  2453  2453 I HoneySpace.AnimationSession: collect taskPosition LeashTask(targetView=com.honeyspace.ui.common.taskScene.GestureTaskSceneView{9eef795 I.ED..... ......ID 0,0-1080,2400}, cornerRadius=72.013626, targetRect=Rect(210, 375 - 870, 1711), animationProgress=0.97208995, fullScreenProgress=-0.0, canHidden=false)
10-04 16:55:33.712  2453  2453 I HoneySpace.RectFAnimation: animateToFinalPosition RectF(210.0, 375.0, 870.0, 1711.0)
10-04 16:55:33.712  2453  2453 I HoneySpace.RectFAnimation: skipToEnd
10-04 16:55:33.712  2453  2453 I HoneySpace.RectFAnimation: skipToEnd
10-04 16:55:33.715  2453  4617 I ViewRootImpl@ec6b24c[RecentsTransitionOverlay]: mWNT: t=0xb40000786d4920f0 mBlastBufferQueue=0xb4000078cd40ddd0 fn= 3613 mRenderHdrSdrRatio=1.0 caller= com.android.systemui.shared.launcher.ViewRootImplCompat.mergeWithNextTransaction:4 com.honeyspace.transition.utils.SurfaceTransactionApplier.scheduleApply$lambda$1:26 com.honeyspace.transition.utils.SurfaceTransactionApplier.c:0 
10-04 16:55:33.720  2453  2453 I HoneySpace.TaskViewInteraction: recents taskPosition Rect(211, 378 - 868, 1707)
10-04 16:55:33.720  2453  2453 I HoneySpace.AnimationSession: collect taskPosition LeashTask(targetView=com.honeyspace.ui.common.taskScene.GestureTaskSceneView{9eef795 I.ED..... ......ID 0,0-1080,2400}, cornerRadius=72.73403, targetRect=Rect(211, 378 - 868, 1707), animationProgress=0.9788227, fullScreenProgress=-0.0, canHidden=false)
10-04 16:55:33.720  2453  2453 I HoneySpace.RectFAnimation: animateToFinalPosition RectF(211.0, 378.0, 868.0, 1707.0)
10-04 16:55:33.720  2453  2453 I HoneySpace.RectFAnimation: skipToEnd
10-04 16:55:33.720  2453  2453 I HoneySpace.RectFAnimation: skipToEnd
10-04 16:55:33.722  2453  4617 I ViewRootImpl@ec6b24c[RecentsTransitionOverlay]: mWNT: t=0xb40000786d42f930 mBlastBufferQueue=0xb4000078cd40ddd0 fn= 3614 mRenderHdrSdrRatio=1.0 caller= com.android.systemui.shared.launcher.ViewRootImplCompat.mergeWithNextTransaction:4 com.honeyspace.transition.utils.SurfaceTransactionApplier.scheduleApply$lambda$1:26 com.honeyspace.transition.utils.SurfaceTransactionApplier.c:0 
10-04 16:55:33.728  2453  2453 I HoneySpace.TaskViewInteraction: recents taskPosition Rect(213, 380 - 867, 1702)
10-04 16:55:33.728  2453  2453 I HoneySpace.AnimationSession: collect taskPosition LeashTask(targetView=com.honeyspace.ui.common.taskScene.GestureTaskSceneView{9eef795 I.ED..... ......ID 0,0-1080,2400}, cornerRadius=73.39411, targetRect=Rect(213, 380 - 867, 1702), animationProgress=0.9849917, fullScreenProgress=-0.0, canHidden=false)
10-04 16:55:33.728  2453  2453 I HoneySpace.RectFAnimation: animateToFinalPosition RectF(213.0, 380.0, 867.0, 1702.0)
10-04 16:55:33.729  2453  2453 I HoneySpace.RectFAnimation: skipToEnd
10-04 16:55:33.729  2453  2453 I HoneySpace.RectFAnimation: skipToEnd
10-04 16:55:33.732  2453  4617 I ViewRootImpl@ec6b24c[RecentsTransitionOverlay]: mWNT: t=0xb40000786d404850 mBlastBufferQueue=0xb4000078cd40ddd0 fn= 3615 mRenderHdrSdrRatio=1.0 caller= com.android.systemui.shared.launcher.ViewRootImplCompat.mergeWithNextTransaction:4 com.honeyspace.transition.utils.SurfaceTransactionApplier.scheduleApply$lambda$1:26 com.honeyspace.transition.utils.SurfaceTransactionApplier.c:0 
10-04 16:55:33.737  2453  2453 I HoneySpace.TaskViewInteraction: recents taskPosition Rect(214, 382 - 866, 1699)
10-04 16:55:33.737  2453  2453 I HoneySpace.AnimationSession: collect taskPosition LeashTask(targetView=com.honeyspace.ui.common.taskScene.GestureTaskSceneView{9eef795 I.ED..... ......ID 0,0-1080,2400}, cornerRadius=73.860664, targetRect=Rect(214, 382 - 866, 1699), animationProgress=0.989352, fullScreenProgress=-0.0, canHidden=false)
10-04 16:55:33.737  2453  2453 I HoneySpace.RectFAnimation: animateToFinalPosition RectF(214.0, 382.0, 866.0, 1699.0)
10-04 16:55:33.737  2453  2453 I HoneySpace.RectFAnimation: skipToEnd
10-04 16:55:33.737  2453  2453 I HoneySpace.RectFAnimation: skipToEnd
10-04 16:55:33.740  2453  4617 I ViewRootImpl@ec6b24c[RecentsTransitionOverlay]: mWNT: t=0xb40000786d4a4050 mBlastBufferQueue=0xb4000078cd40ddd0 fn= 3616 mRenderHdrSdrRatio=1.0 caller= com.android.systemui.shared.launcher.ViewRootImplCompat.mergeWithNextTransaction:4 com.honeyspace.transition.utils.SurfaceTransactionApplier.scheduleApply$lambda$1:26 com.honeyspace.transition.utils.SurfaceTransactionApplier.c:0 
10-04 16:55:33.745  2453  2453 I HoneySpace.TaskViewInteraction: recents taskPosition Rect(214, 383 - 865, 1696)
10-04 16:55:33.745  2453  2453 I HoneySpace.AnimationSession: collect taskPosition LeashTask(targetView=com.honeyspace.ui.common.taskScene.GestureTaskSceneView{9eef795 I.ED..... ......ID 0,0-1080,2400}, cornerRadius=74.22678, targetRect=Rect(214, 383 - 865, 1696), animationProgress=0.99277365, fullScreenProgress=-0.0, canHidden=false)
10-04 16:55:33.745  2453  2453 I HoneySpace.RectFAnimation: animateToFinalPosition RectF(214.0, 383.0, 865.0, 1696.0)
10-04 16:55:33.745  2453  2453 I HoneySpace.RectFAnimation: skipToEnd
10-04 16:55:33.745  2453  2453 I HoneySpace.RectFAnimation: skipToEnd
10-04 16:55:33.748  2453  4617 I ViewRootImpl@ec6b24c[RecentsTransitionOverlay]: mWNT: t=0xb40000786d47cbf0 mBlastBufferQueue=0xb4000078cd40ddd0 fn= 3617 mRenderHdrSdrRatio=1.0 caller= com.android.systemui.shared.launcher.ViewRootImplCompat.mergeWithNextTransaction:4 com.honeyspace.transition.utils.SurfaceTransactionApplier.scheduleApply$lambda$1:26 com.honeyspace.transition.utils.SurfaceTransactionApplier.c:0 
10-04 16:55:33.753  2453  2453 I HoneySpace.TaskViewInteraction: recents taskPosition Rect(215, 384 - 864, 1694)
10-04 16:55:33.753  2453  2453 I HoneySpace.AnimationSession: collect taskPosition LeashTask(targetView=com.honeyspace.ui.common.taskScene.GestureTaskSceneView{9eef795 I.ED..... ......ID 0,0-1080,2400}, cornerRadius=74.53376, targetRect=Rect(215, 384 - 864, 1694), animationProgress=0.9956426, fullScreenProgress=-0.0, canHidden=false)
10-04 16:55:33.754  2453  2453 I HoneySpace.RectFAnimation: animateToFinalPosition RectF(215.0, 384.0, 864.0, 1694.0)
10-04 16:55:33.754  2453  2453 I HoneySpace.RectFAnimation: skipToEnd
10-04 16:55:33.754  2453  2453 I HoneySpace.RectFAnimation: skipToEnd
10-04 16:55:33.756  2453  4617 I ViewRootImpl@ec6b24c[RecentsTransitionOverlay]: mWNT: t=0xb40000786d4953d0 mBlastBufferQueue=0xb4000078cd40ddd0 fn= 3618 mRenderHdrSdrRatio=1.0 caller= com.android.systemui.shared.launcher.ViewRootImplCompat.mergeWithNextTransaction:4 com.honeyspace.transition.utils.SurfaceTransactionApplier.scheduleApply$lambda$1:26 com.honeyspace.transition.utils.SurfaceTransactionApplier.c:0 
10-04 16:55:33.762  2453  2453 I HoneySpace.TaskViewInteraction: recents taskPosition Rect(215, 385 - 864, 1693)
10-04 16:55:33.762  2453  2453 I HoneySpace.AnimationSession: collect taskPosition LeashTask(targetView=com.honeyspace.ui.common.taskScene.GestureTaskSceneView{9eef795 I.ED..... ......ID 0,0-1080,2400}, cornerRadius=74.72687, targetRect=Rect(215, 385 - 864, 1693), animationProgress=0.9974474, fullScreenProgress=-0.0, canHidden=false)
10-04 16:55:33.762  2453  2453 I HoneySpace.RectFAnimation: animateToFinalPosition RectF(215.0, 385.0, 864.0, 1693.0)
10-04 16:55:33.762  2453  2453 I HoneySpace.RectFAnimation: skipToEnd
10-04 16:55:33.762  2453  2453 I HoneySpace.RectFAnimation: skipToEnd
10-04 16:55:33.765  2453  4617 I ViewRootImpl@ec6b24c[RecentsTransitionOverlay]: mWNT: t=0xb40000786d47bcd0 mBlastBufferQueue=0xb4000078cd40ddd0 fn= 3619 mRenderHdrSdrRatio=1.0 caller= com.android.systemui.shared.launcher.ViewRootImplCompat.mergeWithNextTransaction:4 com.honeyspace.transition.utils.SurfaceTransactionApplier.scheduleApply$lambda$1:26 com.honeyspace.transition.utils.SurfaceTransactionApplier.c:0 
10-04 16:55:33.770  2453  2453 I HoneySpace.TaskViewInteraction: recents taskPosition Rect(216, 386 - 864, 1693)
10-04 16:55:33.770  2453  2453 I HoneySpace.AnimationSession: collect taskPosition LeashTask(targetView=com.honeyspace.ui.common.taskScene.GestureTaskSceneView{9eef795 I.ED..... ......ID 0,0-1080,2400}, cornerRadius=74.87014, targetRect=Rect(216, 386 - 864, 1693), animationProgress=0.9987864, fullScreenProgress=-0.0, canHidden=false)
10-04 16:55:33.770  2453  2453 I HoneySpace.RectFAnimation: animateToFinalPosition RectF(216.0, 386.0, 864.0, 1693.0)
10-04 16:55:33.770  2453  2453 I HoneySpace.RectFAnimation: skipToEnd
10-04 16:55:33.770  2453  2453 I HoneySpace.RectFAnimation: skipToEnd
10-04 16:55:33.773  2453  4617 I ViewRootImpl@ec6b24c[RecentsTransitionOverlay]: mWNT: t=0xb40000786d401db0 mBlastBufferQueue=0xb4000078cd40ddd0 fn= 3620 mRenderHdrSdrRatio=1.0 caller= com.android.systemui.shared.launcher.ViewRootImplCompat.mergeWithNextTransaction:4 com.honeyspace.transition.utils.SurfaceTransactionApplier.scheduleApply$lambda$1:26 com.honeyspace.transition.utils.SurfaceTransactionApplier.c:0 
10-04 16:55:33.778  2453  2453 I HoneySpace.TaskViewInteraction: recents taskPosition Rect(216, 386 - 864, 1692)
10-04 16:55:33.779  2453  2453 I HoneySpace.AnimationSession: collect taskPosition LeashTask(targetView=com.honeyspace.ui.common.taskScene.GestureTaskSceneView{9eef795 I.ED..... ......ID 0,0-1080,2400}, cornerRadius=74.94521, targetRect=Rect(216, 386 - 864, 1692), animationProgress=0.999488, fullScreenProgress=-0.0, canHidden=false)
10-04 16:55:33.779  2453  2453 I HoneySpace.RectFAnimation: animateToFinalPosition RectF(216.0, 386.0, 864.0, 1692.0)
10-04 16:55:33.779  2453  2453 I HoneySpace.RectFAnimation: skipToEnd
10-04 16:55:33.779  2453  2453 I HoneySpace.RectFAnimation: skipToEnd
10-04 16:55:33.781  2453  4617 I ViewRootImpl@ec6b24c[RecentsTransitionOverlay]: mWNT: t=0xb40000786d42cbd0 mBlastBufferQueue=0xb4000078cd40ddd0 fn= 3621 mRenderHdrSdrRatio=1.0 caller= com.android.systemui.shared.launcher.ViewRootImplCompat.mergeWithNextTransaction:4 com.honeyspace.transition.utils.SurfaceTransactionApplier.scheduleApply$lambda$1:26 com.honeyspace.transition.utils.SurfaceTransactionApplier.c:0 
10-04 16:55:33.787  2453  2453 I HoneySpace.TaskViewInteraction: recents taskPosition Rect(216, 386 - 864, 1692)
10-04 16:55:33.787  2453  2453 I HoneySpace.AnimationSession: collect taskPosition LeashTask(targetView=com.honeyspace.ui.common.taskScene.GestureTaskSceneView{9eef795 I.ED..... ......ID 0,0-1080,2400}, cornerRadius=74.98377, targetRect=Rect(216, 386 - 864, 1692), animationProgress=0.9998483, fullScreenProgress=-0.0, canHidden=false)
10-04 16:55:33.787  2453  2453 I HoneySpace.RectFAnimation: animateToFinalPosition RectF(216.0, 386.0, 864.0, 1692.0)
10-04 16:55:33.787  2453  2453 I HoneySpace.RectFAnimation: skipToEnd
10-04 16:55:33.787  2453  2453 I HoneySpace.RectFAnimation: skipToEnd
10-04 16:55:33.791  2453  4617 I ViewRootImpl@ec6b24c[RecentsTransitionOverlay]: mWNT: t=0xb40000786d4a4cb0 mBlastBufferQueue=0xb4000078cd40ddd0 fn= 3622 mRenderHdrSdrRatio=1.0 caller= com.android.systemui.shared.launcher.ViewRootImplCompat.mergeWithNextTransaction:4 com.honeyspace.transition.utils.SurfaceTransactionApplier.scheduleApply$lambda$1:26 com.honeyspace.transition.utils.SurfaceTransactionApplier.c:0 
10-04 16:55:33.795  2453  2453 I HoneySpace.TaskViewInteraction: recents taskPosition Rect(216, 386 - 864, 1692)
10-04 16:55:33.795  2453  2453 I HoneySpace.AnimationSession: collect taskPosition LeashTask(targetView=com.honeyspace.ui.common.taskScene.GestureTaskSceneView{9eef795 I.ED..... ......ID 0,0-1080,2400}, cornerRadius=74.99864, targetRect=Rect(216, 386 - 864, 1692), animationProgress=0.9999873, fullScreenProgress=-0.0, canHidden=false)
10-04 16:55:33.795  2453  2453 I HoneySpace.RectFAnimation: animateToFinalPosition RectF(216.0, 386.0, 864.0, 1692.0)
10-04 16:55:33.796  2453  2453 I HoneySpace.RectFAnimation: skipToEnd
10-04 16:55:33.796  2453  2453 I HoneySpace.RectFAnimation: skipToEnd
10-04 16:55:33.796  2453  2453 I HoneySpace.RectFAnimation: animation ended
10-04 16:55:33.799  2453  4617 I ViewRootImpl@ec6b24c[RecentsTransitionOverlay]: mWNT: t=0xb40000786d496710 mBlastBufferQueue=0xb4000078cd40ddd0 fn= 3623 mRenderHdrSdrRatio=1.0 caller= com.android.systemui.shared.launcher.ViewRootImplCompat.mergeWithNextTransaction:4 com.honeyspace.transition.utils.SurfaceTransactionApplier.scheduleApply$lambda$1:26 com.honeyspace.transition.utils.SurfaceTransactionApplier.c:0 
10-04 16:55:33.799   676   676 D io_stats: !@   8,0 r 706552 27994060 w 792789 17794444 d 216628 120718488 f 0 0 iot 796872 0 th 0 0 0 pt 0 inp 0 0 89542.268
10-04 16:55:33.804  2453  2453 I HoneySpace.TaskViewInteraction: recents taskPosition Rect(216, 386 - 864, 1692)
10-04 16:55:33.804  2453  2453 I HoneySpace.AnimationSession: collect taskPosition LeashTask(targetView=com.honeyspace.ui.common.taskScene.GestureTaskSceneView{9eef795 I.ED..... ......ID 0,0-1080,2400}, cornerRadius=75.0, targetRect=Rect(216, 386 - 864, 1692), animationProgress=1.0, fullScreenProgress=-0.0, canHidden=false)
10-04 16:55:33.804  2453  2453 I HoneySpace.RectFAnimation: animateToFinalPosition RectF(216.0, 386.0, 864.0, 1692.0)
10-04 16:55:33.804  2453  2453 I HoneySpace.GestureRecentViewControllerImpl: doOnEnd RecentEnterAnimator getRecentEnterAnimation
10-04 16:55:33.804  2453  2453 I HoneySpace.GestureRecentViewControllerImpl: onEnterAnimationCompleted.
10-04 16:55:33.804  2453  2453 I HoneySpace.TaskListViewModel: setGestureActive, active = false
10-04 16:55:33.804  2453  2453 I HoneySpace.BaseRecentsView: startPropertyOnTaskAnimation, needAnim = true
10-04 16:55:33.804  2453  2453 I HoneySpace.LeashUpdater: hideAppearedLeashOverlayTarget
10-04 16:55:33.805  2453  4618 I ViewRootImpl@1f7ce54[RecentsActivity]: mWNT: t=0xb40000786d3fbc10 mBlastBufferQueue=0xb4000078cd442350 fn= 38 mRenderHdrSdrRatio=1.0 caller= com.android.systemui.shared.launcher.ViewRootImplCompat.mergeWithNextTransaction:4 com.honeyspace.transition.utils.SurfaceTransactionApplier.scheduleApply$lambda$1:26 com.honeyspace.transition.utils.SurfaceTransactionApplier.c:0 
10-04 16:55:33.805  2453  6740 I HoneySpace.RecentsAnimationController: getScreenshotTask, taskId = 148
10-04 16:55:33.805  2042  2769 V ShellRecents: [44710043] RecentsController.screenshotTask: taskId=148
10-04 16:55:33.806  1427  7972 D RestrictionPolicy: isScreenCaptureEnabled : ret=true userId=0
10-04 16:55:33.806  1427  7972 D RestrictionPolicy: isScreenCaptureEnabled : ret=true userId=0
10-04 16:55:33.808  1427  7972 D ScreenCapture: [Capture_TEST] : setIsScreenShotBySystem false
10-04 16:55:33.809  1073  1073 I Layer   : id=5564 Destroyed Screenshot Parent#5564
10-04 16:55:33.809  1073  1127 D RenderEngine: [SEC_GC_CMN_SF_EFFECTS] drawLayersInternal,1284, Rendering layer  at index 0
10-04 16:55:33.809  1073  1127 D RenderEngine: [SEC_GC_CMN_SF_EFFECTS] drawLayersInternal,1284, Rendering layer com.companyname.mauiappwindowtest/crc6457a4a0fbbd3bbed6.MainActivity$_16972#5551 at index 1
10-04 16:55:33.811  2453  2453 I HoneySpace.GestureRecentViewControllerImpl: taskIdList = [148], taskView = b505933
10-04 16:55:33.811  2453  2453 I HoneySpace.TaskSceneView: thumbnail.size = 1, task.size = 1
10-04 16:55:33.811  2453  2453 I HoneySpace.TaskSceneView: windowingMode = [1]
10-04 16:55:33.812  2453  2453 I HoneySpace.TaskSceneView: deltaRotation = 0, sceneType = SingleType, fitType = [AutoFitType], fitScale = [1.0]
10-04 16:55:33.812  2453  2453 I HoneySpace.TaskSceneView: sceneBoundInfo = sceneRatio : (vertical=1.0, horizontal=1.0), dividerRatio : (vertical=0.0, horizontal=0.0)
10-04 16:55:33.812  2453  2453 I HoneySpace.TaskSceneView: hasStage = false
10-04 16:55:33.812  2453  2453 W HoneySpace.TaskSceneView: sceneStateInfo = SceneStateInfo(launchSrcBounds=[RectF(0.0, 0.0, 648.0, 1306.0)], launchDestBounds=[RectF(0.0, 0.0, 1080.0, 2400.0)], launchClipInsets=[RectF(0.0, 80.0, 1.2207031E-4, 144.0)], srcShrinkCropBounds=[RectF(1.0, 81.0, 1078.9999, 2255.0)], srcFullCropBounds=[RectF(0.0, 0.0, 1080.0, 2400.0)], destShrinkCropBounds=[RectF(0.0, 0.0, 648.0, 1306.0)], destFullCropBounds=[RectF(0.0, 0.0, 648.0, 1306.0)], destShrinkBgCropBounds=[RectF(1.0, 1.0, 647.0, 1305.0)], destFullBgCropBounds=[RectF(0.0, 0.0, 648.0, 1306.0)], destStageCropBounds=RectF(0.0, 0.0, 0.0, 0.0), shrinkCornerRadius=interface um.a, fullCornerRadii=[[F@61e75a6], stageCornerRadius=-32.0, shrinkProgress=1.0, fullProgress=0.9066667)
10-04 16:55:33.812  1073  1073 I Layer   : Layer [Surface(name=TransientLaunchOverlayToken{fb49392 token=android.os.BinderProxy@2aee51d})/@0x9146b68_transition-leash#5557] hidden!! flag(1)
10-04 16:55:33.812  2453  2453 I HoneySpace.RectFAnimation: skipToEnd
10-04 16:55:33.812  2453  2453 I HoneySpace.RectFAnimation: skipToEnd
10-04 16:55:33.815  2453  4618 I ViewRootImpl@ec6b24c[RecentsTransitionOverlay]: mWNT: t=0xb40000786d488430 mBlastBufferQueue=0xb4000078cd40ddd0 fn= 3624 mRenderHdrSdrRatio=1.0 caller= com.android.systemui.shared.launcher.ViewRootImplCompat.mergeWithNextTransaction:4 com.honeyspace.transition.utils.SurfaceTransactionApplier.scheduleApply$lambda$1:26 com.honeyspace.transition.utils.SurfaceTransactionApplier.c:0 
10-04 16:55:33.816  1073  1073 D SurfaceFlinger: Display 4633128672291735937 HWC layers:
10-04 16:55:33.816  1073  1073 D SurfaceFlinger:      CLIENT | 0xb400007784fa1a50 | 0100 | RGBA_8888    |  681.0   48.0 1719.0 2352.0 |    0    0 1080 2400 | Wallpaper BBQ wrapper 5_system#85
10-04 16:55:33.816  1073  1073 D SurfaceFlinger:      CLIENT | 0xb400007784fbf810 | 0100 | RGBA_8888    |    0.0    0.0 1080.0 2400.0 |    0    0 1080 2400 | com.sec.android.app.launcher/com.and[...]ntsActivity$_2453#5560 (blurRegions)
10-04 16:55:33.816  1073  1073 D SurfaceFlinger:      CLIENT | 0xb400007784fc2050 | 0102 | RGBA_8888    |    0.0   79.0 1079.0 2256.0 |  216  385  863 1692 | com.companyname.mauiappwindowtest/cr[...]0fbbd3bbed6.MainActivity$_16972#5551
10-04 16:55:33.816  1073  1073 D SurfaceFlinger:      DEVICE | 0xb400007784fa6210 | 0100 | RGBA_8888    |    0.0    0.0 1080.0   80.0 |    0    0 1080   80 | StatusBar$_2042#89
10-04 16:55:33.816  1073  1073 D SurfaceFlinger:      DEVICE | 0xb400007784fe2110 | 0100 | RGBA_8888    |    0.0    0.0   67.0  342.0 | 1013  623 1080  965 | com.sec.android.app.launcher/com.sam[...]e.edge.CocktailBarService$_2453#2631
10-04 16:55:33.816  1073  1073 D SurfaceFlinger:      DEVICE | 0xb400007784fab610 | 0100 | RGBA_8888    |    0.0    0.0 1080.0  144.0 |    0 2256 1080 2400 | NavigationBar0$_2042#82
10-04 16:55:33.816  1073  1073 D SurfaceFlinger:      DEVICE | 0xb4
10-04 16:55:33.816  1073  1073 D SurfaceFlinger: 00007784fb6510 | 0140 | RGBA_8888    |    0.0    0.0 1080.0   80.0 |    0    0 1080   80 | ScreenDecorOverlay$_2042#99
10-04 16:55:33.816  1073  1073 D SurfaceFlinger:      DEVICE | 0xb400007784fd5ed0 | 0140 | RGBA_8888    |    0.0    0.0 1080.0   80.0 |    0 2320 1080 2400 | ScreenDecorOverlayBottom$_2042#100
10-04 16:55:33.816  1073  1073 D SurfaceFlinger: 
10-04 16:55:33.820  2453  2453 I HoneySpace.RectFAnimation: skipToEnd
10-04 16:55:33.820  2453  2453 I HoneySpace.RectFAnimation: skipToEnd
10-04 16:55:33.820  2453  2453 I HoneySpace.RectFAnimation: animation ended
10-04 16:55:33.823  2453  4618 I ViewRootImpl@ec6b24c[RecentsTransitionOverlay]: mWNT: t=0xb40000786d4aa350 mBlastBufferQueue=0xb4000078cd40ddd0 fn= 3625 mRenderHdrSdrRatio=1.0 caller= com.android.systemui.shared.launcher.ViewRootImplCompat.mergeWithNextTransaction:4 com.honeyspace.transition.utils.SurfaceTransactionApplier.scheduleApply$lambda$1:26 com.honeyspace.transition.utils.SurfaceTransactionApplier.c:0 
10-04 16:55:33.823  2453  2453 I HoneySpace.GestureEventController: notifyFinishHomeToRecentAnimation
10-04 16:55:33.824  2453  2453 I HoneySpace.AnimationSession: requestFinishRecentAnimation()
10-04 16:55:33.824  2453  2453 I HoneySpace.AnimationSession: taskListView appeared : false
10-04 16:55:33.824  2453  2453 I HoneySpace.RecentsAnimationManager: finish
10-04 16:55:33.824  2453  2453 I HoneySpace.MultiStateCallback: [223165065] Adding [STATE_GESTURE_END (2)] to [STATE_START_RECENTS_TRANSITION, STATE_RECENTS_ANIMATION_STARTED, STATE_GESTURE_START_RECENTS_SCREEN, STATE_GESTURE_START_BYKEY, STATE_RECENT_APPEARED (49428)]
10-04 16:55:33.824  2453  2453 I HoneySpace.RecentsAnimationManager: onGestureEnd: com.honeyspace.gesture.recentsanimation.GestureEndTarget$Companion$RECENTS$1@d6fddde
10-04 16:55:33.824  2453  2453 I HoneySpace.RecentsAnimationManager: finishController() toHome = true, sendUserLeaveHint = false
10-04 16:55:33.824  2453  2453 I HoneySpace.RecentsAnimationController: setWillFinishToHome true
10-04 16:55:33.824  2453  2453 I HoneySpace.ShellTransitionManager: finishGestureTransition
10-04 16:55:33.824  2453  2453 I HoneySpace.RecentsAnimationController: finish, toHome = true, sendUserLeaveHint = false
10-04 16:55:33.824  2453  2453 I HoneySpace.MultiStateCallback: [223165065] Adding [STATE_RECENTS_ANIMATION_FINISHED, STATE_HANDLER_INVALIDATED (65600)] to [STATE_GESTURE_END, STATE_START_RECENTS_TRANSITION, STATE_RECENTS_ANIMATION_STARTED, STATE_GESTURE_START_RECENTS_SCREEN, STATE_GESTURE_START_BYKEY, STATE_RECENT_APPEARED (49430)]
10-04 16:55:33.824  2453  2453 I HoneySpace.RecentsAnimationManager: invalidate
10-04 16:55:33.824  2453  2453 I HoneySpace.InputConsumerProxy: end
10-04 16:55:33.824  2453  2453 I HoneySpace.RectFAnimation: skipToEnd
10-04 16:55:33.824  2453  2453 I HoneySpace.LeashOverlayWindowImpl: removeGestureTaskListView : com.honeyspace.gesture.presentation.GestureTaskListView{a8026bc V.ED..... ........ 0,0-1080,2400}
10-04 16:55:33.824  2453  2453 I HoneySpace.GestureTaskListView: clear
10-04 16:55:33.824  2453  2453 I HoneySpace.RecentInteraction: onFinishRecentAnimation.
10-04 16:55:33.824  2453  2453 I HoneySpace.AnimationSession: close
10-04 16:55:33.824  2453  2453 I HoneySpace.DvfsManager: HOME_GESTURE_BOOSTER release
10-04 16:55:33.824  2453  2453 I HoneySpace.RecentInteraction: sendRecentsAnimationEvent. isStarted: false
10-04 16:55:33.825  2042  2164 V ShellRecents: [44710043] RecentsController.finishInner: toHome=true userLeave=false willFinishToHome=true state=0
10-04 16:55:33.825  2042  2164 V ShellRecents:   normal finish
10-04 16:55:33.825  2453  2453 I HoneySpace.GestureRecentViewControllerImpl: collect leashRunningTaskId : -1
10-04 16:55:33.825  2453 15403 I HoneySpace.OverviewEventHandler: onRecentAnimationFinishCallback: false
10-04 16:55:33.825  2453  2453 I HoneySpace.GestureEventController: RecentsAnimationFinished.
10-04 16:55:33.825  2042  2164 I SurfaceControl: hide, t=FinishTransaction_SyncId<428>, sc=Surface(name=Task=148)/@0xda8b426, caller=com.android.wm.shell.recents.RecentsTransitionHandler$RecentsController.finishInner:488 com.android.wm.shell.recents.RecentsTransitionHandler$RecentsController$$ExternalSyntheticLambda2.run:7 android.os.Handler.handleCallback:958 android.os.Handler.dispatchMessage:99 android.os.Looper.loopOnce:230 android.os.Looper.loop:319 
10-04 16:55:33.825  2042  2164 V ShellRecents: [44710043] RecentsController.cleanup
10-04 16:55:33.825  2453  2453 I HoneySpace.RunnableList: executeAllAndClear() called
10-04 16:55:33.825  1073  1124 I SurfaceFlinger: id=5558 Removed Surface(name=Task=7)/@0xdb9b81_transition-leash#5558 (125)
10-04 16:55:33.825  1073  1124 I SurfaceFlinger: id=5557 Removed Surface(name=TransientLaunchOverlayToken{fb49392 token=android.os.BinderProxy@2aee51d})/@0x9146b68_transition-leash#5557 (125)
10-04 16:55:33.825  2453 10484 I HoneySpace.RecentTasks: onAnimationStateChanged() called with: running = false
10-04 16:55:33.825  2042  2164 V WindowManagerShell: Transition animation finished (aborted=false), notifying core (#428)android.os.BinderProxy@f2d2013@0
10-04 16:55:33.825  2042  2164 I SurfaceControl: apply is called, name=FinishTransaction_SyncId<428>, caller=android.view.SurfaceControl$Transaction.apply:2921 com.android.wm.shell.transition.Transitions.onFinish:302 com.android.wm.shell.transition.Transitions$$ExternalSyntheticLambda6.onTransitionFinished:11 com.android.wm.shell.recents.RecentsTransitionHandler$RecentsController.finishInner:548 com.android.wm.shell.recents.RecentsTransitionHandler$RecentsController$$ExternalSyntheticLambda2.run:7 android.os.Handler.handleCallback:958 
10-04 16:55:33.825  2453  6740 I HoneySpace.ShellTransitionManager: transitionRunning END! : false
10-04 16:55:33.826  1427  7159 V WindowManager: Finish Transition: TransitionRecord{e22f8cd id=428 type=TO_FRONT flags=0x80}, caller=com.android.server.wm.WindowOrganizerController.finishTransition:454 android.window.IWindowOrganizerController$Stub.onTransact:286 com.android.server.wm.WindowOrganizerController.onTransact:217 
10-04 16:55:33.826   994  1071 I HYPER-HAL: [ResourceManager.cpp]removeResource(): [CPUMinFreq] RemoveResource Request ID : 3009831
10-04 16:55:33.826  1427  1578 V WindowManager: Finish Transition #428: created at 10-04 16:55:33.442 collect-started=0.335ms started=0.483ms ready=6.455ms sent=22.526ms finished=384.055ms
10-04 16:55:33.826   994  1071 I HYPER-HAL: [RequestManager.cpp]releaseLocked(): Released ID : 3009831
10-04 16:55:33.827  1427  7159 V WindowManager: Setting visibility of Window{344fe1b u0 com.companyname.mauiappwindowtest/crc6457a4a0fbbd3bbed6.MainActivity}: false, caller=com.android.server.wm.WindowContainer.sendAppVisibilityToClients:1301 com.android.server.wm.WindowToken.setClientVisible:446 com.android.server.wm.ActivityRecord.setClientVisible:8121 com.android.server.wm.ActivityRecord.postApplyAnimation:6685 com.android.server.wm.ActivityRecord.commitVisibility:6628 
10-04 16:55:33.827  1427  7159 I TransientLaunchOverlayToken: setVisibility, visible=false, t=TransientLaunchOverlayToken{fb49392 token=android.os.BinderProxy@2aee51d}, caller=com.android.server.wm.Transition.finishTransition:1507 com.android.server.wm.TransitionController.finishTransition:1113 com.android.server.wm.WindowOrganizerController.finishTransition:454 
10-04 16:55:33.827 16972 16972 I ViewRootImpl@56e8b21[MainActivity]: handleAppVisibility mAppVisible = true visible = false
10-04 16:55:33.828  1427  7159 D ActivityTaskManager: setCanAffectSystemUiFlags: true for Task{9be573a #7 type=recents I=com.sec.android.app.launcher/com.android.quickstep.RecentsActivity} from com.android.server.wm.Transition.finishTransition:1632 com.android.server.wm.TransitionController.finishTransition:1113 com.android.server.wm.WindowOrganizerController.finishTransition:454 android.window.IWindowOrganizerController$Stub.onTransact:286 com.android.server.wm.WindowOrganizerController.onTransact:217 android.os.Binder.execTransactInternal:1380 android.os.Binder.execTransact:1311 <bottom of call stack> <bottom of call stack> <bottom of call stack> 
10-04 16:55:33.829  2042  2164 V WindowManagerShell: Track 0 became idle
10-04 16:55:33.829  2042  2164 V WindowManagerShell: All active transition animations finished
10-04 16:55:33.829  1073  1073 I Layer   : Layer [Task=148#5542] hidden!! flag(1)
10-04 16:55:33.829  1073  1073 I Layer   : id=5556 removeFromCurrentState Transition Root: Task=7#5556 (125)
10-04 16:55:33.829  1073  1073 I Layer   : id=5558 removeFromCurrentState Surface(name=Task=7)/@0xdb9b81_transition-leash#5558 (125)
10-04 16:55:33.829  1073  1073 I Layer   : id=125 removeFromCurrentState Task=7#125 (125)
10-04 16:55:33.829  1073  1073 I Layer   : id=126 removeFromCurrentState ActivityRecord{38c4e65 u0 com.sec.android.app.launcher/com.android.quickstep.RecentsActivity t7}#126 (125)
10-04 16:55:33.829  1073  1073 I Layer   : id=439 removeFromCurrentState bc64b5c ActivityRecordInputSink com.sec.android.app.launcher/com.android.quickstep.RecentsActivity#439 (125)
10-04 16:55:33.829  1073  1073 I Layer   : id=135 removeFromCurrentState e458a32 com.sec.android.app.launcher/com.android.quickstep.RecentsActivity#135 (125)
10-04 16:55:33.829  1073  1073 I Layer   : id=5560 removeFromCurrentState com.sec.android.app.launcher/com.android.quickstep.RecentsActivity$_2453#5560 (125)
10-04 16:55:33.829  1073  1073 I Layer   : id=5557 removeFromCurrentState Surface(name=TransientLaunchOverlayToken{fb49392 token=android.os.BinderProxy@2aee51d})/@0x9146b68_transition-leash#5557 (125)
10-04 16:55:33.829  1073  1073 I Layer   : id=127 removeFromCurrentState TransientLaunchOverlayToken{fb49392 token=android.os.BinderProxy@2aee51d}#127 (125)
10-04 16:55:33.829  1073  1073 I Layer   : id=128 removeFromCurrentState 9c58163 RecentsTransitionOverlay#128 (125)
10-04 16:55:33.829  1073  1073 I Layer   : id=132 removeFromCurrentState RecentsTransitionOverlay$_2453#132 (125)
