10-04 16:55:34.875  1073  1073 I SurfaceFlinger: id=5543 Removed ActivityRecord{7496249 u0 com.companyname.mauiappwindowtest/crc6457a4a0fbbd3bbed6.MainActivity t148}#5543 (125)
10-04 16:55:34.875  1073  1073 I SurfaceFlinger: id=5550 Removed 344fe1b com.companyname.mauiappwindowtest/crc6457a4a0fbbd3bbed6.MainActivity#5550 (125)
10-04 16:55:34.883  1073  1073 I Layer   : id=5550 Destroyed 344fe1b com.companyname.mauiappwindowtest/crc6457a4a0fbbd3bbed6.MainActivity#5550
10-04 16:55:34.883  1073  1073 I Layer   : id=5574 Destroyed Task=148#5574
10-04 16:55:34.883  1073  1073 I Layer   : id=5543 Destroyed ActivityRecord{7496249 u0 com.companyname.mauiappwindowtest/crc6457a4a0fbbd3bbed6.MainActivity t148}#5543
10-04 16:55:34.883  1073  1073 I Layer   : id=5549 Destroyed 2666613 ActivityRecordInputSink com.companyname.mauiappwindowtest/crc6457a4a0fbbd3bbed6.MainActivity#5549
10-04 16:55:34.899  3946 11450 I SDHMS:l : onTaskStackChanged
10-04 16:55:34.900  2453 15403 I HoneySpace.RecentTasks: onRecentTasksChanged
10-04 16:55:34.987  2042  2042 D MobileSignalTransitionManager: updateSignalTransition
10-04 16:55:34.992  1073  1073 D SurfaceFlinger: GPIS:: requestGPISForClientComposition
10-04 16:55:34.993  1073  3020 D NativeSemDvfsManager: acquire:: timeout = 2000 mIsAcquired = 1  mTagName : SurfaceFlinger 
10-04 16:55:34.993  1073  3020 E NativeCustomFrequencyManager: [NativeCFMS] BpCustomFrequencyManager::acquire()
10-04 16:55:34.993   994  1071 I HYPER-HAL: [RequestManager.cpp]acquire(): Acquired ID : 2150701  [1073 / 1000]    HINT : SF_GPU_MINLOCK    list : [TIMEOUT / 2000] 
10-04 16:55:35.084  2453  2453 I HoneySpace.HomescreenPot: playContentAnimator end, skip alpha: false
10-04 16:55:35.084  2453  2453 I HoneySpace.HoneyScreenManagerImpl: transitionAnimator is ended, onCancel: false
10-04 16:55:35.084  2453  2453 I HoneySpace.ContentsAnimator: ContentsAnimator end
10-04 16:55:35.084  2453  2453 I HoneySpace.RecentsCloseAnimationDelegate: onAnimationEnd
10-04 16:55:35.084  2453  2453 I HoneySpace.RunnableList: executeAllAndClear() called
10-04 16:55:35.084  2453  2453 I HoneySpace.AnimationResult: finish, false
10-04 16:55:35.085  2042  2164 V WindowManagerShell: Transition animation finished (aborted=false), notifying core (#429)android.os.BinderProxy@b60ee74@0
10-04 16:55:35.085  2042  2164 I SurfaceControl: apply is called, name=FinishTransaction_SyncId<429>, caller=android.view.SurfaceControl$Transaction.apply:2921 com.android.wm.shell.transition.Transitions.onFinish:302 com.android.wm.shell.transition.Transitions$$ExternalSyntheticLambda6.onTransitionFinished:11 com.android.wm.shell.transition.RemoteTransitionHandler$1$$ExternalSyntheticLambda0.run:118 android.os.Handler.handleCallback:958 android.os.Handler.dispatchMessage:99 
10-04 16:55:35.085  2453  6740 I HoneySpace.AnimationResult: asyncFinishRunnable run
10-04 16:55:35.086  2453  2453 I HoneySpace.ShellTransitionManager: open normal end
10-04 16:55:35.086  2453  2453 I HoneySpace.AnimationResult: completeCallback run
10-04 16:55:35.086  1427  4443 V WindowManager: Finish Transition: TransitionRecord{c4480b2 id=429 type=OPEN flags=0x0}, caller=com.android.server.wm.WindowOrganizerController.finishTransition:454 android.window.IWindowOrganizerController$Stub.onTransact:286 com.android.server.wm.WindowOrganizerController.onTransact:217 
10-04 16:55:35.086  1427  1578 V WindowManager: Finish Transition #429: created at 10-04 16:55:34.792 collect-started=0.225ms request-sent=10.071ms started=18.141ms ready=18.128ms sent=35.395ms finished=294.098ms
10-04 16:55:35.086  1427  4443 V WindowManager: Setting visibility of Window{e458a32 u0 com.sec.android.app.launcher/com.android.quickstep.RecentsActivity}: false, caller=com.android.server.wm.WindowContainer.sendAppVisibilityToClients:1301 com.android.server.wm.WindowToken.setClientVisible:446 com.android.server.wm.ActivityRecord.setClientVisible:8121 com.android.server.wm.ActivityRecord.postApplyAnimation:6685 com.android.server.wm.ActivityRecord.commitVisibility:6628 
10-04 16:55:35.087  2453  2453 I ViewRootImpl@1f7ce54[RecentsActivity]: handleAppVisibility mAppVisible = true visible = false
10-04 16:55:35.087  2042  2164 V WindowManagerShell: Track 0 became idle
10-04 16:55:35.087  2042  2164 V WindowManagerShell: All active transition animations finished
10-04 16:55:35.092  1073  1073 I Layer   : id=5570 removeFromCurrentState Transition Root: Task=1#5570 (121)
10-04 16:55:35.092  1073  1073 I Layer   : id=5572 removeFromCurrentState Surface(name=Task=7)/@0x771d38f_transition-leash#5572 (121)
10-04 16:55:35.092  1073  1073 I Layer   : id=125 removeFromCurrentState Task=7#125 (121)
10-04 16:55:35.092  1073  1073 I Layer   : id=126 removeFromCurrentState ActivityRecord{38c4e65 u0 com.sec.android.app.launcher/com.android.quickstep.RecentsActivity t7}#126 (121)
10-04 16:55:35.092  1073  1073 I Layer   : id=439 removeFromCurrentState bc64b5c ActivityRecordInputSink com.sec.android.app.launcher/com.android.quickstep.RecentsActivity#439 (121)
10-04 16:55:35.092  1073  1073 I Layer   : id=135 removeFromCurrentState e458a32 com.sec.android.app.launcher/com.android.quickstep.RecentsActivity#135 (121)
10-04 16:55:35.092  1073  1073 I Layer   : id=5560 removeFromCurrentState com.sec.android.app.launcher/com.android.quickstep.RecentsActivity$_2453#5560 (121)
10-04 16:55:35.092  1073  1073 I Layer   : id=5571 removeFromCurrentState Surface(name=Task=1)/@0x242869_transition-leash#5571 (121)
10-04 16:55:35.092  1073  1073 I Layer   : id=52 removeFromCurrentState Task=1#52 (121)
10-04 16:55:35.092  1073  1073 I Layer   : id=121 removeFromCurrentState Task=6#121 (121)
10-04 16:55:35.092  1073  1073 I Layer   : id=122 removeFromCurrentState ActivityRecord{bc89e32 u0 com.sec.android.app.launcher/.activities.LauncherActivity t6}#122 (121)
10-04 16:55:35.092  1073  1073 I Layer   : id=134 removeFromCurrentState dbc4bc9 ActivityRecordInputSink com.sec.android.app.launcher/.Launcher#134 (121)
10-04 16:55:35.092  1073  1073 I Layer   : id=123 removeFromCurrentState fbdaee8 com.sec.android.app.launcher/com.sec.android.app.launcher.activities.LauncherActivity#123 (121)
10-04 16:55:35.092  1073  1073 I Layer   : id=5567 removeFromCurrentState com.sec.android.app.launcher/com.sec.android.app.launcher.activities.LauncherActivity$_2453#5567 (121)
10-04 16:55:35.092  1073  1073 I Layer   : id=17 removeFromCurrentState ImeContainer#17 (121)
10-04 16:55:35.092  1073  1073 I Layer   : id=117 removeFromCurrentState WindowToken{1909d62 type=2011 android.os.Binder@2d0b42d}#117 (121)
10-04 16:55:35.092  1073  1073 I Layer   : id=5573 removeFromCurrentState Surface(name=f319ab4 InputMethod)/@0xcb81495 - animation-leash of insets_animation#5573 (121)
10-04 16:55:35.092  1073  1073 I Layer   : id=140 removeFromCurrentState f319ab4 InputMethod#140 (121)
10-04 16:55:35.092  1073  1073 I Layer   : id=1378 removeFromCurrentState ee28167 (1-1)-Window{99bf2c6 alpha=1.0 fl=}#1378 (121)
10-04 16:55:35.092  1073  1073 I Layer   : id=5566 removeFromCurrentState (1-1)-Window{99bf2c6 alpha=1.0 fl=}$_7973#5566 (121)
10-04 16:55:35.092  1073  1073 I Layer   : id=52 addToCurrentState Task=1#52 (121)
10-04 16:55:35.092  1073  1073 I Layer   : id=121 addToCurrentState Task=6#121 (121)
10-04 16:55:35.092  1073  1073 I Layer   : id=122 addToCurrentState ActivityRecord{bc89e32 u0 com.sec.android.app.launcher/.activities.LauncherActivity t6}#122 (121)
10-04 16:55:35.092  1073  1073 I Layer   : id=134 addToCurrentState dbc4bc9 ActivityRecordInputSink com.sec.android.app.launcher/.Launcher#134 (121)
10-04 16:55:35.092  1073  1073 I Layer   : id=123 addToCurrentState fbdaee8 com.sec.android.app.launcher/com.sec.android.app.launcher.activities.LauncherActivity#123 (121)
10-04 16:55:35.092  1073  1073 I Layer   : id=5567 addToCurrentState com.sec.android.app.launcher/com.sec.android.app.launcher.activities.LauncherActivity$_2453#5567 (121)
10-04 16:55:35.092  1073  1073 I Layer   : id=17 addToCurrentState ImeContainer#17 (121)
10-04 16:55:35.092  2453  2453 I ViewRootImpl@1f7ce54[RecentsActivity]: destroyHardwareResources: Callers=android.view.ViewRootImpl.performTraversals:3932 android.view.ViewRootImpl.doTraversal:3288 android.view.ViewRootImpl$TraversalRunnable.run:11344 android.view.Choreographer$CallbackRecord.run:1689 android.view.Choreographer$CallbackRecord.run:1698 android.view.Choreographer.doCallbacks:1153 android.view.Choreographer.doFrame:1079 android.view.Choreographer$FrameDisplayEventReceiver.run:1646 android.os.Handler.handleCallback:958 android.os.Handler.dispatchMessage:99 
10-04 16:55:35.092  1073  1073 I Layer   : id=117 addToCurrentState WindowToken{1909d62 type=2011 android.os.Binder@2d0b42d}#117 (121)
10-04 16:55:35.092  1073  1073 I Layer   : id=5573 addToCurrentState Surface(name=f319ab4 InputMethod)/@0xcb81495 - animation-leash of insets_animation#5573 (121)
10-04 16:55:35.092  1073  1073 I Layer   : id=140 addToCurrentState f319ab4 InputMethod#140 (121)
10-04 16:55:35.092  1073  1073 I Layer   : id=1378 addToCurrentState ee28167 (1-1)-Window{99bf2c6 alpha=1.0 fl=}#1378 (121)
10-04 16:55:35.092  1073  1073 I Layer   : id=5566 addToCurrentState (1-1)-Window{99bf2c6 alpha=1.0 fl=}$_7973#5566 (121)
10-04 16:55:35.092  1073  1073 I Layer   : Layer [Task=7#125] hidden!! flag(1)
10-04 16:55:35.092  1073  1073 I Layer   : id=125 addToCurrentState Task=7#125 (121)
10-04 16:55:35.092  1073  1073 I Layer   : id=126 addToCurrentState ActivityRecord{38c4e65 u0 com.sec.android.app.launcher/com.android.quickstep.RecentsActivity t7}#126 (121)
10-04 16:55:35.092  1073  1073 I Layer   : id=439 addToCurrentState bc64b5c ActivityRecordInputSink com.sec.android.app.launcher/com.android.quickstep.RecentsActivity#439 (121)
10-04 16:55:35.092  1073  1073 I Layer   : id=135 addToCurrentState e458a32 com.sec.android.app.launcher/com.android.quickstep.RecentsActivity#135 (121)
10-04 16:55:35.092  1073  1073 I Layer   : id=5560 addToCurrentState com.sec.android.app.launcher/com.android.quickstep.RecentsActivity$_2453#5560 (121)
10-04 16:55:35.092  1073  1073 I Layer   : id=5570 removeFromCurrentState Transition Root: Task=1#5570 (121)
10-04 16:55:35.092  1073  1073 I Layer   : id=5572 removeFromCurrentState Surface(name=Task=7)/@0x771d38f_transition-leash#5572 (121)
10-04 16:55:35.092  1073  1073 I Layer   : id=5571 removeFromCurrentState Surface(name=Task=1)/@0x242869_transition-leash#5571 (121)
10-04 16:55:35.092  1073  1073 I Layer   : Layer [com.sec.android.app.launcher/com.android.quickstep.RecentsActivity$_2453#5560] hidden!! flag(1)
10-04 16:55:35.092  1073  1073 I Layer   : Layer [ActivityRecord{38c4e65 u0 com.sec.android.app.launcher/com.android.quickstep.RecentsActivity t7}#126] hidden!! flag(1)
10-04 16:55:35.093  1073  1073 I SurfaceFlinger: id=5570 Removed Transition Root: Task=1#5570 (121)
10-04 16:55:35.093  1073  1073 I SurfaceFlinger: id=5572 Removed Surface(name=Task=7)/@0x771d38f_transition-leash#5572 (121)
10-04 16:55:35.093  1073  1073 I SurfaceFlinger: id=5571 Removed Surface(name=Task=1)/@0x242869_transition-leash#5571 (121)
10-04 16:55:35.094  1427  9415 V WindowManager: Relayout Window{e458a32 u0 com.sec.android.app.launcher/com.android.quickstep.RecentsActivity}: viewVisibility=8 req=1080x2400 ty=1 d0
10-04 16:55:35.094  1073  1073 D SurfaceFlinger: Display 4633128672291735937 HWC layers:
10-04 16:55:35.094  1073  1073 D SurfaceFlinger:      DEVICE | 0xb400007784fa1a50 | 0100 | RGBA_8888    |  660.0    0.0 1740.0 2400.0 |    0    0 1080 2400 | Wallpaper BBQ wrapper 5_system#85
10-04 16:55:35.094  1073  1073 D SurfaceFlinger:      DEVICE | 0xb400007784fce610 | 0100 | RGBA_8888    |    0.0    0.0 1080.0 2400.0 |    0    0 1080 2400 | com.sec.android.app.launcher/com.sec[...]tivities.LauncherActivity$_2453#5567
10-04 16:55:35.094  1073  1073 D SurfaceFlinger:      DEVICE | 0xb400007784faccd0 | 0100 | RGBA_8888    |    0.0    0.0 1080.0   80.0 |    0    0 1080   80 | StatusBar$_2042#89
10-04 16:55:35.094  1073  1073 D SurfaceFlinger:      DEVICE | 0xb400007784fe2110 | 0100 | RGBA_8888    |    0.0    0.0   67.0  342.0 | 1013  623 1080  965 | com.sec.android.app.launcher/com.sam[...]e.edge.CocktailBarService$_2453#2631
10-04 16:55:35.094  1073  1073 D SurfaceFlinger:      DEVICE | 0xb400007784fa5b10 | 0100 | RGBA_8888    |    0.0    0.0 1080.0  144.0 |    0 2256 1080 2400 | NavigationBar0$_2042#82
10-04 16:55:35.094  1073  1073 D SurfaceFlinger:      DEVICE | 0xb400007784fb6510 | 0140 | RGBA_8888    |    0.0    0.0 1080.0   80.0 |    0    0 1080   80 | ScreenDecorOverlay$_2042#99
10-04 16:55:35.094  1073  1073 D SurfaceFlinger:      DEVICE | 0xb400007784fd5ed0 | 0140 | RGBA_8888    |    0.0    0
10-04 16:55:35.094  1073  1073 D SurfaceFlinger: .0 1080.0   80.0 |    0 2320 1080 2400 | ScreenDecorOverlayBottom$_2042#100
10-04 16:55:35.094  1073  1073 D SurfaceFlinger: 
10-04 16:55:35.095  1427  9415 V WindowManager: Relayout hash=e458a32, pid=2453, syncId=-1: mAttrs={(0,0)(fillxfill) sim={adjust=resize} layoutInDisplayCutoutMode=shortEdges ty=BASE_APPLICATION fmt=TRANSPARENT wanim=0x10302f2
10-04 16:55:35.095  1427  9415 V WindowManager:   fl=81910100
10-04 16:55:35.095  1427  9415 V WindowManager:   pfl=12008040
10-04 16:55:35.095  1427  9415 V WindowManager:   bhv=DEFAULT
10-04 16:55:35.095  1427  9415 V WindowManager:   fitSides= naviIconColor=0}
10-04 16:55:35.095  2453  2453 I ViewRootImpl@1f7ce54[RecentsActivity]: Relayout returned: old=(0,0,1080,2400) new=(0,0,1080,2400) relayoutAsync=false req=(1080,2400)8 dur=1 res=0x402 s={false 0x0} ch=true seqId=0
10-04 16:55:35.095  2453  2453 I HoneySpace.Launcher: onEnterAnimationComplete
10-04 16:55:35.095  2453  2453 I HoneySpace.TaskListPot: onStop() called
10-04 16:55:35.095  2453  2453 I HoneySpace.TaskListViewModel: isClearAll: 0, 0, false
10-04 16:55:35.095  2453  2453 I HoneySpace.TaskListPot: emptyMessageEnabled : true 0
10-04 16:55:35.095  2453  2453 I HoneySpace.GestureEventController: notifyFinishHomeToRecentAnimation
10-04 16:55:35.095  2453  2453 I HoneySpace.AnimationSession: requestFinishRecentAnimation()
10-04 16:55:35.095  2453  2453 I HoneySpace.AnimationSession: taskListView appeared : false
10-04 16:55:35.095  2453  2453 I HoneySpace.RecentInteraction: sendRecentsAnimationEvent. isStarted: false
10-04 16:55:35.096  2453  2453 I HoneySpace.TaskListViewModel: keepPrevOrientation
10-04 16:55:35.096  2453 15403 I HoneySpace.OverviewEventHandler: onRecentAnimationFinishCallback: false
10-04 16:55:35.096  2453 15403 I HoneySpace.TaskListViewModel: unregisterSensorListener: sensor = {Sensor name="AutoRotation Sensor", vendor="Samsung Electronics", version=16, type=27, maxRange=255.0, resolution=1.0, power=0.001, minDelay=0}
10-04 16:55:35.096   986   986 D Sensors : M requested delay = 20000000, modified delay = 0
10-04 16:55:35.096   986   986 I Sensors : batch(33) - autorotation try to batching with 0
10-04 16:55:35.096  2453  2453 I ViewRootImpl@1f7ce54[RecentsActivity]: stopped(true) old = false
10-04 16:55:35.096  2453  2453 I HoneySpace.RecentsActivity: !@Boot_EBS_D: RecentsActivity.onStop()
10-04 16:55:35.100  1073  1073 I Layer   : id=5570 Destroyed Transition Root: Task=1#5570
10-04 16:55:35.101  1073  1073 I Layer   : id=5572 Destroyed Surface(name=Task=7)/@0x771d38f_transition-leash#5572
10-04 16:55:35.101  1073  1073 I Layer   : id=5571 Destroyed Surface(name=Task=1)/@0x242869_transition-leash#5571
10-04 16:55:35.101  1427  4443 V WindowManager: Relayout Window{e458a32 u0 com.sec.android.app.launcher/com.android.quickstep.RecentsActivity}: viewVisibility=8 req=1080x2400 ty=1 d0
10-04 16:55:35.102  1427  4443 V WindowManager: Relayout hash=e458a32, pid=2453, syncId=-1: mAttrs={(0,0)(fillxfill) sim={adjust=pan} layoutInDisplayCutoutMode=shortEdges ty=BASE_APPLICATION fmt=TRANSPARENT wanim=0x10302f2
10-04 16:55:35.102  1427  4443 V WindowManager:   fl=81910100
10-04 16:55:35.102  1427  4443 V WindowManager:   pfl=12008040
10-04 16:55:35.102  1427  4443 V WindowManager:   bhv=DEFAULT
10-04 16:55:35.102  1427  4443 V WindowManager:   fitSides= naviIconColor=0}
10-04 16:55:35.102  2453  2453 I ViewRootImpl@1f7ce54[RecentsActivity]: Relayout returned: old=(0,0,1080,2400) new=(0,0,1080,2400) relayoutAsync=false req=(1080,2400)8 dur=1 res=0x402 s={false 0x0} ch=false seqId=0
10-04 16:55:35.102  1427  4443 E WindowManager: win=Window{e458a32 u0 com.sec.android.app.launcher/com.android.quickstep.RecentsActivity} destroySurfaces: appStopped=true cleanupOnResume=false win.mWindowRemovalAllowed=false win.mRemoveOnExit=false win.mViewVisibility=8 caller=com.android.server.wm.ActivityRecord.destroySurfaces:6952 com.android.server.wm.ActivityRecord.destroySurfaces:6933 com.android.server.wm.ActivityRecord.activityStopped:7633 com.android.server.wm.ActivityClientController.activityStopped:321 android.app.IActivityClientController$Stub.onTransact:702 com.android.server.wm.ActivityClientController.onTransact:186 android.os.Binder.execTransactInternal:1380 
10-04 16:55:35.103  1427  4443 I WindowManager: Destroying surface Surface(name=com.sec.android.app.launcher/com.android.quickstep.RecentsActivity$_2453)/@0x25841c4 called by com.android.server.wm.WindowStateAnimator.destroySurface:799 com.android.server.wm.WindowStateAnimator.destroySurfaceLocked:472 com.android.server.wm.WindowState.destroySurfaceUnchecked:4201 com.android.server.wm.WindowState.destroySurface:4175 com.android.server.wm.ActivityRecord.destroySurfaces:6952 com.android.server.wm.ActivityRecord.destroySurfaces:6933 com.android.server.wm.ActivityRecord.activityStopped:7633 com.android.server.wm.ActivityClientController.activityStopped:321 
10-04 16:55:35.109  1073  1073 I Layer   : id=5560 removeFromCurrentState com.sec.android.app.launcher/com.android.quickstep.RecentsActivity$_2453#5560 (118)
10-04 16:55:35.109  1073  1073 I SurfaceFlinger: id=5560 Removed com.sec.android.app.launcher/com.android.quickstep.RecentsActivity$_2453#5560 (118)
10-04 16:55:35.117  1073  1073 I Layer   : id=5560 Destroyed com.sec.android.app.launcher/com.android.quickstep.RecentsActivity$_2453#5560
10-04 16:55:35.357  5004  5004 I InputMethodService: removeImeSurface
10-04 16:55:35.357  5004  5004 I InputMethodService: cancelImeSurfaceRemoval: removeCallbacks
10-04 16:55:35.372  1073  1073 I HWComposer: [4633128672291735937] ActiveConfigToHWC, ID : 2
10-04 16:55:35.372   975  1036 I display : Set Affinity config for fps(60) : 2, cpuIDs : 255
10-04 16:55:35.372   975  1036 I display : Set Affinity CPU ID : 0
10-04 16:55:35.372   975  1036 I display : Set Affinity CPU ID : 1
10-04 16:55:35.372   975  1036 I display : Set Affinity CPU ID : 2
10-04 16:55:35.372   975  1036 I display : Set Affinity CPU ID : 3
10-04 16:55:35.372   975  1036 I display : Set Affinity CPU ID : 4
10-04 16:55:35.372   975  1036 I display : Set Affinity CPU ID : 5
10-04 16:55:35.372   975  1036 I display : Set Affinity CPU ID : 6
10-04 16:55:35.372   975  1036 I display : Set Affinity CPU ID : 7
10-04 16:55:35.372   975  1036 I display : Set affinity HWC : 975
10-04 16:55:35.372   975  1036 I display : CPU set : Cluster(0), min_clock(0)
10-04 16:55:35.372   975  1036 I display : CPU set : Cluster(1), min_clock(0)
10-04 16:55:35.372   975  1036 I display : CPU set : Cluster(2), min_clock(0)
10-04 16:55:35.373  1073  1073 I LayerHistory: com.sec.android.app.launcher/com.sec.android.app.launcher.activities.LauncherActivity$_2453#5567 Max (can't resolve refresh rate)
10-04 16:55:35.373  1073  1073 I LayerHistory: StatusBar$_2042#89 voted 0, 0.00 fps
10-04 16:55:35.373  1073  1073 I LayerHistory: NavigationBar0$_2042#82 Max (can't resolve refresh rate)
10-04 16:55:35.373  1073  1073 I SurfaceFlinger: Idle - choose 60.00 Hz
10-04 16:55:35.376   975  1033 I display : doDisplayConfigPostProcess needSetActiveConfig is true - mDesiredConfig: 2
10-04 16:55:35.376   975  1033 I display : setActiveConfig(config=2)
10-04 16:55:35.376   975  1033 I display : next config(2): width=1080 height=2400 period=16666666 Xdpi=422030 Ydpi=423333 groupId=0
10-04 16:55:35.376   975  1033 I display : Current VRR MODE is 3
10-04 16:55:35.377  1073  1212 I VSyncReactor: Current= 120, Period= 60, hwcPeriod= 120
10-04 16:55:35.385  1073  1212 I VSyncReactor: Current= 120, Period= 60, hwcPeriod= 60
10-04 16:55:35.461  1427  1913 I ChimeraAggressivePolicyHandler: executePolicy() - triggerSource: TRIGGER_SOURCE_HOME_IDLE
10-04 16:55:35.462  1427  1913 I ChimeraAggressivePolicyHandler: available memory: 3728756, free memory target: 1894400, quit chimera
10-04 16:55:35.607   994 17131 I HYPER-HAL: [ResourceManager.cpp]removeResource(): [CPUMinFreq] RemoveResource Request ID : 1063642
10-04 16:55:35.613   994 17131 I HYPER-HAL: [RequestManager.cpp]releaseLocked(): Released ID : 1063642
10-04 16:55:35.800   676   676 D io_stats: !@   8,0 r 706552 27994060 w 792823 17794584 d 216628 120718488 f 0 0 iot 796924 0 th 0 0 0 pt 0 inp 0 0 89544.268
10-04 16:55:35.800   676   676 D io_stats: !@ Read_top(KB): earchbox:search(7973) 24 .gms.persistent(3956) 4
10-04 16:55:35.800   676   676 D io_stats: !@ Write_top(KB): earchbox:search(7973) 260 id.diagmonagent(3928) 100 roid.honeyboard(5004) 80
10-04 16:55:35.829  1427  4443 D ActivityManager: force stop from com.android.server.am.ActivityManagerService.forceStopPackage:4564 com.android.server.am.ActivityManagerShellCommand.runForceStop:1710 
10-04 16:55:35.829  1427  4443 I ActivityManager: Force stopping com.companyname.mauiappwindowtest appid=10384 user=0: from pid 17144
10-04 16:55:35.840  1427  4443 I AppsFilter: interaction: PackageSetting{e2d038c com.jvelimited.REDACTED/10364} -> PackageSetting{20943bb com.companyname.mauiappwindowtest/10384} BLOCKED
10-04 16:55:35.840  1427  4443 I AppsFilter: interaction: PackageSetting{f0cc2ea com.devology.REDACTED.app/10378} -> PackageSetting{20943bb com.companyname.mauiappwindowtest/10384} BLOCKED
10-04 16:55:35.840  1427  4443 I AppsFilter: interaction: PackageSetting{c038754 com.sample.crossshoveplugin/10365} -> PackageSetting{20943bb com.companyname.mauiappwindowtest/10384} BLOCKED
10-04 16:55:35.840  1427  4443 I AppsFilter: interaction: PackageSetting{c7f5cc4 com.companyname.virginmaui/10372} -> PackageSetting{20943bb com.companyname.mauiappwindowtest/10384} BLOCKED
10-04 16:55:35.848  1998  1998 D CarrierSvcBindHelper: onHandleForceStop: [com.companyname.mauiappwindowtest]
10-04 16:55:35.848  1998  2036 D EuiccConnector: handleMessage: E msg.what=1
10-04 16:55:35.848  1998  2036 D EuiccConnector: processMsg: AvailableState
10-04 16:55:35.848  1998  2036 D EuiccConnector: processMsg: UnavailableState
10-04 16:55:35.849  1998  1998 D CarrierSvcBindHelper: No carrier app for: 0
10-04 16:55:35.849  1998  2036 D EuiccConnector: transitionTo: destState=AvailableState
10-04 16:55:35.849  1998  1998 D CarrierSvcBindHelper: No carrier app for: 1
10-04 16:55:35.850  1427  1578 D LocationManagerService: package com.companyname.mauiappwindowtest reset
10-04 16:55:35.852  1998  2036 D EuiccConnector: handleMessage: new destination call exit/enter
10-04 16:55:35.852  1998  2036 D EuiccConnector: setupTempStateStackWithStatesToEnter: X mTempStateStackCount=1,curStateInfo: state=UnavailableState,active=true,parent=null
10-04 16:55:35.852  1998  2036 D EuiccConnector: invokeExitMethods: AvailableState
10-04 16:55:35.852  1998  2036 D EuiccConnector: moveTempStackToStateStack: i=0,j=1
10-04 16:55:35.852  1998  2036 D EuiccConnector: moveTempStackToStateStack: X mStateStackTop=1,startingIndex=1,Top=AvailableState
10-04 16:55:35.852  1998  2036 D EuiccConnector: invokeEnterMethods: AvailableState
10-04 16:55:35.852  1998  2036 D EuiccConnector: handleMessage: X
10-04 16:55:35.853  2391  2391 D RegisteredNfcFServicesCache: Service unchanged, not updating
10-04 16:55:36.114  1427  3647 D SemWifiUsabilityStatsMonitor: onWifiUsabilityStats - seqNum 23125, isSameBssidAndFreq true
10-04 16:55:36.114  1427  1930 I SemWifiLinkQualityMonitor: Link stat: 698 / 113 / 1.00 (14) / 1080 / -39.0 || 100.0 : 1080.00 / 0.5 : 1.00 / 0.55 : 0.16 / G (G) || 0.09 ms / 85.73 Mbps / N || 0 / N / 0 Y / 0 Y
10-04 16:55:36.308   994 17132 I HYPER-HAL: [ResourceManager.cpp]removeResource(): [CPUMaxFreq] RemoveResource Request ID : 7846756
10-04 16:55:36.308   994 17132 I HYPER-HAL: [RequestManager.cpp]releaseLocked(): Released ID : 7846756
10-04 16:55:36.315  1052  1241 I EDEN    : [Exynos][EDEN][v1.6.23][SERVICE] processAliveMointorMain:253: Try to check pid=(1004)...
10-04 16:55:36.432  1427  1584 E Watchdog: !@Sync: 2984 heap: 86 / 97 FD: 1028 [2024-10-04 16:55:36.432]
10-04 16:55:36.452  1427  7433 I AfterimageCompensationService: AfcThread mLuminance : 128 , AfpcPeriodCount : 2409 , rotation : 0 , AOD : false
10-04 16:55:36.457  1073  1127 D RenderEngine: [SEC_GC_CMN_SF_EFFECTS] drawLayersInternal,1284, Rendering layer  at index 0
10-04 16:55:36.457  1073  1127 D RenderEngine: [SEC_GC_CMN_SF_EFFECTS] drawLayersInternal,1284, Rendering layer Wallpaper BBQ wrapper 5_system#85 at index 1
10-04 16:55:36.458  1073  1127 D RenderEngine: [SEC_GC_CMN_SF_EFFECTS] drawLayersInternal,1284, Rendering layer com.sec.android.app.launcher/com.sec.android.app.launcher.activities.LauncherActivity$_2453#5567 at index 2
10-04 16:55:36.458  1073  1127 D RenderEngine: [SEC_GC_CMN_SF_EFFECTS] drawLayersInternal,1284, Rendering layer StatusBar$_2042#89 at index 3
10-04 16:55:36.458  1073  1127 D RenderEngine: [SEC_GC_CMN_SF_EFFECTS] drawLayersInternal,1284, Rendering layer com.sec.android.app.launcher/com.samsung.app.honeyspace.edge.CocktailBarService$_2453#2631 at index 4
10-04 16:55:36.458  1073  1127 D RenderEngine: [SEC_GC_CMN_SF_EFFECTS] drawLayersInternal,1284, Rendering layer NavigationBar0$_2042#82 at index 5
10-04 16:55:36.464  1427  7433 D system_server: mAFPC_Read - w = 1080, h = 2400, s = 8, f = 4, s_size = 10444800, luminance = 128, count = 2409, captureOrientation = 0
10-04 16:55:36.479  1427  1890 D UsbStatsMonitor: 0 0 0 0 0 0 0 0 0 0 0 0 2 0 0 0 0 0 0 0 0 0 0 0 0 0 0 0 0 0 0 0 0 0 0 0 0 0 0 0 0 0 0 0 0 0 0 0 0 0 0 0 0 26822070763546
10-04 16:55:36.582   994 17129 I HYPER-HAL: [ResourceManager.cpp]removeResource(): [CPUMinFreq] RemoveResource Request ID : 1060725
10-04 16:55:36.586   994 17129 I HYPER-HAL: [RequestManager.cpp]releaseLocked(): Released ID : 1060725
10-04 16:55:36.990  1427  1791 D InputReader: Btn_touch(11): value=1 when=89545.457884
10-04 16:55:36.990  1427  1791 I InputReader: Touch event's action is 0x0 (id=3, t=0) [pCnt=1, s=0.696 ] when=89545.457884
10-04 16:55:36.991  1427  1790 I InputDispatcher: Delivering touch to (2042): action: 0x4, f=0x0, d=0, 'e6bbee6', t=1 
10-04 16:55:36.992  1427  1790 I InputDispatcher: Delivering touch to (7973): action: 0x4, f=0x0, d=0, 'ee28167', t=1 
10-04 16:55:36.992  1427  1790 I InputDispatcher: Delivering touch to (2453): action: 0x0, f=0x0, d=0, 'fbdaee8', t=1 
10-04 16:55:36.992  1427  1790 D PowerManagerService: [api] userActivityFromNative : touch displayId=0 eventTime=89545457
10-04 16:55:36.993  2042  2042 D SearcleGestureHandler: allowGesture: false
10-04 16:55:36.994  1427  1579 I GestureDetector: obtain mCurrentDownEvent. id: 836209586 caller: com.android.server.wm.SystemGesturesPointerEventListener.onPointerEvent:204 com.android.server.wm.PointerEventDispatcher.onInputEvent:53 android.view.InputEventReceiver.dispatchInputEvent:337 
10-04 16:55:36.994  1427  1579 I GestureDetector: obtain mCurrentDownEvent. id: 836209586 caller: com.android.server.wm.SystemPerformancePointerEventListener.onPointerEvent:89 com.android.server.wm.PointerEventDispatcher.onInputEvent:53 android.view.InputEventReceiver.dispatchInputEvent:337 
10-04 16:55:36.994  2453  2453 I ViewRootImpl@93f9b16[LauncherActivity]: ViewPostIme pointer 0
10-04 16:55:36.995   994 17115 I HYPER-HAL: [RequestManager.cpp]releaseLocked(): Released ID : 2150701
10-04 16:55:36.995  2453  2453 I GestureDetector: obtain mCurrentDownEvent. id: 836209586 caller: com.honeyspace.ui.honeypots.homescreen.presentation.HomeView.dispatchTouchEvent:234 android.view.ViewGroup.dispatchTransformedTouchEvent:3328 android.view.ViewGroup.dispatchTouchEvent:2939 
10-04 16:55:36.995  2453  2453 I HoneySpace.QuickOptionUtil: QuickOption Touch_Event state = -1, eventY = 1329.4922, eventX =470.6543 window Bounds = 2256 containerTouch = null
10-04 16:55:36.995  2453  2453 I HoneySpace.QuickOptionUtil: resetDrag
10-04 16:55:36.995  2453  2453 I HoneySpace.HomeView: findControllerToHandleTouch ev = 0
10-04 16:55:36.995  2453  2453 I HoneySpace.StatusBarTouchController: canInterceptTouch showNotificationPanel : true systemUiProxy.isActive() = true honeyScreenManager.currentHoneyScreen : HOME honeyScreen.currentHoneyState : com.honeyspace.sdk.HomeScreen$Normal@2cd2db2 isChildScrolling.invoke() : false
10-04 16:55:36.996  2453  2453 I HoneySpace.StatusBarTouchController: canInterceptTouch showNotificationPanel : true systemUiProxy.isActive() = true honeyScreenManager.currentHoneyScreen : HOME honeyScreen.currentHoneyState : com.honeyspace.sdk.HomeScreen$Normal@2cd2db2 isChildScrolling.invoke() : false
10-04 16:55:36.996  2453  2453 I HoneySpace.FinderTouchController: onControllerInterceptTouchEvent :: canInterceptTouch() = false, QuickOptionUtil.isShowQuickOption() : false QuickOptionUtil.isDragging : false
10-04 16:55:36.996  2453  2453 I HoneySpace.PageEditTouchController: onControllerInterceptTouchEvent, isInProgress = false
10-04 16:55:36.996  2453  2453 I HoneySpace.WorkspaceFastRecyclerView: dispatchTouchEvent() event.action=0
10-04 16:55:37.001  1073  1073 I HWComposer: [4633128672291735937] ActiveConfigToHWC, ID : 0
10-04 16:55:37.001   975  1036 I display : Set Affinity config for fps(120) : 0, cpuIDs : 255
10-04 16:55:37.001   975  1036 I display : Set Affinity CPU ID : 0
10-04 16:55:37.001   975  1036 I display : Set Affinity CPU ID : 1
10-04 16:55:37.001   975  1036 I display : Set Affinity CPU ID : 2
10-04 16:55:37.001   975  1036 I display : Set Affinity CPU ID : 3
10-04 16:55:37.002   975  1036 I display : Set Affinity CPU ID : 4
10-04 16:55:37.002   975  1036 I display : Set Affinity CPU ID : 5
10-04 16:55:37.002   975  1036 I display : Set Affinity CPU ID : 6
10-04 16:55:37.002   975  1036 I display : Set Affinity CPU ID : 7
10-04 16:55:37.002   975  1036 I display : Set affinity HWC : 975
10-04 16:55:37.002   975  1036 I display : CPU set : Cluster(0), min_clock(0)
10-04 16:55:37.002   975  1036 I display : CPU set : Cluster(1), min_clock(0)
10-04 16:55:37.002   975  1036 I display : CPU set : Cluster(2), min_clock(0)
10-04 16:55:37.002  1073  1073 I SurfaceFlinger: Touch Boost - choose 120.00 Hz
10-04 16:55:37.008   975  1033 I display : doDisplayConfigPostProcess needSetActiveConfig is true - mDesiredConfig: 0
10-04 16:55:37.008   975  1033 I display : setActiveConfig(config=0)
10-04 16:55:37.008   975  1033 I display : next config(0): width=1080 height=2400 period=8333333 Xdpi=422030 Ydpi=423333 groupId=0
10-04 16:55:37.008   975  1033 I display : Current VRR MODE is 3
10-04 16:55:37.008  1073  1212 I VSyncReactor: Current= 60, Period= 120, hwcPeriod= 60
10-04 16:55:37.011  1427  1579 I GestureDetector: obtain mCurrentMotionEventRaw. action: 2 id: 140735680
10-04 16:55:37.012  1427  1579 I GestureDetector: obtain mCurrentMotionEventRaw. action: 2 id: 140735680
10-04 16:55:37.024   975  1033 I display : config 16666666, desired 8333333
10-04 16:55:37.024  1073  1212 I VSyncReactor: Current= 60, Period= 120, hwcPeriod= 60
10-04 16:55:37.036  2453  2453 I GestureDetector: obtain mCurrentMotionEventRaw. action: 2 id: 140735680
10-04 16:55:37.036  2453  2453 I HoneySpace.HomeView: findControllerToHandleTouch ev = 2
10-04 16:55:37.036  2453  2453 I HoneySpace.StatusBarTouchController: canInterceptTouch showNotificationPanel : true systemUiProxy.isActive() = true honeyScreenManager.currentHoneyScreen : HOME honeyScreen.currentHoneyState : com.honeyspace.sdk.HomeScreen$Normal@2cd2db2 isChildScrolling.invoke() : false
10-04 16:55:37.036  2453  2453 I HoneySpace.FinderTouchController: onControllerInterceptTouchEvent :: canInterceptTouch() = false, QuickOptionUtil.isShowQuickOption() : false QuickOptionUtil.isDragging : false
10-04 16:55:37.036  2453  2453 I HoneySpace.PageEditTouchController: onControllerInterceptTouchEvent, isInProgress = false
10-04 16:55:37.041  1073  1212 I VSyncReactor: Current= 60, Period= 120, hwcPeriod= 120
10-04 16:55:37.050  2453  2453 I HoneySpace.HomeView: findControllerToHandleTouch ev = 2
10-04 16:55:37.050  2453  2453 I HoneySpace.StatusBarTouchController: canInterceptTouch showNotificationPanel : true systemUiProxy.isActive() = true honeyScreenManager.currentHoneyScreen : HOME honeyScreen.currentHoneyState : com.honeyspace.sdk.HomeScreen$Normal@2cd2db2 isChildScrolling.invoke() : false
10-04 16:55:37.050  2453  2453 I HoneySpace.FinderTouchController: onControllerInterceptTouchEvent :: canInterceptTouch() = false, QuickOptionUtil.isShowQuickOption() : false QuickOptionUtil.isDragging : false
10-04 16:55:37.050  2453  2453 I HoneySpace.PageEditTouchController: onControllerInterceptTouchEvent, isInProgress = false
10-04 16:55:37.058  2453  2453 I HoneySpace.HomeView: findControllerToHandleTouch ev = 2
10-04 16:55:37.058  2453  2453 I HoneySpace.StatusBarTouchController: canInterceptTouch showNotificationPanel : true systemUiProxy.isActive() = true honeyScreenManager.currentHoneyScreen : HOME honeyScreen.currentHoneyState : com.honeyspace.sdk.HomeScreen$Normal@2cd2db2 isChildScrolling.invoke() : false
10-04 16:55:37.058  2453  2453 I HoneySpace.FinderTouchController: onControllerInterceptTouchEvent :: canInterceptTouch() = false, QuickOptionUtil.isShowQuickOption() : false QuickOptionUtil.isDragging : false
10-04 16:55:37.058  2453  2453 I HoneySpace.PageEditTouchController: onControllerInterceptTouchEvent, isInProgress = false
10-04 16:55:37.066  2453  2453 I HoneySpace.HomeView: findControllerToHandleTouch ev = 2
10-04 16:55:37.066  2453  2453 I HoneySpace.StatusBarTouchController: canInterceptTouch showNotificationPanel : true systemUiProxy.isActive() = true honeyScreenManager.currentHoneyScreen : HOME honeyScreen.currentHoneyState : com.honeyspace.sdk.HomeScreen$Normal@2cd2db2 isChildScrolling.invoke() : false
10-04 16:55:37.066  2453  2453 I HoneySpace.FinderTouchController: onControllerInterceptTouchEvent :: canInterceptTouch() = false, QuickOptionUtil.isShowQuickOption() : false QuickOptionUtil.isDragging : false
10-04 16:55:37.066  2453  2453 I HoneySpace.TouchDirectionDetector: displacementComponent = -28.710938
10-04 16:55:37.066  2453  2453 I HoneySpace.TouchDirectionDetector: canScrollNegative direction = true
10-04 16:55:37.066  2453  2453 I HoneySpace.TouchDirectionDetector: direction.isNegative(displacement) = false
10-04 16:55:37.066  2453  2453 I HoneySpace.TouchDirectionDetector: canScrollPositive direction = true
10-04 16:55:37.066  2453  2453 I HoneySpace.TouchDirectionDetector: direction.isPositive(displacement) = true
10-04 16:55:37.066  2453  2453 I HoneySpace.HomeAppsTouchController: initVelocityTracker
10-04 16:55:37.067  2453  2453 I HoneySpace.HoneyScreenManagerImpl: cancel transitionAnimator
10-04 16:55:37.067  2453  2453 I HoneySpace.BackgroundManagerImpl: updateProperties[ch=194873307], com.honeyspace.sdk.AppScreen$Normal@5a322a3, true
10-04 16:55:37.067  2453  2453 I HoneySpace.BackgroundManagerImpl: updateDimColor[ch=194873307]
10-04 16:55:37.067  2453  2453 I HoneySpace.BackgroundManagerImpl: updated the scrimView's end color : com.honeyspace.sdk.AppScreen$Normal@5a322a3
10-04 16:55:37.067  2453  2453 I HoneySpace.BackgroundManagerImpl: updateLastDimAndBlur[ch=194873307]dim[0.0 -> 0.0] ,wBlur[2.0 -> 0.0
10-04 16:55:37.067  2453  2453 I HoneySpace.BackgroundManagerImpl: updateLastState[194873307]: com.honeyspace.sdk.HomeScreen$Normal@2cd2db2 -> com.honeyspace.sdk.AppScreen$Normal@5a322a3
10-04 16:55:37.067  2453  2453 I HoneySpace.AppscreenPot: onPlayStarted com.honeyspace.sdk.AppScreen$Normal@5a322a3
10-04 16:55:37.067  2453  2453 I HoneySpace.HoneyScreenManagerImpl: start state transition: ra.g0@b64a855
10-04 16:55:37.067  2453  2453 I HoneySpace.AppscreenPot: show() honeyState: com.honeyspace.sdk.AppScreen$Normal@5a322a3, r8.n.gotoScreenWithAnimation(Unknown Source:397)
10-04 16:55:37.068  2453  2453 I HoneySpace.AppscreenPot: hideFreeFormButton()
10-04 16:55:37.068  2453  2453 I HoneySpace.WhiteBgColorUpdater: changeWhiteBgSystemUIColor, DecorView@5240b42[LauncherActivity], type = 2,supportWhiteBg = false, forced = false, fromHoneyType = appscreen
10-04 16:55:37.068  2453  2453 I HoneySpace.WhiteBgColorChanger: changeStatusBarColor, view = DecorView@5240b42[LauncherActivity], false
10-04 16:55:37.068  2453  2453 I HoneySpace.WhiteBgColorUpdater: changeWhiteBgSystemUIColor, DecorView@5240b42[LauncherActivity], type = 3,supportWhiteBg = false, forced = false, fromHoneyType = appscreen
10-04 16:55:37.068  2453  2453 I HoneySpace.WhiteBgColorChanger: changeNavigationBarColor, view = DecorView@5240b42[LauncherActivity], false
10-04 16:55:37.068  2453  2453 I HoneySpace.WallpaperBlurView: apply(): radius = 10, maxY = 241.1958
10-04 16:55:37.069  2453  2453 I HoneySpace.HomeView: founded touch controller : zb.c@c48cf64
10-04 16:55:37.069  2453  2453 I HoneySpace.WorkspaceFastRecyclerView: dispatchTouchEvent() screenManager.isOnStateTransition=true, suppressLayout=false
10-04 16:55:37.069  2453  2453 I HoneySpace.WorkspaceFastRecyclerView: onInterceptTouchEvent() return by isOnStateTransition
10-04 16:55:37.074  2453  2453 I HoneySpace.HomeView: onTouch event = 2, Touch controller: zb.c@c48cf64
10-04 16:55:37.075  2453  2453 I HoneySpace.HoneyScreenManagerImpl: cancel transitionAnimator
10-04 16:55:37.075  2453  2453 I HoneySpace.AppscreenPot: show() honeyState: com.honeyspace.sdk.AppScreen$Normal@5a322a3, r8.n.gotoScreenWithAnimation(Unknown Source:397)
10-04 16:55:37.075  2453  2453 I HoneySpace.WallpaperBlurView: apply(): radius = 14, maxY = 239.96396
10-04 16:55:37.083  2453  2453 I HoneySpace.HomeView: onTouch event = 2, Touch controller: zb.c@c48cf64
10-04 16:55:37.083  1073  1073 D Layer   : [SEC_SF_EFFECTS] setBlurRegions LauncherActivity$_2453#5567 ## {radius=10, cornerRadii=[0.000, 0.000, 0.000, 0.000], alpha=0.212, rect=[0, 0, 1080, 2400]
10-04 16:55:37.083  2453  2453 I HoneySpace.HoneyScreenManagerImpl: cancel transitionAnimator
10-04 16:55:37.083  1073  1073 D SurfaceFlinger: GPIS:: requestGpisForBlur
10-04 16:55:37.083  1073  3020 D NativeSemDvfsManager: acquire:: timeout = 2000 mIsAcquired = 1  mTagName : SurfaceFlinger 
10-04 16:55:37.083  2453  2453 I HoneySpace.AppscreenPot: show() honeyState: com.honeyspace.sdk.AppScreen$Normal@5a322a3, r8.n.gotoScreenWithAnimation(Unknown Source:397)
10-04 16:55:37.083  1073  3020 E NativeCustomFrequencyManager: [NativeCFMS] BpCustomFrequencyManager::acquire()
10-04 16:55:37.084   994  1071 I HYPER-HAL: [RequestManager.cpp]acquire(): Acquired ID : 2150701  [1073 / 1000]    HINT : SF_GPU_MINLOCK    list : [TIMEOUT / 2000] 
10-04 16:55:37.084  2453  2453 I HoneySpace.WallpaperBlurView: apply(): radius = 18, maxY = 238.32013
10-04 16:55:37.091  1073  1073 D Layer   : [SEC_SF_EFFECTS] setBlurRegions LauncherActivity$_2453#5567 ## {radius=14, cornerRadii=[0.000, 0.000, 0.000, 0.000], alpha=0.282, rect=[0, 0, 1080, 2400]
10-04 16:55:37.091  2453  2453 I HoneySpace.HomeView: onTouch event = 2, Touch controller: zb.c@c48cf64
10-04 16:55:37.092  2453  2453 I HoneySpace.HoneyScreenManagerImpl: cancel transitionAnimator
10-04 16:55:37.092  2453  2453 I HoneySpace.AppscreenPot: show() honeyState: com.honeyspace.sdk.AppScreen$Normal@5a322a3, r8.n.gotoScreenWithAnimation(Unknown Source:397)
10-04 16:55:37.092  2453  2453 I HoneySpace.WallpaperBlurView: apply(): radius = 24, maxY = 236.30405
10-04 16:55:37.099  1073  1073 D Layer   : [SEC_SF_EFFECTS] setBlurRegions LauncherActivity$_2453#5567 ## {radius=18, cornerRadii=[0.000, 0.000, 0.000, 0.000], alpha=0.376, rect=[0, 0, 1080, 2400]
10-04 16:55:37.100  2453  2453 I HoneySpace.HomeView: onTouch event = 2, Touch controller: zb.c@c48cf64
10-04 16:55:37.100  2453  2453 I HoneySpace.HoneyScreenManagerImpl: cancel transitionAnimator
10-04 16:55:37.100  2453  2453 I HoneySpace.AppscreenPot: show() honeyState: com.honeyspace.sdk.AppScreen$Normal@5a322a3, r8.n.gotoScreenWithAnimation(Unknown Source:397)
10-04 16:55:37.100  2453  2453 I HoneySpace.WallpaperBlurView: apply(): radius = 31, maxY = 233.96394
10-04 16:55:37.108  1073  1073 D Layer   : [SEC_SF_EFFECTS] setBlurRegions LauncherActivity$_2453#5567 ## {radius=24, cornerRadii=[0.000, 0.000, 0.000, 0.000], alpha=0.490, rect=[0, 0, 1080, 2400]
10-04 16:55:37.108  2453  2453 W Choreographer: Frame time is 0.030424 ms in the future!  Check that graphics HAL is generating vsync timestamps using the correct timebase.
10-04 16:55:37.108  2042  2042 W Choreographer: Frame time is 0.020308 ms in the future!  Check that graphics HAL is generating vsync timestamps using the correct timebase.
10-04 16:55:37.108  2453  2453 I HoneySpace.HomeView: onTouch event = 2, Touch controller: zb.c@c48cf64
10-04 16:55:37.108  2453  2453 I HoneySpace.HoneyScreenManagerImpl: cancel transitionAnimator
10-04 16:55:37.109  2453  2453 I HoneySpace.AppscreenPot: show() honeyState: com.honeyspace.sdk.AppScreen$Normal@5a322a3, r8.n.gotoScreenWithAnimation(Unknown Source:397)
10-04 16:55:37.109  2453  2453 I HoneySpace.WallpaperBlurView: apply(): radius = 38, maxY = 231.25027
10-04 16:55:37.116  1073  1073 D Layer   : [SEC_SF_EFFECTS] setBlurRegions LauncherActivity$_2453#5567 ## {radius=31, cornerRadii=[0.000, 0.000, 0.000, 0.000], alpha=0.624, rect=[0, 0, 1080, 2400]
10-04 16:55:37.117  2453  2453 I HoneySpace.HomeView: onTouch event = 2, Touch controller: zb.c@c48cf64
10-04 16:55:37.117  2453  2453 I HoneySpace.HoneyScreenManagerImpl: cancel transitionAnimator
10-04 16:55:37.117  2453  2453 I HoneySpace.AppscreenPot: show() honeyState: com.honeyspace.sdk.AppScreen$Normal@5a322a3, r8.n.gotoScreenWithAnimation(Unknown Source:397)
10-04 16:55:37.117  2453  2453 I HoneySpace.WallpaperBlurView: apply(): radius = 46, maxY = 228.49055
10-04 16:55:37.125  1073  1073 D Layer   : [SEC_SF_EFFECTS] setBlurRegions LauncherActivity$_2453#5567 ## {radius=38, cornerRadii=[0.000, 0.000, 0.000, 0.000], alpha=0.776, rect=[0, 0, 1080, 2400]
10-04 16:55:37.125  2453  2453 I HoneySpace.HomeView: onTouch event = 2, Touch controller: zb.c@c48cf64
10-04 16:55:37.125  2453  2453 I HoneySpace.HoneyScreenManagerImpl: cancel transitionAnimator
10-04 16:55:37.126  2453  2453 I HoneySpace.AppscreenPot: show() honeyState: com.honeyspace.sdk.AppScreen$Normal@5a322a3, r8.n.gotoScreenWithAnimation(Unknown Source:397)
10-04 16:55:37.126  2453  2453 I HoneySpace.WallpaperBlurView: apply(): radius = 55, maxY = 225.3121
10-04 16:55:37.133  1073  1073 D Layer   : [SEC_SF_EFFECTS] setBlurRegions LauncherActivity$_2453#5567 ## {radius=46, cornerRadii=[0.000, 0.000, 0.000, 0.000], alpha=0.933, rect=[0, 0, 1080, 2400]
10-04 16:55:37.133  2453  2453 I HoneySpace.HomeView: onTouch event = 2, Touch controller: zb.c@c48cf64
10-04 16:55:37.134  2453  2453 I HoneySpace.HoneyScreenManagerImpl: cancel transitionAnimator
10-04 16:55:37.134  2453  2453 I HoneySpace.AppscreenPot: show() honeyState: com.honeyspace.sdk.AppScreen$Normal@5a322a3, r8.n.gotoScreenWithAnimation(Unknown Source:397)
10-04 16:55:37.135  2453  2453 I HoneySpace.WallpaperBlurView: apply(): radius = 64, maxY = 222.28271
10-04 16:55:37.142  1073  1073 D Layer   : [SEC_SF_EFFECTS] setBlurRegions LauncherActivity$_2453#5567 ## {radius=55, cornerRadii=[0.000, 0.000, 0.000, 0.000], alpha=1.114, rect=[0, 0, 1080, 2400]
10-04 16:55:37.142  2453  2453 I HoneySpace.HomeView: onTouch event = 2, Touch controller: zb.c@c48cf64
10-04 16:55:37.142  2453  2453 I HoneySpace.HoneyScreenManagerImpl: cancel transitionAnimator
10-04 16:55:37.142  2453  2453 I HoneySpace.AppscreenPot: show() honeyState: com.honeyspace.sdk.AppScreen$Normal@5a322a3, r8.n.gotoScreenWithAnimation(Unknown Source:397)
10-04 16:55:37.143  2453  2453 I HoneySpace.WallpaperBlurView: apply(): radius = 72, maxY = 219.4086
10-04 16:55:37.150  1073  1073 D Layer   : [SEC_SF_EFFECTS] setBlurRegions LauncherActivity$_2453#5567 ## {radius=64, cornerRadii=[0.000, 0.000, 0.000, 0.000], alpha=1.282, rect=[0, 0, 1080, 2400]
10-04 16:55:37.150  2453  2453 I HoneySpace.HomeView: onTouch event = 2, Touch controller: zb.c@c48cf64
10-04 16:55:37.150  2453  2453 I HoneySpace.HoneyScreenManagerImpl: cancel transitionAnimator
10-04 16:55:37.151  2453  2453 I HoneySpace.AppscreenPot: show() honeyState: com.honeyspace.sdk.AppScreen$Normal@5a322a3, r8.n.gotoScreenWithAnimation(Unknown Source:397)
10-04 16:55:37.151  2453  2453 I HoneySpace.WallpaperBlurView: apply(): radius = 81, maxY = 216.30547
10-04 16:55:37.158  1073  1073 D Layer   : [SEC_SF_EFFECTS] setBlurRegions LauncherActivity$_2453#5567 ## {radius=72, cornerRadii=[0.000, 0.000, 0.000, 0.000], alpha=1.447, rect=[0, 0, 1080, 2400]
10-04 16:55:37.159  2453  2453 I HoneySpace.HomeView: onTouch event = 2, Touch controller: zb.c@c48cf64
10-04 16:55:37.159  2453  2453 I HoneySpace.HoneyScreenManagerImpl: cancel transitionAnimator
10-04 16:55:37.161  2453  2453 I HoneySpace.AppscreenPot: show() honeyState: com.honeyspace.sdk.AppScreen$Normal@5a322a3, r8.n.gotoScreenWithAnimation(Unknown Source:397)
10-04 16:55:37.162  2453  2453 I HoneySpace.WallpaperBlurView: apply(): radius = 89, maxY = 213.43057
10-04 16:55:37.167  1073  1073 D Layer   : [SEC_SF_EFFECTS] setBlurRegions LauncherActivity$_2453#5567 ## {radius=81, cornerRadii=[0.000, 0.000, 0.000, 0.000], alpha=1.624, rect=[0, 0, 1080, 2400]
10-04 16:55:37.167  2453  2453 I HoneySpace.HomeView: onTouch event = 2, Touch controller: zb.c@c48cf64
10-04 16:55:37.167  2453  2453 I HoneySpace.HoneyScreenManagerImpl: cancel transitionAnimator
10-04 16:55:37.167  2453  2453 I HoneySpace.AppscreenPot: show() honeyState: com.honeyspace.sdk.AppScreen$Normal@5a322a3, r8.n.gotoScreenWithAnimation(Unknown Source:397)
10-04 16:55:37.167  2453  2453 I HoneySpace.WallpaperBlurView: apply(): radius = 97, maxY = 210.4043
10-04 16:55:37.175  1073  1073 D Layer   : [SEC_SF_EFFECTS] setBlurRegions LauncherActivity$_2453#5567 ## {radius=89, cornerRadii=[0.000, 0.000, 0.000, 0.000], alpha=1.784, rect=[0, 0, 1080, 2400]
10-04 16:55:37.175  2453  2453 I HoneySpace.HomeView: onTouch event = 2, Touch controller: zb.c@c48cf64
10-04 16:55:37.176  2453  2453 I HoneySpace.HoneyScreenManagerImpl: cancel transitionAnimator
10-04 16:55:37.176  2453  2453 I HoneySpace.AppscreenPot: show() honeyState: com.honeyspace.sdk.AppScreen$Normal@5a322a3, r8.n.gotoScreenWithAnimation(Unknown Source:397)
10-04 16:55:37.176  2453  2453 I HoneySpace.WallpaperBlurView: apply(): radius = 106, maxY = 207.37646
10-04 16:55:37.183  1073  1073 D Layer   : [SEC_SF_EFFECTS] setBlurRegions LauncherActivity$_2453#5567 ## {radius=97, cornerRadii=[0.000, 0.000, 0.000, 0.000], alpha=1.957, rect=[0, 0, 1080, 2400]
10-04 16:55:37.184  2453  2453 I HoneySpace.HomeView: onTouch event = 2, Touch controller: zb.c@c48cf64
10-04 16:55:37.184  2453  2453 I HoneySpace.HoneyScreenManagerImpl: cancel transitionAnimator
10-04 16:55:37.184  2453  2453 I HoneySpace.AppscreenPot: show() honeyState: com.honeyspace.sdk.AppScreen$Normal@5a322a3, r8.n.gotoScreenWithAnimation(Unknown Source:397)
10-04 16:55:37.184  2453  2453 I HoneySpace.WallpaperBlurView: apply(): radius = 115, maxY = 204.27177
10-04 16:55:37.192  1073  1073 D Layer   : [SEC_SF_EFFECTS] setBlurRegions LauncherActivity$_2453#5567 ## {radius=106, cornerRadii=[0.000, 0.000, 0.000, 0.000], alpha=2.129, rect=[0, 0, 1080, 2400]
10-04 16:55:37.192  2453  2453 I HoneySpace.HomeView: onTouch event = 2, Touch controller: zb.c@c48cf64
10-04 16:55:37.192  2453  2453 I HoneySpace.HoneyScreenManagerImpl: cancel transitionAnimator
10-04 16:55:37.193  2453  2453 I HoneySpace.AppscreenPot: show() honeyState: com.honeyspace.sdk.AppScreen$Normal@5a322a3, r8.n.gotoScreenWithAnimation(Unknown Source:397)
10-04 16:55:37.193  2453  2453 I HoneySpace.WallpaperBlurView: apply(): radius = 123, maxY = 201.32004
10-04 16:55:37.200  1073  1073 D Layer   : [SEC_SF_EFFECTS] setBlurRegions LauncherActivity$_2453#5567 ## {radius=115, cornerRadii=[0.000, 0.000, 0.000, 0.000], alpha=2.302, rect=[0, 0, 1080, 2400]
10-04 16:55:37.200  2453  2453 I HoneySpace.HomeView: onTouch event = 2, Touch controller: zb.c@c48cf64
10-04 16:55:37.201  2453  2453 I HoneySpace.HoneyScreenManagerImpl: cancel transitionAnimator
10-04 16:55:37.201  2453  2453 I HoneySpace.AppscreenPot: show() honeyState: com.honeyspace.sdk.AppScreen$Normal@5a322a3, r8.n.gotoScreenWithAnimation(Unknown Source:397)
10-04 16:55:37.201  2453  2453 I HoneySpace.WallpaperBlurView: apply(): radius = 132, maxY = 198.0624
10-04 16:55:37.208  1073  1073 D Layer   : [SEC_SF_EFFECTS] setBlurRegions LauncherActivity$_2453#5567 ## {radius=123, cornerRadii=[0.000, 0.000, 0.000, 0.000], alpha=2.471, rect=[0, 0, 1080, 2400]
10-04 16:55:37.209  2453  2453 I HoneySpace.HomeView: onTouch event = 2, Touch controller: zb.c@c48cf64
10-04 16:55:37.209  2453  2453 I HoneySpace.HoneyScreenManagerImpl: cancel transitionAnimator
10-04 16:55:37.209  2453  2453 I HoneySpace.AppscreenPot: show() honeyState: com.honeyspace.sdk.AppScreen$Normal@5a322a3, r8.n.gotoScreenWithAnimation(Unknown Source:397)
10-04 16:55:37.209  2453  2453 I HoneySpace.WallpaperBlurView: apply(): radius = 141, maxY = 195.03223
10-04 16:55:37.217  1073  1073 D Layer   : [SEC_SF_EFFECTS] setBlurRegions LauncherActivity$_2453#5567 ## {radius=132, cornerRadii=[0.000, 0.000, 0.000, 0.000], alpha=2.655, rect=[0, 0, 1080, 2400]
10-04 16:55:37.217  2453  2453 I HoneySpace.HomeView: onTouch event = 2, Touch controller: zb.c@c48cf64
10-04 16:55:37.217  2453  2453 I HoneySpace.HoneyScreenManagerImpl: cancel transitionAnimator
