Version running in DEBUG mode from VSCode...

```
10-04 16:55:28.711 16972 17020 I DUMMY-PROJ: MainPage - constructor - on background task - creating new page
10-04 16:55:28.745 16972 17062 D ProfileInstaller: Installing profile for com.companyname.mauiappwindowtest
10-04 16:55:28.746 16972 17020 I uiappwindowtest: Explicit concurrent copying GC freed 1247KB AllocSpace bytes, 4(144KB) LOS objects, 60% free, 4090KB/10234KB, paused 70us,20us total 18.300ms
10-04 16:55:28.750 16972 17020 I DUMMY-PROJ: MainPage - constructor - on background task - requesting transition on EDT
10-04 16:55:28.750 16972 17020 I DUMMY-PROJ: MainPage - ChangeRootPageOnEDT, requesting transition, ensuring on EDT
10-04 16:55:28.754 16972 17020 I DUMMY-PROJ: MainPage - ChangeRootPageOnEDT - done
10-04 16:55:28.754 16972 17020 I DUMMY-PROJ: MainPage - constructor - on background task - requesting transition on EDT - done
10-04 16:55:28.754 16972 16972 I DUMMY-PROJ: MainPage - ChangeRootPageOnEDT, now on EDT
10-04 16:55:28.760 16972 16972 I DUMMY-PROJ: MainPage - ChangeRootPageOnEDT, replacing window with page:MauiAppWindowTest.NextPage (colour:[Color: Red=0, Green=0, Blue=1, Alpha=1])
10-04 16:55:28.766 16972 16972 W WindowOnBackDispatcher: OnBackInvokedCallback is not enabled for the application.
10-04 16:55:28.766 16972 16972 W WindowOnBackDispatcher: Set 'android:enableOnBackInvokedCallback="true"' in the application manifest.
10-04 16:55:28.778  1073  1212 I VSyncReactor: Current= 60, Period= 60, hwcPeriod= 60
10-04 16:55:28.783 16972 16972 I DUMMY-PROJ: MainPage - ChangeRootPageOnEDT, transition done
```

Then I killed the app by OS menu, then swiping it away.

When I launched the app the splash screen appeared, but nothing transitioned and not one line of debugging was output!...

```
10-04 16:55:28.821  1073  1073 I HWComposer: [4633128672291735937] ActiveConfigToHWC, ID : 0
10-04 16:55:28.821   975  1036 I display : Set Affinity config for fps(120) : 0, cpuIDs : 255
10-04 16:55:28.821   975  1036 I display : Set Affinity CPU ID : 0
10-04 16:55:28.821   975  1036 I display : Set Affinity CPU ID : 1
10-04 16:55:28.821   975  1036 I display : Set Affinity CPU ID : 2
10-04 16:55:28.821   975  1036 I display : Set Affinity CPU ID : 3
10-04 16:55:28.821   975  1036 I display : Set Affinity CPU ID : 4
10-04 16:55:28.821   975  1036 I display : Set Affinity CPU ID : 5
10-04 16:55:28.822   975  1036 I display : Set Affinity CPU ID : 6
10-04 16:55:28.822   975  1036 I display : Set Affinity CPU ID : 7
10-04 16:55:28.822   975  1036 I display : Set affinity HWC : 975
10-04 16:55:28.822   975  1036 I display : CPU set : Cluster(0), min_clock(0)
10-04 16:55:28.822   975  1036 I display : CPU set : Cluster(1), min_clock(0)
10-04 16:55:28.822   975  1036 I display : CPU set : Cluster(2), min_clock(0)
10-04 16:55:28.823  1073  1073 I LayerHistory: com.companyname.mauiappwindowtest/crc6457a4a0fbbd3bbed6.MainActivity$_16972#5551 Max (can't resolve refresh rate)
10-04 16:55:28.823  1073  1073 I SurfaceFlinger: scored - choose 120.00 Hz
10-04 16:55:28.828   975  1033 I display : doDisplayConfigPostProcess needSetActiveConfig is true - mDesiredConfig: 0
10-04 16:55:28.828   975  1033 I display : setActiveConfig(config=0)
10-04 16:55:28.828   975  1033 I display : next config(0): width=1080 height=2400 period=8333333 Xdpi=422030 Ydpi=423333 groupId=0
10-04 16:55:28.828   975  1033 I display : Current VRR MODE is 3
10-04 16:55:28.828  1073  1212 I VSyncReactor: Current= 60, Period= 120, hwcPeriod= 60
10-04 16:55:28.845  1073  1212 I VSyncReactor: Current= 60, Period= 120, hwcPeriod= 120
10-04 16:55:29.076  1073  1073 I HWComposer: [4633128672291735937] ActiveConfigToHWC, ID : 2
10-04 16:55:29.077   975  1036 I display : Set Affinity config for fps(60) : 2, cpuIDs : 255
10-04 16:55:29.077   975  1036 I display : Set Affinity CPU ID : 0
10-04 16:55:29.077   975  1036 I display : Set Affinity CPU ID : 1
10-04 16:55:29.077   975  1036 I display : Set Affinity CPU ID : 2
10-04 16:55:29.077   975  1036 I display : Set Affinity CPU ID : 3
10-04 16:55:29.077   975  1036 I display : Set Affinity CPU ID : 4
10-04 16:55:29.077   975  1036 I display : Set Affinity CPU ID : 5
10-04 16:55:29.077   975  1036 I display : Set Affinity CPU ID : 6
10-04 16:55:29.078   975  1036 I display : Set Affinity CPU ID : 7
10-04 16:55:29.078   975  1036 I display : Set affinity HWC : 975
10-04 16:55:29.078   975  1036 I display : CPU set : Cluster(0), min_clock(0)
10-04 16:55:29.078   975  1036 I display : CPU set : Cluster(1), min_clock(0)
10-04 16:55:29.078   975  1036 I display : CPU set : Cluster(2), min_clock(0)
10-04 16:55:29.079  1073  1073 I LayerHistory: com.companyname.mauiappwindowtest/crc6457a4a0fbbd3bbed6.MainActivity$_16972#5551 Max (can't resolve refresh rate)
10-04 16:55:29.079  1073  1073 I SurfaceFlinger: Idle - choose 60.00 Hz
10-04 16:55:29.082   975  1033 I display : doDisplayConfigPostProcess needSetActiveConfig is true - mDesiredConfig: 2
10-04 16:55:29.082   975  1033 I display : setActiveConfig(config=2)
10-04 16:55:29.082   975  1033 I display : next config(2): width=1080 height=2400 period=16666666 Xdpi=422030 Ydpi=423333 groupId=0
10-04 16:55:29.082   975  1033 I display : Current VRR MODE is 3
10-04 16:55:29.082  1073  1212 I VSyncReactor: Current= 120, Period= 60, hwcPeriod= 120
10-04 16:55:29.087  1073  1212 I VSyncReactor: Current= 120, Period= 60, hwcPeriod= 60
10-04 16:55:29.969  3956 16894 I NearbyMediums: No BLE Fast/GATT advertisements found in the latest cycle.
10-04 16:55:29.977  1427  3647 D SemWifiUsabilityStatsMonitor: onWifiUsabilityStats - seqNum 23123, isSameBssidAndFreq true
10-04 16:55:29.980  2042  2042 D StatusBarIconController: ignoring old pipeline callback because the new wifi icon is enabled
10-04 16:55:29.991  1073  1212 I VSyncReactor: Current= 60, Period= 60, hwcPeriod= 60
10-04 16:55:30.007  1073  1212 I VSyncReactor: Current= 60, Period= 120, hwcPeriod= 60
10-04 16:55:30.017  1073  1073 I HWComposer: [4633128672291735937] ActiveConfigToHWC, ID : 0
10-04 16:55:30.018   975  1036 I display : Set Affinity config for fps(120) : 0, cpuIDs : 255
10-04 16:55:30.018   975  1036 I display : Set Affinity CPU ID : 0
10-04 16:55:30.018   975  1036 I display : Set Affinity CPU ID : 1
10-04 16:55:30.018   975  1036 I display : Set Affinity CPU ID : 2
10-04 16:55:30.018   975  1036 I display : Set Affinity CPU ID : 3
10-04 16:55:30.018   975  1036 I display : Set Affinity CPU ID : 4
10-04 16:55:30.018   975  1036 I display : Set Affinity CPU ID : 5
10-04 16:55:30.018   975  1036 I display : Set Affinity CPU ID : 6
10-04 16:55:30.018   975  1036 I display : Set Affinity CPU ID : 7
10-04 16:55:30.018   975  1036 I display : Set affinity HWC : 975
10-04 16:55:30.018   975  1036 I display : CPU set : Cluster(0), min_clock(0)
10-04 16:55:30.018   975  1036 I display : CPU set : Cluster(1), min_clock(0)
10-04 16:55:30.018   975  1036 I display : CPU set : Cluster(2), min_clock(0)
10-04 16:55:30.019  1073  1073 I LayerHistory: StatusBar$_2042#89 voted 0, 0.00 fps
10-04 16:55:30.019  1073  1073 I LayerHistory: com.companyname.mauiappwindowtest/crc6457a4a0fbbd3bbed6.MainActivity$_16972#5551 Max (can't resolve refresh rate)
10-04 16:55:30.019  1073  1073 I SurfaceFlinger: scored - choose 120.00 Hz
10-04 16:55:30.023   975  1033 I display : doDisplayConfigPostProcess needSetActiveConfig is true - mDesiredConfig: 0
10-04 16:55:30.024   975  1033 I display : setActiveConfig(config=0)
10-04 16:55:30.024   975  1033 I display : next config(0): width=1080 height=2400 period=8333333 Xdpi=422030 Ydpi=423333 groupId=0
10-04 16:55:30.024   975  1033 I display : Current VRR MODE is 3
10-04 16:55:30.024  1073  1212 I VSyncReactor: Current= 60, Period= 120, hwcPeriod= 60
10-04 16:55:30.041  1073  1212 I VSyncReactor: Current= 60, Period= 120, hwcPeriod= 120
10-04 16:55:30.262  1073  1073 I HWComposer: [4633128672291735937] ActiveConfigToHWC, ID : 2
10-04 16:55:30.263   975  1036 I display : Set Affinity config for fps(60) : 2, cpuIDs : 255
10-04 16:55:30.264   975  1036 I display : Set Affinity CPU ID : 0
10-04 16:55:30.264   975  1036 I display : Set Affinity CPU ID : 1
10-04 16:55:30.264   975  1036 I display : Set Affinity CPU ID : 2
10-04 16:55:30.264   975  1036 I display : Set Affinity CPU ID : 3
10-04 16:55:30.264   975  1036 I display : Set Affinity CPU ID : 4
10-04 16:55:30.264   975  1036 I display : Set Affinity CPU ID : 5
10-04 16:55:30.264   975  1036 I display : Set Affinity CPU ID : 6
10-04 16:55:30.264   975  1036 I display : Set Affinity CPU ID : 7
10-04 16:55:30.264   975  1036 I display : Set affinity HWC : 975
10-04 16:55:30.264   975  1036 I display : CPU set : Cluster(0), min_clock(0)
10-04 16:55:30.265   975  1036 I display : CPU set : Cluster(1), min_clock(0)
10-04 16:55:30.265   975  1036 I display : CPU set : Cluster(2), min_clock(0)
10-04 16:55:30.265  1073  1073 I LayerHistory: StatusBar$_2042#89 voted 0, 0.00 fps
10-04 16:55:30.265  1073  1073 I SurfaceFlinger: Idle - choose 60.00 Hz
10-04 16:55:30.267   975  1033 I display : doDisplayConfigPostProcess needSetActiveConfig is true - mDesiredConfig: 2
10-04 16:55:30.267   975  1033 I display : setActiveConfig(config=2)
10-04 16:55:30.267   975  1033 I display : next config(2): width=1080 height=2400 period=16666666 Xdpi=422030 Ydpi=423333 groupId=0
10-04 16:55:30.267   975  1033 I display : Current VRR MODE is 3
10-04 16:55:30.268  1073  1212 I VSyncReactor: Current= 120, Period= 60, hwcPeriod= 120
10-04 16:55:30.276  1073  1212 I VSyncReactor: Current= 120, Period= 60, hwcPeriod= 60
10-04 16:55:30.463  3993  3993 D BoundBrokerSvc: onBind: Intent { act=com.google.android.gms.safetynet.service.START pkg=com.google.android.gms }
10-04 16:55:30.463  3993  3993 D BoundBrokerSvc: Loading bound service for intent: Intent { act=com.google.android.gms.safetynet.service.START pkg=com.google.android.gms }
--------- beginning of system
10-04 16:55:30.576  3946  3946 I SDHMS:LOAD: type: LoadsFreqs, value: 0:24:0:1312739:2912000:0:1392559:2808000:0:12:403:0
10-04 16:55:31.033  1427  2275 E KernelCpuUidFullTimeReader: Negative delta from freq time for uid: 90000, delta: -15
10-04 16:55:31.033  1427  2275 E KernelCpuUidFullTimeReader: Negative delta from freq time for uid: 90001, delta: -16
10-04 16:55:31.033  1427  2275 D CustomizedBinderCallsStatsInternal: reportCpuUsage() : 0%
10-04 16:55:31.033  1427  1587 I BinderCallsStats: Collected cpu time : 0us, collected call count : 0 for 156068342 ms
10-04 16:55:31.314  1052  1241 I EDEN    : [Exynos][EDEN][v1.6.23][SERVICE] processAliveMointorMain:253: Try to check pid=(1004)...
10-04 16:55:31.658   986   986 I Sensors : batch(19) - light_cct_sensor try to batching with 200000000
10-04 16:55:31.662   986   986 I Sensors : LightCCT_Sensor old sensor_state 16896, new sensor_state : 1550332870017536 en : 1
10-04 16:55:31.664   986   986 I Sensors : enable:: light_cct_sensor(19)
10-04 16:55:31.665  1427  1872 D SensorManager: registerListener :: 33, TMD4912 Light CCT, 200000, 0, com.samsung.android.displaysolution.EyeComfortSolutionService$2@8da8bbd
10-04 16:55:31.703   986  1743 I Sensors : lux = 122, CCT = 0, r = 3201, g = 376, b = 3419, c = 585, atime = 350, again = 512, lux_raw = 123, brightness = 100, time = 156085555042847
10-04 16:55:31.706   986   986 I Sensors : LightCCT_Sensor old sensor_state 16896, new sensor_state : 1550328575050240 en : 0
10-04 16:55:31.710   986   986 I Sensors : disable:: light_cct_sensor(19)
10-04 16:55:31.711  1427  1872 D SensorManager: unregisterListener :: com.samsung.android.displaysolution.EyeComfortSolutionService$2@8da8bbd
10-04 16:55:31.798   676   676 D io_stats: !@   8,0 r 706545 27994032 w 792633 17793696 d 216544 120716844 f 0 0 iot 796776 0 th 0 0 0 pt 0 inp 0 0 89540.266
10-04 16:55:31.798   676   676 D io_stats: !@ Write_top(KB): system_server(1427) 256
10-04 16:55:32.849   937   937 E audit   : type=1400 audit(1728057332.843:15502): avc:  denied  { ioctl } for  pid=3956 comm="lowpool[510]" path="/data/data/com.google.android.gms/databases/rmq.db" dev="dm-52" ino=7655 ioctlcmd=0xf522 scontext=u:r:gmscore_app:s0:c512,c768 tcontext=u:object_r:privapp_data_file:s0:c512,c768 tclass=file permissive=0 SEPF_SM-G991B_12_0001 audit_filtered
10-04 16:55:32.849   937   937 E audit   : type=1300 audit(1728057332.843:15502): arch=c00000b7 syscall=29 success=no exit=-13 a0=67 a1=f522 a2=7ad33c1868 a3=b40000794d4297c0 items=0 ppid=959 pid=3956 auid=4294967295 uid=10227 gid=10227 euid=10227 suid=10227 fsuid=10227 egid=10227 sgid=10227 fsgid=10227 tty=(none) ses=4294967295 comm="lowpool[510]" exe="/system/bin/app_process64" subj=u:r:gmscore_app:s0:c512,c768 key=(null)
10-04 16:55:32.849   937   937 E audit   : type=1327 audit(1728057332.843:15502): proctitle="com.google.android.gms.persistent"
10-04 16:55:32.860  3956 16895 D ConnectivityManager: StackLog: [android.net.ConnectivityManager.reportNetworkConnectivity(ConnectivityManager.java:3665)] [bcfy.a(:com.google.android.gms@243834030@24.38.34 (190408-681941525):15)] [bcie.o(:com.google.android.gms@243834030@24.38.34 (190408-681941525):6)] [bchs.run(:com.google.android.gms@243834030@24.38.34 (190408-681941525):590)] [bcim.run(:com.google.android.gms@243834030@24.38.34 (190408-681941525):5)] [esgc.run(:com.google.android.gms@243834030@24.38.34 (190408-681941525):21)] [anih.c(:com.google.android.gms@243834030@24.38.34 (190408-681941525):50)] [anih.run(:com.google.android.gms@243834030@24.38.34 (190408-681941525):76)] [java.util.concurrent.ThreadPoolExecutor.runWorker(ThreadPoolExecutor.java:1145)] [java.util.concurrent.ThreadPoolExecutor$Worker.run(ThreadPoolExecutor.java:644)] [anns.run(:com.google.android.gms@243834030@24.38.34 (190408-681941525):8)] [java.lang.Thread.run(Thread.java:1012)]
10-04 16:55:32.869  3956 16895 I AlarmManager: setExactAndAllowWhileIdle [name: GCM_HB_ALARM type: 2 triggerAtMillis: 157816728]
10-04 16:55:32.870  1427  2275 D AlarmManager: force change alarm method to setWindow() callingUid=10227, sourcePackage=com.google.android.gms, action=com.google.android.gms.gcm.HEARTBEAT_ALARM, origTriggerAtTime=157816728, triggerAtTime=156951728, windowLength=865000
10-04 16:55:32.870  1427  2275 D CompatibilityChangeReporter: Compat change id reported: 171306433; UID 10227; state: ENABLED
10-04 16:55:32.903  3956 15067 I AlarmManager: setExactAndAllowWhileIdle [name: FcmRetry type: 2 triggerAtMillis: 156206753]
10-04 16:55:32.903  1427  2275 D CompatibilityChangeReporter: Compat change id reported: 218533173; UID 10227; state: ENABLED
10-04 16:55:32.905  3956 16895 I AlarmManager: setExactAndAllowWhileIdle [name: GCM_HB_ALARM type: 2 triggerAtMillis: 157816764]
10-04 16:55:32.905  1427  1472 D AlarmManager: force change alarm method to setWindow() callingUid=10227, sourcePackage=com.google.android.gms, action=com.google.android.gms.gcm.HEARTBEAT_ALARM, origTriggerAtTime=157816764, triggerAtTime=156951764, windowLength=865000
10-04 16:55:32.918  7973  7973 I GnpSdk  : (REDACTED) Intent received for action [%s] package [%s].
10-04 16:55:32.918  7973  7973 I GnpSdk  : Phenotype initialized.
10-04 16:55:32.919  7973  7973 I GnpSdk  : BroadcastReceiver disabled by host app in GnpConfig
10-04 16:55:32.919  1427  1588 W ProcessStats: Tracking association SourceState{b71e49e com.google.android.googlequicksearchbox:search/10237 Receivr #85075} whose proc state 10 is better than process ProcessState{cc2ff62 com.google.android.adservices.api/10263 pkg=com.google.android.adservices.api} proc state 14 (16 skipped)
10-04 16:55:32.922   937   937 E audit   : type=1400 audit(1728057332.915:15503): avc:  denied  { ioctl } for  pid=3956 comm="lowpool[497]" path="/data/data/com.google.android.gms/databases/phenotype.db" dev="dm-52" ino=3663 ioctlcmd=0xf522 scontext=u:r:gmscore_app:s0:c512,c768 tcontext=u:object_r:privapp_data_file:s0:c512,c768 tclass=file permissive=0 SEPF_SM-G991B_12_0001 audit_filtered
10-04 16:55:32.922   937   937 E audit   : type=1300 audit(1728057332.915:15503): arch=c00000b7 syscall=29 success=no exit=-13 a0=7a a1=f522 a2=7ad33c1868 a3=b40000794d40b4c0 items=0 ppid=959 pid=3956 auid=4294967295 uid=10227 gid=10227 euid=10227 suid=10227 fsuid=10227 egid=10227 sgid=10227 fsgid=10227 tty=(none) ses=4294967295 comm="lowpool[497]" exe="/system/bin/app_process64" subj=u:r:gmscore_app:s0:c512,c768 key=(null)
10-04 16:55:32.927  7973 17094 E FirebaseMessaging: Default FirebaseApp has not been initialized. Skip logging event to GA.
10-04 16:55:32.927  7973 17094 I FirebaseMessaging: FirebaseApp has not being initialized. Device might be in direct boot mode. Skip exporting delivery metrics to Big Query
10-04 16:55:32.966  7973 17097 I A       : Chime Filter is invoked.
10-04 16:55:32.973  7973  8005 I A       : Notification was not filtered.
10-04 16:55:32.980  7973 17097 I GnpSdk  : (REDACTED) Setting channel Id: '%s'
10-04 16:55:33.000  7973 17097 I GnpSdk  : (REDACTED) Setting channel Id: '%s'
10-04 16:55:33.005  7973 17097 I NotificationManager: com.google.android.googlequicksearchbox: notify(0, 161924996::SUMMARY::wx, Notification(channel=71 shortcut=null contentView=null vibrate=null sound=null defaults=0x0 flags=0x200 color=0x00000000 groupKey=161924996::SUMMARY::wx vis=PRIVATE publicVersion=Notification(channel=null shortcut=null contentView=null vibrate=null sound=null defaults=0x0 flags=0x0 color=0x00000000 vis=PRIVATE semFlags=0x0 semPriority=0 semMissedCount=0) semFlags=0x0 semPriority=0 semMissedCount=0)) as user
10-04 16:55:33.009  7973 17097 I NotificationManager: com.google.android.googlequicksearchbox: notify(0, 161924996::a:snotification:[0x394,wx.f,NOTIFICATION], Notification(channel=71 shortcut=null contentView=null vibrate=null sound=null tick defaults=0x0 flags=0x8 color=0x00000000 groupKey=161924996::SUMMARY::wx vis=PRIVATE semFlags=0x0 semPriority=0 semMissedCount=0)) as user
10-04 16:55:33.021  1427  3647 D SemWifiUsabilityStatsMonitor: onWifiUsabilityStats - seqNum 23124, isSameBssidAndFreq true
10-04 16:55:33.030  7973 17094 I GnpSdk  : Message handled by GNP Firebase handler.
10-04 16:55:33.049  7973  8005 I TngGcmBroadcastReceiver: #onReceiveInternal: Received GNP payload, returning.
10-04 16:55:33.131  2118  2118 I EPDG -- SIM1 [EpdgIntfCont]: Not Mobile Interface. Ignoring Event
10-04 16:55:33.131  2118  2118 I EPDG -- SIM1 [EpdgIntfCont]: Not Mobile Interface. Ignoring Event
10-04 16:55:33.131  2118  2118 I EPDG -- SIM0 [EpdgIntfCont]: Not Mobile Interface. Ignoring Event
10-04 16:55:33.131  2118  2118 I EPDG -- SIM0 [EpdgIntfCont]: Not Mobile Interface. Ignoring Event
10-04 16:55:33.213  1427  1427 I Telecom:SamsungTelecomServiceImpl: isInManagedCall - callingPackage : android / callingUser : UserHandle{0} / hasCrossUserAccess : true
10-04 16:55:33.220  1427  1427 I Telecom:SamsungTelecomServiceImpl: isInManagedCall - callingPackage : android / callingUser : UserHandle{0} / hasCrossUserAccess : true
10-04 16:55:33.229  2453  2453 I HoneySpace.NotificationListener: onNotificationPosted com.google.android.googlequicksearchbox: 0|com.google.android.googlequicksearchbox|0|161924996::SUMMARY::wx|10237: 0
10-04 16:55:33.229  2453  2453 I HoneySpace.NotificationListener: invalid notification: com.google.android.googlequicksearchbox UserHandle{0}: canShowBadge is false
10-04 16:55:33.230  2453 15403 I HoneySpace.PackageEventOperator: [AbsFolderViewModel|7] badge count is updated. com.google.android.googlequicksearchbox/.SearchActivity#UserHandle{0}|8 : 0
10-04 16:55:33.230  2453 15946 I HoneySpace.PackageEventOperator: [AbsFolderViewModel|53] badge count is updated. com.google.android.googlequicksearchbox/.SearchActivity#UserHandle{0}|54 : 0
10-04 16:55:33.230  2453 15403 I HoneySpace.PackageEventOperator: [WorkspaceViewModel] badge count is updated. com.google.android.googlequicksearchbox/.SearchActivity#UserHandle{0}|8 : 0
10-04 16:55:33.230  2453 15946 I HoneySpace.PackageEventOperator: [ApplistViewModel] badge count is updated. com.google.android.googlequicksearchbox/.SearchActivity#UserHandle{0}|54 : 0
10-04 16:55:33.230  2453 15403 I HoneySpace.BadgeDataSourceImpl: Get notification count. PackageKey(packageName=com.google.android.gm, user=UserHandle{0}) - forceBadgeCount: false, notification listener: 1, badge provider: 0
10-04 16:55:33.230  2453 15946 I HoneySpace.BadgeDataSourceImpl: Get notification count. PackageKey(packageName=com.google.android.gm, user=UserHandle{0}) - forceBadgeCount: false, notification listener: 1, badge provider: 0
10-04 16:55:33.233  2453  2453 I HoneySpace.NotificationListener: onNotificationPosted com.google.android.googlequicksearchbox: 0|com.google.android.googlequicksearchbox|0|161924996::a:snotification:[0x394,wx.f,NOTIFICATION]|10237: 0
10-04 16:55:33.233  2453  2453 I HoneySpace.NotificationListener: invalid notification: com.google.android.googlequicksearchbox UserHandle{0}: canShowBadge is false
10-04 16:55:33.233  2453 12442 I HoneySpace.PackageEventOperator: [AbsFolderViewModel|7] badge count is updated. com.google.android.googlequicksearchbox/.SearchActivity#UserHandle{0}|8 : 0
10-04 16:55:33.233  2453 15967 I HoneySpace.PackageEventOperator: [AbsFolderViewModel|53] badge count is updated. com.google.android.googlequicksearchbox/.SearchActivity#UserHandle{0}|54 : 0
10-04 16:55:33.233  2453 15946 I HoneySpace.PackageEventOperator: [WorkspaceViewModel] badge count is updated. com.google.android.googlequicksearchbox/.SearchActivity#UserHandle{0}|8 : 0
10-04 16:55:33.233  2453 15946 I HoneySpace.BadgeDataSourceImpl: Get notification count. PackageKey(packageName=com.google.android.gm, user=UserHandle{0}) - forceBadgeCount: false, notification listener: 1, badge provider: 0
10-04 16:55:33.233  2453 12442 I HoneySpace.PackageEventOperator: [ApplistViewModel] badge count is updated. com.google.android.googlequicksearchbox/.SearchActivity#UserHandle{0}|54 : 0
10-04 16:55:33.233  2453 12442 I HoneySpace.BadgeDataSourceImpl: Get notification count. PackageKey(packageName=com.google.android.gm, user=UserHandle{0}) - forceBadgeCount: false, notification listener: 1, badge provider: 0
10-04 16:55:33.246  2042  2042 I AODNotificationManager: updateNotification() 
10-04 16:55:33.252  1073  1212 I VSyncReactor: Current= 60, Period= 60, hwcPeriod= 60
10-04 16:55:33.254  1427  1581 D LocalDisplayAdapter: updateActiveModeLocked for d=4633128672291735937, mActiveModeId=3, mActiveSfDisplayMode=DisplayMode{id=2, width=1080, height=2400, xDpi=422.03, yDpi=423.333, refreshRate=60.000004, appVsyncOffsetNanos=0, presentationDeadlineNanos=17666666, supportedHdrTypes=[2, 3, 4], group=0}
10-04 16:55:33.255  1427  1581 I DisplayDeviceRepository: Display device changed: DisplayDeviceInfo{"Built-in Screen": uniqueId="local:4633128672291735937", 1080 x 2400, modeId 3, renderFrameRate 60.000004, defaultModeId 3, supportedModes [{id=1, width=1080, height=2400, fps=120.00001, alternativeRefreshRates=[48.000004, 60.000004, 96.00001], supportedHdrTypes=[2, 3, 4]}, {id=2, width=1080, height=2400, fps=96.00001, alternativeRefreshRates=[48.000004, 60.000004, 120.00001], supportedHdrTypes=[2, 3, 4]}, {id=3, width=1080, height=2400, fps=60.000004, alternativeRefreshRates=[48.000004, 96.00001, 120.00001], supportedHdrTypes=[2, 3, 4]}, {id=4, width=1080, height=2400, fps=48.000004, alternativeRefreshRates=[60.000004, 96.00001, 120.00001], supportedHdrTypes=[2, 3, 4]}], colorMode 0, supportedColorModes [0, 6, 7], hdrCapabilities HdrCapabilities{mSupportedHdrTypes=[2, 3, 4], mMaxLuminance=450.0, mMaxAverageLuminance=120.0, mMinLuminance=5.0E-4}, allmSupported false, gameContentTypeSupported false, density 480, 422.03 x 423.333 dpi, appVsyncOff 0, presDeadline 17666666, cutout DisplayCutout{insets=Rect(0, 80 - 0, 0) waterfall=Insets{left=0, top=0, right=0, bottom=0} boundingRect={Bounds=[Rect(0, 0 - 0, 0), Rect(510, 0 - 570, 80), Rect(0, 0 - 0, 0), Rect(0, 0 - 0, 0)]} cutoutPathParserInfo={CutoutPathParserInfo{displayWidth=1080 displayHeight=2400 physicalDisplayWidth=1080 physicalDisplayHeight=2400 density={3.0} cutoutSpec={M 0,0 H -10 V 26.66666666666667 H 10 V 0 H 0 Z @dp} rotation={0} scale={1.0} physicalPixelDisplaySizeRatio={1.0}}}}, touch INTERNAL, rotation 0, type INTERNAL, address {port=129, model=0x404c2dfae6a049}, deviceProductInfo DeviceProductInfo{name=samsung lcd  , manufacturerPnpId=SAM, productId=0, modelYear=null, manufactureDate=ManufactureDate{week=16, year=2020}, connectionToSinkType=0}, state ON, committedState ON, frameRateOverride , brightnessMinimum 0.0, brightnessMaximum 1.0, brightnessDefault 0.5019608, hdrSdrRatio NaN, roundedCorners RoundedCorners{[RoundedCorner{position=TopLeft, radius=90, center=Point(90, 90)}, RoundedCorner{position=TopRight, radius=90, center=Point(990, 90)}, RoundedCorner{position=BottomRight, radius=90, center=Point(990, 2310)}, RoundedCorner{position=BottomLeft, radius=90, center=Point(90, 2310)}]}, FLAG_ALLOWED_TO_BE_DEFAULT_DISPLAY, FLAG_ROTATES_WITH_CONTENT, FLAG_SECURE, FLAG_SUPPORTS_PROTECTED_BUFFERS, FLAG_TRUSTED, installOrientation 0, displayShape DisplayShape{ spec=-311912193 displayWidth=1080 displayHeight=2400 physicalPixelDisplaySizeRatio=1.0 rotation=0 offsetX=0 offsetY=0 scale=1.0}}
10-04 16:55:33.258  1073  1073 I SurfaceFlinger: SFWD update time=89541727363491
10-04 16:55:33.259  1427  3269 D LiftUpHandler: [LTW] Stopped already.
10-04 16:55:33.260  1427  1427 D SGM:GameManager: onDisplayChanged. displyId: 0, state: 2
10-04 16:55:33.260  1427  1807 D SGM:FgCheckThread: onLooperPrepared(), msg: MSG_LCD_ON
10-04 16:55:33.260  1427  1427 D MotionRecognitionService: [DisplayListener] getRefreshRate 60.000004
10-04 16:55:33.260  1427  1427 D AODManagerService: requestReCalToTSP IsSingleTouchMode = falserequestedReCalToTSP = false / previousDisplayState = ON
10-04 16:55:33.261  1427  1828 D MotionRecognitionService: Inject RefreshRate: 60
10-04 16:55:33.261  1427  1828 D SensorService: setSContextDataLocked ints length 3 , byte length 8
10-04 16:55:33.261  1427  1828 D SensorService: setSContextDataLocked 100048c1
10-04 16:55:33.262   986   986 D Sensors : c1 48 00 10 3c 00 00 00  
10-04 16:55:33.262   986   986 E Sensors : inject_scontext_data: New ssp_data_injection_fd(44)
10-04 16:55:33.263   986   986 D Sensors : SContext Data Injection return 8
10-04 16:55:33.263  2042  2247 D StackScroller: onDisplayChanged for predraw skip to 2
10-04 16:55:33.263  2042  2164 I ViewRootImpl@e11db90[ShellDropTarget]: onDisplayChanged oldDisplayState=2 newDisplayState=2
10-04 16:55:33.264  2042  3044 I ViewRootImpl@3eb5874[ScreenDecorOverlay]: onDisplayChanged oldDisplayState=2 newDisplayState=2
10-04 16:55:33.264  2042  3044 I ViewRootImpl@403463c[ScreenDecorOverlayBottom]: onDisplayChanged oldDisplayState=2 newDisplayState=2
10-04 16:55:33.264  1427  1581 D DisplayManagerService: Ignore redundant display event 0/2 to 10251/5386
10-04 16:55:33.264  1427  1581 D DisplayManagerService: Ignore redundant display event 0/2 to 10273/10149
10-04 16:55:33.264  1427  1581 D DisplayManagerService: Ignore redundant display event 0/2 to 10235/10150
10-04 16:55:33.266  2453  2453 I ViewRootImpl@93f9b16[LauncherActivity]: onDisplayChanged oldDisplayState=2 newDisplayState=2
10-04 16:55:33.266  2453  2453 I ViewRootImpl@ec6b24c[RecentsTransitionOverlay]: onDisplayChanged oldDisplayState=2 newDisplayState=2
10-04 16:55:33.266  2453  2453 I ViewRootImpl@1f7ce54[RecentsActivity]: onDisplayChanged oldDisplayState=2 newDisplayState=2
10-04 16:55:33.266  2453  2453 I ViewRootImpl@4145d62[CocktailBarService]: onDisplayChanged oldDisplayState=2 newDisplayState=2
10-04 16:55:33.267  5004  5004 I ViewRootImpl@66715da[InputMethod]: onDisplayChanged oldDisplayState=2 newDisplayState=2
10-04 16:55:33.267  7973  7973 I ViewRootImpl@12a5813[0 fl=}]: onDisplayChanged oldDisplayState=2 newDisplayState=2
10-04 16:55:33.267  2453 15403 I HoneySpace.RefreshRateSource: singleFrameMs 16
10-04 16:55:33.267  1427  2275 D CompatibilityChangeReporter: Compat change id reported: 170503758; UID 10384; state: ENABLED
10-04 16:55:33.268 16972 16972 I ViewRootImpl@56e8b21[MainActivity]: onDisplayChanged oldDisplayState=2 newDisplayState=2
10-04 16:55:33.269  1427  1581 D RefreshRateModeManager: updateDefaultDisplayToken: android.os.BinderProxy@98275e5, isChanged: false
10-04 16:55:33.271  2042  2042 D DisplayLifecycle: updateDisplay id = 0
10-04 16:55:33.271  2042  2042 I ViewRootImpl@3eae354[LockscreenShortcutBlur]: onDisplayChanged oldDisplayState=2 newDisplayState=2
10-04 16:55:33.271  2042  2042 I ViewRootImpl@141c4ca[NavigationBar0]: onDisplayChanged oldDisplayState=2 newDisplayState=2
10-04 16:55:33.271  2042  2042 I ViewRootImpl@b9445ae[NotificationShade]: onDisplayChanged oldDisplayState=2 newDisplayState=2
10-04 16:55:33.271  2042  2042 I ViewRootImpl@16e3a3f[StatusBar]: onDisplayChanged oldDisplayState=2 newDisplayState=2
10-04 16:55:33.271  2042  2042 I ViewRootImpl@5f21614[Bouncer]: onDisplayChanged oldDisplayState=2 newDisplayState=2
10-04 16:55:33.271  2042  2042 I ViewRootImpl@810f88a[KeyguardBiometricToastView]: onDisplayChanged oldDisplayState=2 newDisplayState=2
10-04 16:55:33.337  7973  7979 W earchbox:search: ApkAssets: Deleting an ApkAssets object '<empty> and /data/app/~~3R7dbyNRQlg3BaQ5yZXKBQ==/com.android.chrome-yS3a_jLK1ZC1fAJnewxsuQ==/base.apk' with 1 weak references
10-04 16:55:33.338  7973  7979 W earchbox:search: ApkAssets: Deleting an ApkAssets object '<empty> and /data/app/~~3R7dbyNRQlg3BaQ5yZXKBQ==/com.android.chrome-yS3a_jLK1ZC1fAJnewxsuQ==/split_auxiliary_search.apk' with 1 weak references
10-04 16:55:33.338  7973  7979 W earchbox:search: ApkAssets: Deleting an ApkAssets object '<empty> and /data/app/~~3R7dbyNRQlg3BaQ5yZXKBQ==/com.android.chrome-yS3a_jLK1ZC1fAJnewxsuQ==/split_cablev2_authenticator.apk' with 1 weak references
10-04 16:55:33.338  7973  7979 W earchbox:search: ApkAssets: Deleting an ApkAssets object '<empty> and /data/app/~~3R7dbyNRQlg3BaQ5yZXKBQ==/com.android.chrome-yS3a_jLK1ZC1fAJnewxsuQ==/split_chrome.apk' with 1 weak references
10-04 16:55:33.338  7973  7979 W earchbox:search: ApkAssets: Deleting an ApkAssets object '<empty> and /data/app/~~3R7dbyNRQlg3BaQ5yZXKBQ==/com.android.chrome-yS3a_jLK1ZC1fAJnewxsuQ==/split_config.en.apk' with 1 weak references
10-04 16:55:33.338  7973  7979 W earchbox:search: ApkAssets: Deleting an ApkAssets object '<empty> and /data/app/~~3R7dbyNRQlg3BaQ5yZXKBQ==/com.android.chrome-yS3a_jLK1ZC1fAJnewxsuQ==/split_dev_ui.apk' with 1 weak references
10-04 16:55:33.338  7973  7979 W earchbox:search: ApkAssets: Deleting an ApkAssets object '<empty> and /data/app/~~3R7dbyNRQlg3BaQ5yZXKBQ==/com.android.chrome-yS3a_jLK1ZC1fAJnewxsuQ==/split_feedv2.apk' with 1 weak references
10-04 16:55:33.339  7973  7979 W earchbox:search: ApkAssets: Deleting an ApkAssets object '<empty> and /data/app/~~3R7dbyNRQlg3BaQ5yZXKBQ==/com.android.chrome-yS3a_jLK1ZC1fAJnewxsuQ==/split_read_aloud_playback.apk' with 1 weak references
10-04 16:55:33.339  7973  7979 W earchbox:search: ApkAssets: Deleting an ApkAssets object '<empty> and /data/app/~~3R7dbyNRQlg3BaQ5yZXKBQ==/com.android.chrome-yS3a_jLK1ZC1fAJnewxsuQ==/split_stack_unwinder.apk' with 1 weak references
10-04 16:55:33.339  7973  7979 W earchbox:search: ApkAssets: Deleting an ApkAssets object '<empty> and /data/app/~~3R7dbyNRQlg3BaQ5yZXKBQ==/com.android.chrome-yS3a_jLK1ZC1fAJnewxsuQ==/split_survey.apk' with 1 weak references
10-04 16:55:33.339  7973  7979 W earchbox:search: ApkAssets: Deleting an ApkAssets object '<empty> and /data/app/~~3R7dbyNRQlg3BaQ5yZXKBQ==/com.android.chrome-yS3a_jLK1ZC1fAJnewxsuQ==/split_test_dummy.apk' with 1 weak references
10-04 16:55:33.339  7973  7979 W earchbox:search: ApkAssets: Deleting an ApkAssets object '<empty> and /data/app/~~tvDIXE7vfg-xz8vzQecZPQ==/com.google.android.trichromelibrary_666808133-D8qNzW6NGoWgv5ZPxUxxAQ==/base.apk' with 1 weak references
10-04 16:55:33.340  7973  7979 W earchbox:search: ApkAssets: Deleting an ApkAssets object '<empty> and /data/app/~~5Dp3SGKALtAGn8kB8ntLZw==/com.google.android.youtube-E_NuDkPor0nFAXHi10UDLQ==/base.apk' with 1 weak references
10-04 16:55:33.341  7973  7979 W earchbox:search: ApkAssets: Deleting an ApkAssets object '<empty> and /data/app/~~5Dp3SGKALtAGn8kB8ntLZw==/com.google.android.youtube-E_NuDkPor0nFAXHi10UDLQ==/split_config.arm64_v8a.apk' with 1 weak references
10-04 16:55:33.341  7973  7979 W earchbox:search: ApkAssets: Deleting an ApkAssets object '<empty> and /data/app/~~5Dp3SGKALtAGn8kB8ntLZw==/com.google.android.youtube-E_NuDkPor0nFAXHi10UDLQ==/split_config.en.apk' with 1 weak references
10-04 16:55:33.341  7973  7979 W earchbox:search: ApkAssets: Deleting an ApkAssets object '<empty> and /data/app/~~5Dp3SGKALtAGn8kB8ntLZw==/com.google.android.youtube-E_NuDkPor0nFAXHi10UDLQ==/split_config.xxhdpi.apk' with 1 weak references
10-04 16:55:33.342  7973  7979 W earchbox:search: ApkAssets: Deleting an ApkAssets object '<empty> and /data/app/~~0fsaRZB5ne4Bhy07QHjX5Q==/com.google.android.apps.youtube.music-YkU0tNSdk9UxN780Q2FhPA==/base.apk' with 1 weak references
10-04 16:55:33.342  7973  7979 W earchbox:search: ApkAssets: Deleting an ApkAssets object '<empty> and /data/app/~~0fsaRZB5ne4Bhy07QHjX5Q==/com.google.android.apps.youtube.music-YkU0tNSdk9UxN780Q2FhPA==/split_config.en.apk' with 1 weak references
10-04 16:55:33.355  1427  1791 D InputReader: Btn_touch(11): value=1 when=89541.823781
10-04 16:55:33.355  1427  1791 I InputReader: Touch event's action is 0x0 (id=3, t=0) [pCnt=1, s=0.694 ] when=89541.823781
10-04 16:55:33.357  1427  1790 I InputDispatcher: Delivering touch to (2042): action: 0x0, f=0x0, d=0, 'e6bbee6', t=1 +(0,-2256)
10-04 16:55:33.357  1427  1790 D PowerManagerService: [api] userActivityFromNative : touch displayId=0 eventTime=89541823
10-04 16:55:33.357  2042  2042 I ViewRootImpl@141c4ca[NavigationBar0]: ViewPostIme pointer 0
10-04 16:55:33.358  1427  1790 D PowerManagerService: UserActivityStateListenerState: 1
10-04 16:55:33.358  1427  1579 I GestureDetector: obtain mCurrentDownEvent. id: 252693429 caller: com.android.server.wm.SystemGesturesPointerEventListener.onPointerEvent:204 com.android.server.wm.PointerEventDispatcher.onInputEvent:53 android.view.InputEventReceiver.dispatchInputEvent:337 
10-04 16:55:33.358  1427  1579 I GestureDetector: obtain mCurrentDownEvent. id: 252693429 caller: com.android.server.wm.SystemPerformancePointerEventListener.onPointerEvent:89 com.android.server.wm.PointerEventDispatcher.onInputEvent:53 android.view.InputEventReceiver.dispatchInputEvent:337 
10-04 16:55:33.359  2042  2323 I KeyButtonView: injectInputEvent - 187
10-04 16:55:33.360  1073  1073 I HWComposer: [4633128672291735937] ActiveConfigToHWC, ID : 0
10-04 16:55:33.360  2042  2042 V Vibrator: semGetSupportedVibrationType: ret=3
10-04 16:55:33.360   975  1036 I display : Set Affinity config for fps(120) : 0, cpuIDs : 255
10-04 16:55:33.360   975  1036 I display : Set Affinity CPU ID : 0
10-04 16:55:33.360   975  1036 I display : Set Affinity CPU ID : 1
10-04 16:55:33.360   975  1036 I display : Set Affinity CPU ID : 2
10-04 16:55:33.360   975  1036 I display : Set Affinity CPU ID : 3
10-04 16:55:33.360   975  1036 I display : Set Affinity CPU ID : 4
10-04 16:55:33.360   975  1036 I display : Set Affinity CPU ID : 5
10-04 16:55:33.360   975  1036 I display : Set Affinity CPU ID : 6
10-04 16:55:33.360   975  1036 I display : Set Affinity CPU ID : 7
10-04 16:55:33.360  1427  2275 D InputDispatcher: Inject key (2042/10043): action=0, f=0x48, d=0, time=89541827000000
10-04 16:55:33.360   975  1036 I display : Set affinity HWC : 975
10-04 16:55:33.360  1427  2275 D WindowManager: interceptKeyTq keycode=187 interactive=true keyguardActive=false policyFlags=2b000002
10-04 16:55:33.360  2042  2042 D SearcleGestureHandler: allowGesture: false
10-04 16:55:33.360   975  1036 I display : CPU set : Cluster(0), min_clock(0)
10-04 16:55:33.360   975  1036 I display : CPU set : Cluster(1), min_clock(0)
10-04 16:55:33.360   975  1036 I display : CPU set : Cluster(2), min_clock(0)
10-04 16:55:33.361  1427  2275 D PhoneWindowManagerExt: setScreenshotEnabled, screenOnFully=true
10-04 16:55:33.361  1073  1073 I LayerHistory: StatusBar$_2042#89 voted 0, 0.00 fps
10-04 16:55:33.361  1427  2275 D SingleKeyGesture: interceptKeyDown, info : KeyCode=KEYCODE_UNKNOWN, size=0
10-04 16:55:33.361  1073  1073 I SurfaceFlinger: Touch Boost - choose 120.00 Hz
10-04 16:55:33.361  1427  2275 D PhoneWindowManagerExt: interceptKeyTq code=187 down=true repeatCount=0 displayId=0 interactive=true
10-04 16:55:33.361  1427  2275 D WindowManager: interceptKeyTq interceptKeyResult=1
10-04 16:55:33.361  1427  2275 D PhoneWindowManagerExt: f.b. a=false id=1 he=true ksno=false uid=1000 callingPackage=android reason=Virtual Key - Press Caller=com.android.server.policy.PhoneWindowManager.performHapticFeedback:7290 com.android.server.policy.PhoneWindowManager.performHapticFeedback:7276 com.android.server.policy.PhoneWindowManager.interceptKeyBeforeQueueing:5593 com.android.server.wm.InputManagerCallback.interceptKeyBeforeQueueing:163 com.android.server.input.InputManagerService.interceptKeyBeforeQueueing:3514 
10-04 16:55:33.361  1427  2275 D VibratorManagerService: vibrate - uid: 1000, opPkg: android, effect: Mono{mEffect=Composed{segments=[SemHaptic{mType=50038, mMagnitude=-1}], repeat=-1, mMagnitudeType=TYPE_TOUCH}}, attrs: VibrationAttributes: Usage=TOUCH Audio Usage= USAGE_UNKNOWN tags= Flags=0, reason: Virtual Key - Press, token: android.os.Binder@4833a84
10-04 16:55:33.361  1427  2275 D VibratorManagerService: converted usage = TOUCH(18)
10-04 16:55:33.362  1427  2275 D VibratorManagerService: semColorfulVibrate : EFFECT_HEAVY_CLICK(14), repeat: -1, usage: TOUCH(18), magnitude: 4000
10-04 16:55:33.362  1427  2275 D VibratorManagerService: Starting vibrate for vibration 312
10-04 16:55:33.363  1427  1775 D SemHapticStep: sepIndex=14, intensity=4000, repeat=false, duration=230
10-04 16:55:33.363  1427  1775 D SemHapticStep: Turning on vibrator 0 for 230ms
10-04 16:55:33.363  1427  1775 D VibratorController: performHapticEngine packetCnt (1).
10-04 16:55:33.363  1427  1790 D WindowManager: interceptKeyTi keyCode=187 down=true repeatCount=0 keyguardOn=false canceled=false
10-04 16:55:33.363  1427  1790 D PhoneWindowManagerExt: interceptKeyTi code=187 down=true repeatCount=0 displayId=0 interactive=true
10-04 16:55:33.364  1427  1579 I GestureDetector: obtain mCurrentMotionEventRaw. action: 2 id: 790244211
10-04 16:55:33.364  1427  1579 I GestureDetector: obtain mCurrentMotionEventRaw. action: 2 id: 790244211
10-04 16:55:33.366  1044  1044 E SecVibrator-HAL-AIDL-EXT: V_3_0: performHapticEngine
10-04 16:55:33.366  1044  1044 E SecVibrator-HAL-AIDL-EXT: V_3_0: performHapticEngine amplitude : 4000
10-04 16:55:33.366  1044  1044 E SecVibrator-HAL-AIDL-EXT: V_3_0: performHapticEngine packet_cnt : 1
10-04 16:55:33.366  1044  1044 E SecVibrator-HAL-AIDL-EXT: V_3_0: performHapticEngine total_size : 4
10-04 16:55:33.366  1044  1044 E SecVibrator-HAL-AIDL-EXT: V_3_0: performHapticEngine : 4 7 4000 2000 1
10-04 16:55:33.366  1044  1044 E SecVibrator-HAL-AIDL-CORE: HW_API: do_on for timeoutMs: 1
10-04 16:55:33.366  1044  1044 E SecVibrator-HAL-AIDL-CORE: HW_API: >> writeNode node:/timed_output/vibrator/enable val:1
10-04 16:55:33.366  1427  1581 D LocalDisplayAdapter: updateActiveModeLocked for d=4633128672291735937, mActiveModeId=1, mActiveSfDisplayMode=DisplayMode{id=0, width=1080, height=2400, xDpi=422.03, yDpi=423.333, refreshRate=120.00001, appVsyncOffsetNanos=0, presentationDeadlineNanos=9333333, supportedHdrTypes=[2, 3, 4], group=0}
10-04 16:55:33.367  1427  1581 I DisplayDeviceRepository: Display device changed: DisplayDeviceInfo{"Built-in Screen": uniqueId="local:4633128672291735937", 1080 x 2400, modeId 1, renderFrameRate 120.00001, defaultModeId 3, supportedModes [{id=1, width=1080, height=2400, fps=120.00001, alternativeRefreshRates=[48.000004, 60.000004, 96.00001], supportedHdrTypes=[2, 3, 4]}, {id=2, width=1080, height=2400, fps=96.00001, alternativeRefreshRates=[48.000004, 60.000004, 120.00001], supportedHdrTypes=[2, 3, 4]}, {id=3, width=1080, height=2400, fps=60.000004, alternativeRefreshRates=[48.000004, 96.00001, 120.00001], supportedHdrTypes=[2, 3, 4]}, {id=4, width=1080, height=2400, fps=48.000004, alternativeRefreshRates=[60.000004, 96.00001, 120.00001], supportedHdrTypes=[2, 3, 4]}], colorMode 0, supportedColorModes [0, 6, 7], hdrCapabilities HdrCapabilities{mSupportedHdrTypes=[2, 3, 4], mMaxLuminance=450.0, mMaxAverageLuminance=120.0, mMinLuminance=5.0E-4}, allmSupported false, gameContentTypeSupported false, density 480, 422.03 x 423.333 dpi, appVsyncOff 0, presDeadline 9333333, cutout DisplayCutout{insets=Rect(0, 80 - 0, 0) waterfall=Insets{left=0, top=0, right=0, bottom=0} boundingRect={Bounds=[Rect(0, 0 - 0, 0), Rect(510, 0 - 570, 80), Rect(0, 0 - 0, 0), Rect(0, 0 - 0, 0)]} cutoutPathParserInfo={CutoutPathParserInfo{displayWidth=1080 displayHeight=2400 physicalDisplayWidth=1080 physicalDisplayHeight=2400 density={3.0} cutoutSpec={M 0,0 H -10 V 26.66666666666667 H 10 V 0 H 0 Z @dp} rotation={0} scale={1.0} physicalPixelDisplaySizeRatio={1.0}}}}, touch INTERNAL, rotation 0, type INTERNAL, address {port=129, model=0x404c2dfae6a049}, deviceProductInfo DeviceProductInfo{name=samsung lcd  , manufacturerPnpId=SAM, productId=0, modelYear=null, manufactureDate=ManufactureDate{week=16, year=2020}, connectionToSinkType=0}, state ON, committedState ON, frameRateOverride , brightnessMinimum 0.0, brightnessMaximum 1.0, brightnessDefault 0.5019608, hdrSdrRatio NaN, roundedCorners RoundedCorners{[RoundedCorner{position=TopLeft, radius=90, center=Point(90, 90)}, RoundedCorner{position=TopRight, radius=90, center=Point(990, 90)}, RoundedCorner{position=BottomRight, radius=90, center=Point(990, 2310)}, RoundedCorner{position=BottomLeft, radius=90, center=Point(90, 2310)}]}, FLAG_ALLOWED_TO_BE_DEFAULT_DISPLAY, FLAG_ROTATES_WITH_CONTENT, FLAG_SECURE, FLAG_SUPPORTS_PROTECTED_BUFFERS, FLAG_TRUSTED, installOrientation 0, displayShape DisplayShape{ spec=-311912193 displayWidth=1080 displayHeight=2400 physicalPixelDisplaySizeRatio=1.0 rotation=0 offsetX=0 offsetY=0 scale=1.0}}
10-04 16:55:33.368  1044  1044 E SecVibrator-HAL-AIDL-CORE: HW_API: << writeNode node OK : 2
10-04 16:55:33.368  1044  1044 E SecVibrator-HAL-AIDL-EXT: V_3_0: performHapticEngine OK
10-04 16:55:33.369   975  1033 I display : doDisplayConfigPostProcess needSetActiveConfig is true - mDesiredConfig: 0
10-04 16:55:33.369   975  1033 I display : setActiveConfig(config=0)
10-04 16:55:33.369   975  1033 I display : next config(0): width=1080 height=2400 period=8333333 Xdpi=422030 Ydpi=423333 groupId=0
10-04 16:55:33.369   975  1033 I display : Current VRR MODE is 3
10-04 16:55:33.369  1073  1212 I VSyncReactor: Current= 60, Period= 120, hwcPeriod= 60
10-04 16:55:33.372  1427  1427 D SGM:GameManager: onDisplayChanged. displyId: 0, state: 2
10-04 16:55:33.372  1427  1427 D MotionRecognitionService: [DisplayListener] getRefreshRate 120.00001
10-04 16:55:33.372  1427  1807 D SGM:FgCheckThread: onLooperPrepared(), msg: MSG_LCD_ON
10-04 16:55:33.372  1427  3269 D LiftUpHandler: [LTW] Stopped already.
10-04 16:55:33.373  1427  1581 D DisplayManagerService: Ignore redundant display event 0/2 to 10251/5386
10-04 16:55:33.373  1427  1828 D MotionRecognitionService: Inject RefreshRate: 120
10-04 16:55:33.373  1427  1581 D DisplayManagerService: Ignore redundant display event 0/2 to 10273/10149
10-04 16:55:33.373  1427  1581 D DisplayManagerService: Ignore redundant display event 0/2 to 10235/10150
10-04 16:55:33.373  2042  2164 I ViewRootImpl@e11db90[ShellDropTarget]: onDisplayChanged oldDisplayState=2 newDisplayState=2
10-04 16:55:33.373  1427  1828 D SensorService: setSContextDataLocked ints length 3 , byte length 8
10-04 16:55:33.373  1427  1828 D SensorService: setSContextDataLocked 100048c1
10-04 16:55:33.373  2042  3044 I ViewRootImpl@3eb5874[ScreenDecorOverlay]: onDisplayChanged oldDisplayState=2 newDisplayState=2
10-04 16:55:33.373  2042  3044 I ViewRootImpl@403463c[ScreenDecorOverlayBottom]: onDisplayChanged oldDisplayState=2 newDisplayState=2
10-04 16:55:33.373   986   986 D Sensors : c1 48 00 10 78 00 00 00  
10-04 16:55:33.373   986   986 E Sensors : inject_scontext_data: New ssp_data_injection_fd(44)
10-04 16:55:33.374  2453  2453 I ViewRootImpl@93f9b16[LauncherActivity]: onDisplayChanged oldDisplayState=2 newDisplayState=2
10-04 16:55:33.374  2453  2453 I ViewRootImpl@ec6b24c[RecentsTransitionOverlay]: onDisplayChanged oldDisplayState=2 newDisplayState=2
10-04 16:55:33.374  2453  2453 I ViewRootImpl@1f7ce54[RecentsActivity]: onDisplayChanged oldDisplayState=2 newDisplayState=2
10-04 16:55:33.374  2453  2453 I ViewRootImpl@4145d62[CocktailBarService]: onDisplayChanged oldDisplayState=2 newDisplayState=2
10-04 16:55:33.375   986   986 D Sensors : SContext Data Injection return 8
10-04 16:55:33.375  2453 12445 I HoneySpace.RefreshRateSource: singleFrameMs 8
10-04 16:55:33.375  5004  5004 I ViewRootImpl@66715da[InputMethod]: onDisplayChanged oldDisplayState=2 newDisplayState=2
10-04 16:55:33.375  1427  1581 D RefreshRateModeManager: updateDefaultDisplayToken: android.os.BinderProxy@98275e5, isChanged: false
10-04 16:55:33.376  1427  1427 D AODManagerService: requestReCalToTSP IsSingleTouchMode = falserequestedReCalToTSP = false / previousDisplayState = ON
10-04 16:55:33.377  7973  7973 I ViewRootImpl@12a5813[0 fl=}]: onDisplayChanged oldDisplayState=2 newDisplayState=2
10-04 16:55:33.378  2042  2042 D DisplayLifecycle: updateDisplay id = 0
10-04 16:55:33.378  2042  2042 I ViewRootImpl@3eae354[LockscreenShortcutBlur]: onDisplayChanged oldDisplayState=2 newDisplayState=2
10-04 16:55:33.378  2042  2042 I ViewRootImpl@141c4ca[NavigationBar0]: onDisplayChanged oldDisplayState=2 newDisplayState=2
10-04 16:55:33.378  2042  2042 I ViewRootImpl@b9445ae[NotificationShade]: onDisplayChanged oldDisplayState=2 newDisplayState=2
10-04 16:55:33.378  2042  2042 I ViewRootImpl@16e3a3f[StatusBar]: onDisplayChanged oldDisplayState=2 newDisplayState=2
10-04 16:55:33.378  2042  2042 I ViewRootImpl@5f21614[Bouncer]: onDisplayChanged oldDisplayState=2 newDisplayState=2
10-04 16:55:33.378  2042  2042 I ViewRootImpl@810f88a[KeyguardBiometricToastView]: onDisplayChanged oldDisplayState=2 newDisplayState=2
10-04 16:55:33.378 16972 16972 I ViewRootImpl@56e8b21[MainActivity]: onDisplayChanged oldDisplayState=2 newDisplayState=2
10-04 16:55:33.378  2042  2247 D StackScroller: onDisplayChanged for predraw skip to 2
10-04 16:55:33.385   975  1033 I display : config 16666666, desired 8333333
10-04 16:55:33.385  1073  1212 I VSyncReactor: Current= 60, Period= 120, hwcPeriod= 60
10-04 16:55:33.402  1073  1212 I VSyncReactor: Current= 60, Period= 120, hwcPeriod= 60
10-04 16:55:33.418  1073  1212 I VSyncReactor: Current= 60, Period= 120, hwcPeriod= 120
10-04 16:55:33.421  1427  1791 D InputReader: Btn_touch(11): value=0 when=89541.890496
10-04 16:55:33.421  1427  1791 I InputReader: Touch event's action is 0x1 (id=3, t=0) [pCnt=1, s=] when=89541.890496
10-04 16:55:33.422  2042  2042 I ViewRootImpl@141c4ca[NavigationBar0]: ViewPostIme pointer 1
10-04 16:55:33.422  1427  1790 I InputDispatcher: Delivering touch to (2042): action: 0x1, f=0x0, d=0, 'e6bbee6', t=1 +(0,-2256)
10-04 16:55:33.423  2042  2323 I KeyButtonView: injectInputEvent - 187
10-04 16:55:33.423  1427  7972 D InputDispatcher: Inject key (2042/10043): action=1, f=0x48, d=0, time=89541891000000
10-04 16:55:33.423  1427  7972 D WindowManager: interceptKeyTq keycode=187 interactive=true keyguardActive=false policyFlags=2b000002
10-04 16:55:33.424  1427  7972 D SingleKeyGesture: interceptKeyUp, longPress=false info : KeyCode=KEYCODE_UNKNOWN, size=0
10-04 16:55:33.424  1427  7972 D SingleKeyGesture: interceptKeyUp, mActiveRule is null
10-04 16:55:33.424  1427  7972 D PhoneWindowManagerExt: interceptKeyTq code=187 down=false repeatCount=0 displayId=0 interactive=true
10-04 16:55:33.424  1427  7972 D WindowManager: interceptKeyTq interceptKeyResult=1
10-04 16:55:33.424  1427  1790 D WindowManager: interceptKeyTi keyCode=187 down=false repeatCount=0 keyguardOn=false canceled=false
10-04 16:55:33.424  1427  1790 D PhoneWindowManagerExt: interceptKeyTi code=187 down=false repeatCount=0 displayId=0 interactive=true
10-04 16:55:33.424  1427  1790 D WindowManager: toggleRecentApps displayId=0
10-04 16:55:33.425  2453  7396 I HoneySpace.TISBinder: onOverviewToggle
10-04 16:55:33.425  2453  2585 I HoneySpace.TISBinder: onOverviewToggle - invoke event
10-04 16:55:33.425  2453 15403 I HoneySpace.OverviewEventHandler: OverviewToggleEvent: false / true
10-04 16:55:33.427  2453 15403 I HoneySpace.OverviewEventHandler: closeSystemWindow
10-04 16:55:33.427  2453 15403 I HoneySpace.OverviewEventHandler: send RecentsToggleEvent : true false
10-04 16:55:33.427  2453  2453 I HoneySpace.TaskListViewModel: updateHomeIsOnTop: false
10-04 16:55:33.427  2453  2453 I HoneySpace.GestureRecentViewControllerImpl: loadTaskList() childCount: 0
10-04 16:55:33.427  2453  2453 I HoneySpace.GestureInputHandler: RecentsToggleEvent
10-04 16:55:33.427  2453  2453 I HoneySpace.GestureInputHandler: toggleRecents() called
10-04 16:55:33.430  2453 12442 I HoneySpace.TaskListViewModel: registerSensorListener: sensor = {Sensor name="AutoRotation Sensor", vendor="Samsung Electronics", version=16, type=27, maxRange=255.0, resolution=1.0, power=0.001, minDelay=0}
10-04 16:55:33.432  3928  3928 W ContextImpl: Calling a method in the system process without a qualified user: android.app.ContextImpl.startService:1960 android.content.ContextWrapper.startService:842 android.content.ContextWrapper.startService:842 com.sec.android.diagmonagent.sa.receiver.CFLogReceiver.a:17 com.sec.android.diagmonagent.sa.receiver.CFLogReceiver.onReceive:40 
